../Core/Src/main.c:63:5:main	40	static,ignoring_inline_asm
../Core/Src/main.c:129:6:SystemClock_Config	88	static
../Core/Src/main.c:176:13:MX_GPIO_Init	56	static
../Core/Src/main.c:321:6:switch_priority	32	static
../Core/Src/main.c:349:13:led_green_handler	16	static
../Core/Src/main.c:360:13:led_blue_handler	16	static
../Core/Src/main.c:374:6:button_interrupt_handler	8	static
../Core/Src/main.c:390:6:HAL_TIM_PeriodElapsedCallback	16	static
../Core/Src/main.c:408:6:Error_Handler	4	static,ignoring_inline_asm
