Archive member included to satisfy reference by file (symbol)

C:/ST/STM32CubeIDE_2.0.0/STM32CubeIDE/plugins/com.st.stm32cube.ide.mcu.externaltools.gnu-tools-for-stm32.13.3.rel1.win32_1.0.100.202509120712/tools/bin/../lib/gcc/arm-none-eabi/13.3.1/../../../../arm-none-eabi/lib/thumb/v7e-m+fp/hard\libc_nano.a(libc_a-exit.o)
                              C:/ST/STM32CubeIDE_2.0.0/STM32CubeIDE/plugins/com.st.stm32cube.ide.mcu.externaltools.gnu-tools-for-stm32.13.3.rel1.win32_1.0.100.202509120712/tools/bin/../lib/gcc/arm-none-eabi/13.3.1/../../../../arm-none-eabi/lib/thumb/v7e-m+fp/hard/crt0.o (exit)
C:/ST/STM32CubeIDE_2.0.0/STM32CubeIDE/plugins/com.st.stm32cube.ide.mcu.externaltools.gnu-tools-for-stm32.13.3.rel1.win32_1.0.100.202509120712/tools/bin/../lib/gcc/arm-none-eabi/13.3.1/../../../../arm-none-eabi/lib/thumb/v7e-m+fp/hard\libc_nano.a(libc_a-findfp.o)
                              C:/ST/STM32CubeIDE_2.0.0/STM32CubeIDE/plugins/com.st.stm32cube.ide.mcu.externaltools.gnu-tools-for-stm32.13.3.rel1.win32_1.0.100.202509120712/tools/bin/../lib/gcc/arm-none-eabi/13.3.1/../../../../arm-none-eabi/lib/thumb/v7e-m+fp/hard\libc_nano.a(libc_a-exit.o) (__stdio_exit_handler)
C:/ST/STM32CubeIDE_2.0.0/STM32CubeIDE/plugins/com.st.stm32cube.ide.mcu.externaltools.gnu-tools-for-stm32.13.3.rel1.win32_1.0.100.202509120712/tools/bin/../lib/gcc/arm-none-eabi/13.3.1/../../../../arm-none-eabi/lib/thumb/v7e-m+fp/hard\libc_nano.a(libc_a-fwalk.o)
                              C:/ST/STM32CubeIDE_2.0.0/STM32CubeIDE/plugins/com.st.stm32cube.ide.mcu.externaltools.gnu-tools-for-stm32.13.3.rel1.win32_1.0.100.202509120712/tools/bin/../lib/gcc/arm-none-eabi/13.3.1/../../../../arm-none-eabi/lib/thumb/v7e-m+fp/hard\libc_nano.a(libc_a-findfp.o) (_fwalk_sglue)
C:/ST/STM32CubeIDE_2.0.0/STM32CubeIDE/plugins/com.st.stm32cube.ide.mcu.externaltools.gnu-tools-for-stm32.13.3.rel1.win32_1.0.100.202509120712/tools/bin/../lib/gcc/arm-none-eabi/13.3.1/../../../../arm-none-eabi/lib/thumb/v7e-m+fp/hard\libc_nano.a(libc_a-printf.o)
                              ./Core/Src/main.o (printf)
C:/ST/STM32CubeIDE_2.0.0/STM32CubeIDE/plugins/com.st.stm32cube.ide.mcu.externaltools.gnu-tools-for-stm32.13.3.rel1.win32_1.0.100.202509120712/tools/bin/../lib/gcc/arm-none-eabi/13.3.1/../../../../arm-none-eabi/lib/thumb/v7e-m+fp/hard\libc_nano.a(libc_a-stdio.o)
                              C:/ST/STM32CubeIDE_2.0.0/STM32CubeIDE/plugins/com.st.stm32cube.ide.mcu.externaltools.gnu-tools-for-stm32.13.3.rel1.win32_1.0.100.202509120712/tools/bin/../lib/gcc/arm-none-eabi/13.3.1/../../../../arm-none-eabi/lib/thumb/v7e-m+fp/hard\libc_nano.a(libc_a-findfp.o) (__sread)
C:/ST/STM32CubeIDE_2.0.0/STM32CubeIDE/plugins/com.st.stm32cube.ide.mcu.externaltools.gnu-tools-for-stm32.13.3.rel1.win32_1.0.100.202509120712/tools/bin/../lib/gcc/arm-none-eabi/13.3.1/../../../../arm-none-eabi/lib/thumb/v7e-m+fp/hard\libc_nano.a(libc_a-memset.o)
                              C:/ST/STM32CubeIDE_2.0.0/STM32CubeIDE/plugins/com.st.stm32cube.ide.mcu.externaltools.gnu-tools-for-stm32.13.3.rel1.win32_1.0.100.202509120712/tools/bin/../lib/gcc/arm-none-eabi/13.3.1/../../../../arm-none-eabi/lib/thumb/v7e-m+fp/hard/crt0.o (memset)
C:/ST/STM32CubeIDE_2.0.0/STM32CubeIDE/plugins/com.st.stm32cube.ide.mcu.externaltools.gnu-tools-for-stm32.13.3.rel1.win32_1.0.100.202509120712/tools/bin/../lib/gcc/arm-none-eabi/13.3.1/../../../../arm-none-eabi/lib/thumb/v7e-m+fp/hard\libc_nano.a(libc_a-closer.o)
                              C:/ST/STM32CubeIDE_2.0.0/STM32CubeIDE/plugins/com.st.stm32cube.ide.mcu.externaltools.gnu-tools-for-stm32.13.3.rel1.win32_1.0.100.202509120712/tools/bin/../lib/gcc/arm-none-eabi/13.3.1/../../../../arm-none-eabi/lib/thumb/v7e-m+fp/hard\libc_nano.a(libc_a-stdio.o) (_close_r)
C:/ST/STM32CubeIDE_2.0.0/STM32CubeIDE/plugins/com.st.stm32cube.ide.mcu.externaltools.gnu-tools-for-stm32.13.3.rel1.win32_1.0.100.202509120712/tools/bin/../lib/gcc/arm-none-eabi/13.3.1/../../../../arm-none-eabi/lib/thumb/v7e-m+fp/hard\libc_nano.a(libc_a-reent.o)
                              C:/ST/STM32CubeIDE_2.0.0/STM32CubeIDE/plugins/com.st.stm32cube.ide.mcu.externaltools.gnu-tools-for-stm32.13.3.rel1.win32_1.0.100.202509120712/tools/bin/../lib/gcc/arm-none-eabi/13.3.1/../../../../arm-none-eabi/lib/thumb/v7e-m+fp/hard\libc_nano.a(libc_a-closer.o) (errno)
C:/ST/STM32CubeIDE_2.0.0/STM32CubeIDE/plugins/com.st.stm32cube.ide.mcu.externaltools.gnu-tools-for-stm32.13.3.rel1.win32_1.0.100.202509120712/tools/bin/../lib/gcc/arm-none-eabi/13.3.1/../../../../arm-none-eabi/lib/thumb/v7e-m+fp/hard\libc_nano.a(libc_a-impure.o)
                              C:/ST/STM32CubeIDE_2.0.0/STM32CubeIDE/plugins/com.st.stm32cube.ide.mcu.externaltools.gnu-tools-for-stm32.13.3.rel1.win32_1.0.100.202509120712/tools/bin/../lib/gcc/arm-none-eabi/13.3.1/../../../../arm-none-eabi/lib/thumb/v7e-m+fp/hard\libc_nano.a(libc_a-printf.o) (_impure_ptr)
[...]
Memory Configuration

Name             Origin             Length             Attributes
CCMRAM           0x10000000         0x00010000         xrw
RAM              0x20000000         0x00020000         xrw
FLASH            0x08000000         0x00100000         xr
*default*        0x00000000         0xffffffff

Linker script and memory map

LOAD C:/ST/STM32CubeIDE_2.0.0/STM32CubeIDE/plugins/com.st.stm32cube.ide.mcu.externaltools.gnu-tools-for-stm32.13.3.rel1.win32_1.0.100.202509120712/tools/bin/../lib/gcc/arm-none-eabi/13.3.1/thumb/v7e-m+fp/hard/crti.o
LOAD C:/ST/STM32CubeIDE_2.0.0/STM32CubeIDE/plugins/com.st.stm32cube.ide.mcu.externaltools.gnu-tools-for-stm32.13.3.rel1.win32_1.0.100.202509120712/tools/bin/../lib/gcc/arm-none-eabi/13.3.1/thumb/v7e-m+fp/hard/crtbegin.o
LOAD C:/ST/STM32CubeIDE_2.0.0/STM32CubeIDE/plugins/com.st.stm32cube.ide.mcu.externaltools.gnu-tools-for-stm32.13.3.rel1.win32_1.0.100.202509120712/tools/bin/../lib/gcc/arm-none-eabi/13.3.1/../../../../arm-none-eabi/lib/thumb/v7e-m+fp/hard/crt0.o
LOAD ./Core/Src/main.o
LOAD ./Core/Src/stm32f4xx_hal_msp.o
LOAD ./Core/Src/stm32f4xx_hal_timebase_tim.o
LOAD ./Core/Src/stm32f4xx_it.o
LOAD ./Core/Src/syscalls.o
LOAD ./Core/Src/sysmem.o
LOAD ./Core/Src/system_stm32f4xx.o
LOAD ./Core/Startup/startup_stm32f407vgtx.o
LOAD ./Drivers/STM32F4xx_HAL_Driver/Src/stm32f4xx_hal.o
LOAD ./Drivers/STM32F4xx_HAL_Driver/Src/stm32f4xx_hal_cortex.o
LOAD ./Drivers/STM32F4xx_HAL_Driver/Src/stm32f4xx_hal_dma.o
LOAD ./Drivers/STM32F4xx_HAL_Driver/Src/stm32f4xx_hal_dma_ex.o
LOAD ./Drivers/STM32F4xx_HAL_Driver/Src/stm32f4xx_hal_exti.o
LOAD ./Drivers/STM32F4xx_HAL_Driver/Src/stm32f4xx_hal_flash.o
LOAD ./Drivers/STM32F4xx_HAL_Driver/Src/stm32f4xx_hal_flash_ex.o
LOAD ./Drivers/STM32F4xx_HAL_Driver/Src/stm32f4xx_hal_flash_ramfunc.o
LOAD ./Drivers/STM32F4xx_HAL_Driver/Src/stm32f4xx_hal_gpio.o
LOAD ./Drivers/STM32F4xx_HAL_Driver/Src/stm32f4xx_hal_pwr.o
LOAD ./Drivers/STM32F4xx_HAL_Driver/Src/stm32f4xx_hal_pwr_ex.o
LOAD ./Drivers/STM32F4xx_HAL_Driver/Src/stm32f4xx_hal_rcc.o
LOAD ./Drivers/STM32F4xx_HAL_Driver/Src/stm32f4xx_hal_rcc_ex.o
LOAD ./Drivers/STM32F4xx_HAL_Driver/Src/stm32f4xx_hal_tim.o
LOAD ./Drivers/STM32F4xx_HAL_Driver/Src/stm32f4xx_hal_tim_ex.o
LOAD ./FreeRTOS/croutine.o
LOAD ./FreeRTOS/event_groups.o
LOAD ./FreeRTOS/list.o
LOAD ./FreeRTOS/queue.o
LOAD ./FreeRTOS/stream_buffer.o
LOAD ./FreeRTOS/tasks.o
LOAD ./FreeRTOS/timers.o
LOAD ./FreeRTOS/portable/GCC/ARM_CM4F/port.o
LOAD ./FreeRTOS/portable/MemMang/heap_4.o
START GROUP
LOAD C:/ST/STM32CubeIDE_2.0.0/STM32CubeIDE/plugins/com.st.stm32cube.ide.mcu.externaltools.gnu-tools-for-stm32.13.3.rel1.win32_1.0.100.202509120712/tools/bin/../lib/gcc/arm-none-eabi/13.3.1/../../../../arm-none-eabi/lib/thumb/v7e-m+fp/hard\libc_nano.a
LOAD C:/ST/STM32CubeIDE_2.0.0/STM32CubeIDE/plugins/com.st.stm32cube.ide.mcu.externaltools.gnu-tools-for-stm32.13.3.rel1.win32_1.0.100.202509120712/tools/bin/../lib/gcc/arm-none-eabi/13.3.1/../../../../arm-none-eabi/lib/thumb/v7e-m+fp/hard\libm.a
END GROUP
START GROUP
LOAD C:/ST/STM32CubeIDE_2.0.0/STM32CubeIDE/plugins/com.st.stm32cube.ide.mcu.externaltools.gnu-tools-for-stm32.13.3.rel1.win32_1.0.100.202509120712/tools/bin/../lib/gcc/arm-none-eabi/13.3.1/thumb/v7e-m+fp/hard\libgcc.a
LOAD C:/ST/STM32CubeIDE_2.0.0/STM32CubeIDE/plugins/com.st.stm32cube.ide.mcu.externaltools.gnu-tools-for-stm32.13.3.rel1.win32_1.0.100.202509120712/tools/bin/../lib/gcc/arm-none-eabi/13.3.1/../../../../arm-none-eabi/lib/thumb/v7e-m+fp/hard\libc_nano.a
END GROUP
START GROUP
LOAD C:/ST/STM32CubeIDE_2.0.0/STM32CubeIDE/plugins/com.st.stm32cube.ide.mcu.externaltools.gnu-tools-for-stm32.13.3.rel1.win32_1.0.100.202509120712/tools/bin/../lib/gcc/arm-none-eabi/13.3.1/thumb/v7e-m+fp/hard\libgcc.a
LOAD C:/ST/STM32CubeIDE_2.0.0/STM32CubeIDE/plugins/com.st.stm32cube.ide.mcu.externaltools.gnu-tools-for-stm32.13.3.rel1.win32_1.0.100.202509120712/tools/bin/../lib/gcc/arm-none-eabi/13.3.1/../../../../arm-none-eabi/lib/thumb/v7e-m+fp/hard\libc_nano.a
LOAD C:/ST/STM32CubeIDE_2.0.0/STM32CubeIDE/plugins/com.st.stm32cube.ide.mcu.externaltools.gnu-tools-for-stm32.13.3.rel1.win32_1.0.100.202509120712/tools/bin/../lib/gcc/arm-none-eabi/13.3.1/../../../../arm-none-eabi/lib/thumb/v7e-m+fp/hard\libnosys.a
END GROUP
START GROUP
LOAD C:/ST/STM32CubeIDE_2.0.0/STM32CubeIDE/plugins/com.st.stm32cube.ide.mcu.externaltools.gnu-tools-for-stm32.13.3.rel1.win32_1.0.100.202509120712/tools/bin/../lib/gcc/arm-none-eabi/13.3.1/thumb/v7e-m+fp/hard\libgcc.a
LOAD C:/ST/STM32CubeIDE_2.0.0/STM32CubeIDE/plugins/com.st.stm32cube.ide.mcu.externaltools.gnu-tools-for-stm32.13.3.rel1.win32_1.0.100.202509120712/tools/bin/../lib/gcc/arm-none-eabi/13.3.1/../../../../arm-none-eabi/lib/thumb/v7e-m+fp/hard\libc_nano.a
LOAD C:/ST/STM32CubeIDE_2.0.0/STM32CubeIDE/plugins/com.st.stm32cube.ide.mcu.externaltools.gnu-tools-for-stm32.13.3.rel1.win32_1.0.100.202509120712/tools/bin/../lib/gcc/arm-none-eabi/13.3.1/../../../../arm-none-eabi/lib/thumb/v7e-m+fp/hard\libnosys.a
END GROUP
LOAD C:/ST/STM32CubeIDE_2.0.0/STM32CubeIDE/plugins/com.st.stm32cube.ide.mcu.externaltools.gnu-tools-for-stm32.13.3.rel1.win32_1.0.100.202509120712/tools/bin/../lib/gcc/arm-none-eabi/13.3.1/thumb/v7e-m+fp/hard/crtend.o
LOAD C:/ST/STM32CubeIDE_2.0.0/STM32CubeIDE/plugins/com.st.stm32cube.ide.mcu.externaltools.gnu-tools-for-stm32.13.3.rel1.win32_1.0.100.202509120712/tools/bin/../lib/gcc/arm-none-eabi/13.3.1/thumb/v7e-m+fp/hard/crtn.o
                0x20020000                        _estack = (ORIGIN (RAM) + LENGTH (RAM))
                0x00000200                        _Min_Heap_Size = 0x200
                0x00000400                        _Min_Stack_Size = 0x400

.isr_vector     0x08000000      0x188
                0x08000000                        . = ALIGN (0x4)
 *(.isr_vector)
 .isr_vector    0x08000000      0x188 ./Core/Startup/startup_stm32f407vgtx.o
                0x08000000                g_pfnVectors
                0x08000188                        . = ALIGN (0x4)

.text           0x08000190     0x5664
                0x08000190                        . = ALIGN (0x4)
 *(.text)
 .text          0x08000190       0x40 C:/ST/STM32CubeIDE_2.0.0/STM32CubeIDE/plugins/com.st.stm32cube.ide.mcu.externaltools.gnu-tools-for-stm32.13.3.rel1.win32_1.0.100.202509120712/tools/bin/../lib/gcc/arm-none-eabi/13.3.1/thumb/v7e-m+fp/hard/crtbegin.o
 .text          0x080001d0       0xa0 C:/ST/STM32CubeIDE_2.0.0/STM32CubeIDE/plugins/com.st.stm32cube.ide.mcu.externaltools.gnu-tools-for-stm32.13.3.rel1.win32_1.0.100.202509120712/tools/bin/../lib/gcc/arm-none-eabi/13.3.1/../../../../arm-none-eabi/lib/thumb/v7e-m+fp/hard\libc_nano.a(libc_a-memchr.o)
                0x080001d0                memchr
 .text          0x08000270       0x30 C:/ST/STM32CubeIDE_2.0.0/STM32CubeIDE/plugins/com.st.stm32cube.ide.mcu.externaltools.gnu-tools-for-stm32.13.3.rel1.win32_1.0.100.202509120712/tools/bin/../lib/gcc/arm-none-eabi/13.3.1/thumb/v7e-m+fp/hard\libgcc.a(_aeabi_uldivmod.o)
                0x08000270                __aeabi_uldivmod
 .text          0x080002a0      0x2f8 C:/ST/STM32CubeIDE_2.0.0/STM32CubeIDE/plugins/com.st.stm32cube.ide.mcu.externaltools.gnu-tools-for-stm32.13.3.rel1.win32_1.0.100.202509120712/tools/bin/../lib/gcc/arm-none-eabi/13.3.1/thumb/v7e-m+fp/hard\libgcc.a(_udivmoddi4.o)
                0x080002a0                __udivmoddi4
 .text          0x08000598        0x4 C:/ST/STM32CubeIDE_2.0.0/STM32CubeIDE/plugins/com.st.stm32cube.ide.mcu.externaltools.gnu-tools-for-stm32.13.3.rel1.win32_1.0.100.202509120712/tools/bin/../lib/gcc/arm-none-eabi/13.3.1/thumb/v7e-m+fp/hard\libgcc.a(_dvmd_tls.o)
                0x08000598                __aeabi_idiv0
                0x08000598                __aeabi_ldiv0
 *(.text*)
 .text.main     0x0800059c       0xac ./Core/Src/main.o
                0x0800059c                main
 .text.SystemClock_Config
                0x08000648       0xd4 ./Core/Src/main.o
                0x08000648                SystemClock_Config
 .text.MX_GPIO_Init
                0x0800071c      0x2bc ./Core/Src/main.o
 .text.task1_handler
                0x080009d8       0x34 ./Core/Src/main.o
 .text.task2_handler
                0x08000a0c       0x34 ./Core/Src/main.o
 .text.HAL_TIM_PeriodElapsedCallback
                0x08000a40       0x24 ./Core/Src/main.o
                0x08000a40                HAL_TIM_PeriodElapsedCallback
 .text.Error_Handler
                0x08000a64        0xc ./Core/Src/main.o
                0x08000a64                Error_Handler
 .text.HAL_MspInit
                0x08000a70       0x50 ./Core/Src/stm32f4xx_hal_msp.o
                0x08000a70                HAL_MspInit
 .text.HAL_InitTick
                0x08000ac0       0xf8 ./Core/Src/stm32f4xx_hal_timebase_tim.o
                0x08000ac0                HAL_InitTick
 .text.NMI_Handler
                0x08000bb8        0x8 ./Core/Src/stm32f4xx_it.o
                0x08000bb8                NMI_Handler
 .text.HardFault_Handler
                0x08000bc0        0x8 ./Core/Src/stm32f4xx_it.o
                0x08000bc0                HardFault_Handler
 .text.MemManage_Handler
                0x08000bc8        0x8 ./Core/Src/stm32f4xx_it.o
                0x08000bc8                MemManage_Handler
 .text.BusFault_Handler
                0x08000bd0        0x8 ./Core/Src/stm32f4xx_it.o
                0x08000bd0                BusFault_Handler
 .text.UsageFault_Handler
                0x08000bd8        0x8 ./Core/Src/stm32f4xx_it.o
                0x08000bd8                UsageFault_Handler
 .text.DebugMon_Handler
                0x08000be0        0xe ./Core/Src/stm32f4xx_it.o
                0x08000be0                DebugMon_Handler
 *fill*         0x08000bee        0x2 
 .text.TIM6_DAC_IRQHandler
                0x08000bf0       0x14 ./Core/Src/stm32f4xx_it.o
                0x08000bf0                TIM6_DAC_IRQHandler
 .text.ITM_SendChar
                0x08000c04       0x50 ./Core/Src/syscalls.o
                0x08000c04                ITM_SendChar
 .text._read    0x08000c54       0x3a ./Core/Src/syscalls.o
                0x08000c54                _read
 .text._write   0x08000c8e       0x38 ./Core/Src/syscalls.o
                0x08000c8e                _write
 .text._close   0x08000cc6       0x18 ./Core/Src/syscalls.o
                0x08000cc6                _close
 .text._fstat   0x08000cde       0x20 ./Core/Src/syscalls.o
                0x08000cde                _fstat
 .text._isatty  0x08000cfe       0x16 ./Core/Src/syscalls.o
                0x08000cfe                _isatty
 .text._lseek   0x08000d14       0x1a ./Core/Src/syscalls.o
                0x08000d14                _lseek
 *fill*         0x08000d2e        0x2 
 .text._sbrk    0x08000d30       0x6c ./Core/Src/sysmem.o
                0x08000d30                _sbrk
 .text.SystemInit
                0x08000d9c       0x24 ./Core/Src/system_stm32f4xx.o
                0x08000d9c                SystemInit
 .text.Reset_Handler
                0x08000dc0       0x50 ./Core/Startup/startup_stm32f407vgtx.o
                0x08000dc0                Reset_Handler
 .text.Default_Handler
                0x08000e10        0x2 ./Core/Startup/startup_stm32f407vgtx.o
                0x08000e10                RTC_Alarm_IRQHandler
                0x08000e10                HASH_RNG_IRQHandler
                0x08000e10                EXTI2_IRQHandler
                0x08000e10                TIM8_CC_IRQHandler
                0x08000e10                TIM1_CC_IRQHandler
                0x08000e10                DMA2_Stream5_IRQHandler
                0x08000e10                DMA1_Stream5_IRQHandler
                0x08000e10                PVD_IRQHandler
                0x08000e10                SDIO_IRQHandler
                0x08000e10                TAMP_STAMP_IRQHandler
                0x08000e10                CAN2_RX1_IRQHandler
                0x08000e10                EXTI3_IRQHandler
                0x08000e10                TIM8_TRG_COM_TIM14_IRQHandler
                0x08000e10                TIM1_UP_TIM10_IRQHandler
                0x08000e10                TIM8_UP_TIM13_IRQHandler
                0x08000e10                I2C3_ER_IRQHandler
                0x08000e10                EXTI0_IRQHandler
                0x08000e10                I2C2_EV_IRQHandler
                0x08000e10                DMA1_Stream2_IRQHandler
                0x08000e10                CAN1_RX0_IRQHandler
                0x08000e10                FPU_IRQHandler
                0x08000e10                OTG_HS_WKUP_IRQHandler
                0x08000e10                CAN2_SCE_IRQHandler
                0x08000e10                DMA2_Stream2_IRQHandler
                0x08000e10                SPI1_IRQHandler
                0x08000e10                TIM1_BRK_TIM9_IRQHandler
                0x08000e10                DCMI_IRQHandler
                0x08000e10                CAN2_RX0_IRQHandler
                0x08000e10                DMA2_Stream3_IRQHandler
                0x08000e10                USART6_IRQHandler
                0x08000e10                USART3_IRQHandler
                0x08000e10                CAN1_RX1_IRQHandler
                0x08000e10                UART5_IRQHandler
                0x08000e10                DMA2_Stream0_IRQHandler
                0x08000e10                TIM4_IRQHandler
                0x08000e10                I2C1_EV_IRQHandler
                0x08000e10                DMA1_Stream6_IRQHandler
                0x08000e10                DMA1_Stream1_IRQHandler
                0x08000e10                UART4_IRQHandler
                0x08000e10                TIM3_IRQHandler
                0x08000e10                RCC_IRQHandler
                0x08000e10                TIM8_BRK_TIM12_IRQHandler
                0x08000e10                Default_Handler
                0x08000e10                EXTI15_10_IRQHandler
                0x08000e10                ADC_IRQHandler
                0x08000e10                DMA1_Stream7_IRQHandler
                0x08000e10                TIM7_IRQHandler
                0x08000e10                CAN2_TX_IRQHandler
                0x08000e10                TIM5_IRQHandler
                0x08000e10                DMA2_Stream7_IRQHandler
                0x08000e10                I2C3_EV_IRQHandler
                0x08000e10                EXTI9_5_IRQHandler
                0x08000e10                RTC_WKUP_IRQHandler
                0x08000e10                ETH_WKUP_IRQHandler
                0x08000e10                SPI2_IRQHandler
                0x08000e10                OTG_HS_EP1_IN_IRQHandler
                0x08000e10                DMA1_Stream0_IRQHandler
                0x08000e10                CAN1_TX_IRQHandler
                0x08000e10                EXTI4_IRQHandler
                0x08000e10                FSMC_IRQHandler
                0x08000e10                ETH_IRQHandler
                0x08000e10                OTG_HS_EP1_OUT_IRQHandler
                0x08000e10                WWDG_IRQHandler
                0x08000e10                TIM2_IRQHandler
                0x08000e10                OTG_FS_WKUP_IRQHandler
                0x08000e10                TIM1_TRG_COM_TIM11_IRQHandler
                0x08000e10                OTG_HS_IRQHandler
                0x08000e10                EXTI1_IRQHandler
                0x08000e10                USART2_IRQHandler
                0x08000e10                I2C2_ER_IRQHandler
                0x08000e10                DMA2_Stream1_IRQHandler
                0x08000e10                CAN1_SCE_IRQHandler
                0x08000e10                FLASH_IRQHandler
                0x08000e10                DMA2_Stream4_IRQHandler
                0x08000e10                USART1_IRQHandler
                0x08000e10                OTG_FS_IRQHandler
                0x08000e10                SPI3_IRQHandler
                0x08000e10                DMA1_Stream4_IRQHandler
                0x08000e10                I2C1_ER_IRQHandler
                0x08000e10                DMA2_Stream6_IRQHandler
                0x08000e10                DMA1_Stream3_IRQHandler
 *fill*         0x08000e12        0x2 
 .text.HAL_Init
                0x08000e14       0x44 ./Drivers/STM32F4xx_HAL_Driver/Src/stm32f4xx_hal.o
                0x08000e14                HAL_Init
 .text.HAL_IncTick
                0x08000e58       0x28 ./Drivers/STM32F4xx_HAL_Driver/Src/stm32f4xx_hal.o
                0x08000e58                HAL_IncTick
 .text.HAL_GetTick
                0x08000e80       0x18 ./Drivers/STM32F4xx_HAL_Driver/Src/stm32f4xx_hal.o
                0x08000e80                HAL_GetTick
 .text.__NVIC_SetPriorityGrouping
                0x08000e98       0x48 ./Drivers/STM32F4xx_HAL_Driver/Src/stm32f4xx_hal_cortex.o
 .text.__NVIC_GetPriorityGrouping
                0x08000ee0       0x1c ./Drivers/STM32F4xx_HAL_Driver/Src/stm32f4xx_hal_cortex.o
 .text.__NVIC_EnableIRQ
                0x08000efc       0x3c ./Drivers/STM32F4xx_HAL_Driver/Src/stm32f4xx_hal_cortex.o
 .text.__NVIC_SetPriority
                0x08000f38       0x54 ./Drivers/STM32F4xx_HAL_Driver/Src/stm32f4xx_hal_cortex.o
 .text.NVIC_EncodePriority
                0x08000f8c       0x66 ./Drivers/STM32F4xx_HAL_Driver/Src/stm32f4xx_hal_cortex.o
 .text.HAL_NVIC_SetPriorityGrouping
                0x08000ff2       0x16 ./Drivers/STM32F4xx_HAL_Driver/Src/stm32f4xx_hal_cortex.o
                0x08000ff2                HAL_NVIC_SetPriorityGrouping
 .text.HAL_NVIC_SetPriority
                0x08001008       0x38 ./Drivers/STM32F4xx_HAL_Driver/Src/stm32f4xx_hal_cortex.o
                0x08001008                HAL_NVIC_SetPriority
 .text.HAL_NVIC_EnableIRQ
                0x08001040       0x1c ./Drivers/STM32F4xx_HAL_Driver/Src/stm32f4xx_hal_cortex.o
                0x08001040                HAL_NVIC_EnableIRQ
 .text.HAL_GPIO_Init
                0x0800105c      0x338 ./Drivers/STM32F4xx_HAL_Driver/Src/stm32f4xx_hal_gpio.o
                0x0800105c                HAL_GPIO_Init
 .text.HAL_GPIO_WritePin
                0x08001394       0x32 ./Drivers/STM32F4xx_HAL_Driver/Src/stm32f4xx_hal_gpio.o
                0x08001394                HAL_GPIO_WritePin
 *fill*         0x080013c6        0x2 
 .text.HAL_RCC_OscConfig
                0x080013c8      0x4f0 ./Drivers/STM32F4xx_HAL_Driver/Src/stm32f4xx_hal_rcc.o
                0x080013c8                HAL_RCC_OscConfig
 .text.HAL_RCC_ClockConfig
                0x080018b8      0x1cc ./Drivers/STM32F4xx_HAL_Driver/Src/stm32f4xx_hal_rcc.o
                0x080018b8                HAL_RCC_ClockConfig
 .text.HAL_RCC_GetSysClockFreq
                0x08001a84      0x20c ./Drivers/STM32F4xx_HAL_Driver/Src/stm32f4xx_hal_rcc.o
                0x08001a84                HAL_RCC_GetSysClockFreq
 .text.HAL_RCC_GetHCLKFreq
                0x08001c90       0x18 ./Drivers/STM32F4xx_HAL_Driver/Src/stm32f4xx_hal_rcc.o
                0x08001c90                HAL_RCC_GetHCLKFreq
 .text.HAL_RCC_GetPCLK1Freq
                0x08001ca8       0x28 ./Drivers/STM32F4xx_HAL_Driver/Src/stm32f4xx_hal_rcc.o
                0x08001ca8                HAL_RCC_GetPCLK1Freq
 .text.HAL_RCC_GetClockConfig
                0x08001cd0       0x64 ./Drivers/STM32F4xx_HAL_Driver/Src/stm32f4xx_hal_rcc.o
                0x08001cd0                HAL_RCC_GetClockConfig
 .text.HAL_TIM_Base_Init
                0x08001d34       0x9e ./Drivers/STM32F4xx_HAL_Driver/Src/stm32f4xx_hal_tim.o
                0x08001d34                HAL_TIM_Base_Init
 .text.HAL_TIM_Base_MspInit
                0x08001dd2       0x14 ./Drivers/STM32F4xx_HAL_Driver/Src/stm32f4xx_hal_tim.o
                0x08001dd2                HAL_TIM_Base_MspInit
 *fill*         0x08001de6        0x2 
 .text.HAL_TIM_Base_Start_IT
                0x08001de8       0xe0 ./Drivers/STM32F4xx_HAL_Driver/Src/stm32f4xx_hal_tim.o
                0x08001de8                HAL_TIM_Base_Start_IT
 .text.HAL_TIM_IRQHandler
                0x08001ec8      0x1e0 ./Drivers/STM32F4xx_HAL_Driver/Src/stm32f4xx_hal_tim.o
                0x08001ec8                HAL_TIM_IRQHandler
 .text.HAL_TIM_OC_DelayElapsedCallback
                0x080020a8       0x14 ./Drivers/STM32F4xx_HAL_Driver/Src/stm32f4xx_hal_tim.o
                0x080020a8                HAL_TIM_OC_DelayElapsedCallback
 .text.HAL_TIM_IC_CaptureCallback
                0x080020bc       0x14 ./Drivers/STM32F4xx_HAL_Driver/Src/stm32f4xx_hal_tim.o
                0x080020bc                HAL_TIM_IC_CaptureCallback
 .text.HAL_TIM_PWM_PulseFinishedCallback
                0x080020d0       0x14 ./Drivers/STM32F4xx_HAL_Driver/Src/stm32f4xx_hal_tim.o
                0x080020d0                HAL_TIM_PWM_PulseFinishedCallback
 .text.HAL_TIM_TriggerCallback
                0x080020e4       0x14 ./Drivers/STM32F4xx_HAL_Driver/Src/stm32f4xx_hal_tim.o
                0x080020e4                HAL_TIM_TriggerCallback
 .text.TIM_Base_SetConfig
                0x080020f8      0x14c ./Drivers/STM32F4xx_HAL_Driver/Src/stm32f4xx_hal_tim.o
                0x080020f8                TIM_Base_SetConfig
 .text.HAL_TIMEx_CommutCallback
                0x08002244       0x14 ./Drivers/STM32F4xx_HAL_Driver/Src/stm32f4xx_hal_tim_ex.o
                0x08002244                HAL_TIMEx_CommutCallback
 .text.HAL_TIMEx_BreakCallback
                0x08002258       0x14 ./Drivers/STM32F4xx_HAL_Driver/Src/stm32f4xx_hal_tim_ex.o
                0x08002258                HAL_TIMEx_BreakCallback
 .text.vListInitialise
                0x0800226c       0x40 ./FreeRTOS/list.o
                0x0800226c                vListInitialise
 .text.vListInitialiseItem
                0x080022ac       0x1a ./FreeRTOS/list.o
                0x080022ac                vListInitialiseItem
 .text.vListInsertEnd
                0x080022c6       0x48 ./FreeRTOS/list.o
                0x080022c6                vListInsertEnd
 .text.vListInsert
                0x0800230e       0x72 ./FreeRTOS/list.o
                0x0800230e                vListInsert
 .text.uxListRemove
                0x08002380       0x54 ./FreeRTOS/list.o
                0x08002380                uxListRemove
 .text.xQueueGenericReset
                0x080023d4       0xd4 ./FreeRTOS/queue.o
                0x080023d4                xQueueGenericReset
 .text.xQueueGenericCreate
                0x080024a8       0xc4 ./FreeRTOS/queue.o
                0x080024a8                xQueueGenericCreate
 .text.prvInitialiseNewQueue
                0x0800256c       0x46 ./FreeRTOS/queue.o
 *fill*         0x080025b2        0x2 
 .text.xQueueGenericSend
                0x080025b4      0x204 ./FreeRTOS/queue.o
                0x080025b4                xQueueGenericSend
 .text.xQueueGenericSendFromISR
                0x080027b8      0x15c ./FreeRTOS/queue.o
                0x080027b8                xQueueGenericSendFromISR
 .text.xQueueReceive
                0x08002914      0x1c4 ./FreeRTOS/queue.o
                0x08002914                xQueueReceive
 .text.prvCopyDataToQueue
                0x08002ad8       0xd4 ./FreeRTOS/queue.o
 .text.prvCopyDataFromQueue
                0x08002bac       0x4c ./FreeRTOS/queue.o
 .text.prvUnlockQueue
                0x08002bf8       0xa4 ./FreeRTOS/queue.o
 .text.prvIsQueueEmpty
                0x08002c9c       0x2c ./FreeRTOS/queue.o
 .text.prvIsQueueFull
                0x08002cc8       0x30 ./FreeRTOS/queue.o
 .text.vQueueAddToRegistry
                0x08002cf8       0x54 ./FreeRTOS/queue.o
                0x08002cf8                vQueueAddToRegistry
 .text.vQueueWaitForMessageRestricted
                0x08002d4c       0x68 ./FreeRTOS/queue.o
                0x08002d4c                vQueueWaitForMessageRestricted
 .text.xTaskCreate
                0x08002db4       0x82 ./FreeRTOS/tasks.o
                0x08002db4                xTaskCreate
 .text.prvInitialiseNewTask
                0x08002e36      0x12e ./FreeRTOS/tasks.o
 .text.prvAddNewTaskToReadyList
                0x08002f64       0xdc ./FreeRTOS/tasks.o
 .text.vTaskStartScheduler
                0x08003040       0xa4 ./FreeRTOS/tasks.o
                0x08003040                vTaskStartScheduler
 .text.vTaskSuspendAll
                0x080030e4       0x1c ./FreeRTOS/tasks.o
                0x080030e4                vTaskSuspendAll
 .text.xTaskResumeAll
                0x08003100      0x13c ./FreeRTOS/tasks.o
                0x08003100                xTaskResumeAll
 .text.xTaskGetTickCount
                0x0800323c       0x20 ./FreeRTOS/tasks.o
                0x0800323c                xTaskGetTickCount
 .text.xTaskIncrementTick
                0x0800325c      0x174 ./FreeRTOS/tasks.o
                0x0800325c                xTaskIncrementTick
 .text.vTaskSwitchContext
                0x080033d0       0xb8 ./FreeRTOS/tasks.o
                0x080033d0                vTaskSwitchContext
 .text.vTaskPlaceOnEventList
                0x08003488       0x4c ./FreeRTOS/tasks.o
                0x08003488                vTaskPlaceOnEventList
 .text.vTaskPlaceOnEventListRestricted
                0x080034d4       0x58 ./FreeRTOS/tasks.o
                0x080034d4                vTaskPlaceOnEventListRestricted
 .text.xTaskRemoveFromEventList
                0x0800352c       0xc8 ./FreeRTOS/tasks.o
                0x0800352c                xTaskRemoveFromEventList
 .text.vTaskInternalSetTimeOutState
                0x080035f4       0x2c ./FreeRTOS/tasks.o
                0x080035f4                vTaskInternalSetTimeOutState
 .text.xTaskCheckForTimeOut
                0x08003620       0xd0 ./FreeRTOS/tasks.o
                0x08003620                xTaskCheckForTimeOut
 .text.vTaskMissedYield
                0x080036f0       0x18 ./FreeRTOS/tasks.o
                0x080036f0                vTaskMissedYield
 .text.prvIdleTask
                0x08003708       0x30 ./FreeRTOS/tasks.o
 .text.prvInitialiseTaskLists
                0x08003738       0x80 ./FreeRTOS/tasks.o
 .text.prvCheckTasksWaitingTermination
                0x080037b8       0x5c ./FreeRTOS/tasks.o
 .text.prvDeleteTCB
                0x08003814       0x20 ./FreeRTOS/tasks.o
 .text.prvResetNextTaskUnblockTime
                0x08003834       0x38 ./FreeRTOS/tasks.o
 .text.xTaskGetSchedulerState
                0x0800386c       0x3c ./FreeRTOS/tasks.o
                0x0800386c                xTaskGetSchedulerState
 .text.xTaskPriorityDisinherit
                0x080038a8       0xf8 ./FreeRTOS/tasks.o
                0x080038a8                xTaskPriorityDisinherit
 .text.prvAddCurrentTaskToDelayedList
                0x080039a0       0xcc ./FreeRTOS/tasks.o
 .text.xTimerCreateTimerTask
                0x08003a6c       0x68 ./FreeRTOS/timers.o
                0x08003a6c                xTimerCreateTimerTask
 .text.xTimerGenericCommand
                0x08003ad4       0x9c ./FreeRTOS/timers.o
                0x08003ad4                xTimerGenericCommand
 .text.prvProcessExpiredTimer
                0x08003b70       0x9c ./FreeRTOS/timers.o
 .text.prvTimerTask
                0x08003c0c       0x26 ./FreeRTOS/timers.o
 *fill*         0x08003c32        0x2 
 .text.prvProcessTimerOrBlockTask
                0x08003c34       0x9c ./FreeRTOS/timers.o
 .text.prvGetNextExpireTime
                0x08003cd0       0x48 ./FreeRTOS/timers.o
 .text.prvSampleTimeNow
                0x08003d18       0x40 ./FreeRTOS/timers.o
 .text.prvInsertTimerInActiveList
                0x08003d58       0x84 ./FreeRTOS/timers.o
 .text.prvProcessReceivedCommands
                0x08003ddc      0x194 ./FreeRTOS/timers.o
 .text.prvSwitchTimerLists
                0x08003f70       0xcc ./FreeRTOS/timers.o
 .text.prvCheckForValidListAndQueue
                0x0800403c       0x6c ./FreeRTOS/timers.o
 .text.pxPortInitialiseStack
                0x080040a8       0x68 ./FreeRTOS/portable/GCC/ARM_CM4F/port.o
                0x080040a8                pxPortInitialiseStack
 .text.prvTaskExitError
                0x08004110       0x5c ./FreeRTOS/portable/GCC/ARM_CM4F/port.o
 *fill*         0x0800416c        0x4 
 .text.SVC_Handler
                0x08004170       0x28 ./FreeRTOS/portable/GCC/ARM_CM4F/port.o
                0x08004170                SVC_Handler
 .text.prvPortStartFirstTask
                0x08004198       0x2c ./FreeRTOS/portable/GCC/ARM_CM4F/port.o
 .text.xPortStartScheduler
                0x080041c4      0x148 ./FreeRTOS/portable/GCC/ARM_CM4F/port.o
                0x080041c4                xPortStartScheduler
 .text.vPortEnterCritical
                0x0800430c       0x64 ./FreeRTOS/portable/GCC/ARM_CM4F/port.o
                0x0800430c                vPortEnterCritical
 .text.vPortExitCritical
                0x08004370       0x54 ./FreeRTOS/portable/GCC/ARM_CM4F/port.o
                0x08004370                vPortExitCritical
 *fill*         0x080043c4        0xc 
 .text.PendSV_Handler
                0x080043d0       0x68 ./FreeRTOS/portable/GCC/ARM_CM4F/port.o
                0x080043d0                PendSV_Handler
 .text.SysTick_Handler
                0x08004438       0x44 ./FreeRTOS/portable/GCC/ARM_CM4F/port.o
                0x08004438                SysTick_Handler
 .text.vPortSetupTimerInterrupt
                0x0800447c       0x48 ./FreeRTOS/portable/GCC/ARM_CM4F/port.o
                0x0800447c                vPortSetupTimerInterrupt
 .text.vPortEnableVFP
                0x080044c4       0x18 ./FreeRTOS/portable/GCC/ARM_CM4F/port.o
 .text.vPortValidateInterruptPriority
                0x080044dc       0x84 ./FreeRTOS/portable/GCC/ARM_CM4F/port.o
                0x080044dc                vPortValidateInterruptPriority
 .text.pvPortMalloc
                0x08004560      0x1c4 ./FreeRTOS/portable/MemMang/heap_4.o
                0x08004560                pvPortMalloc
 .text.vPortFree
                0x08004724       0xc8 ./FreeRTOS/portable/MemMang/heap_4.o
                0x08004724                vPortFree
 .text.prvHeapInit
                0x080047ec       0xc4 ./FreeRTOS/portable/MemMang/heap_4.o
 .text.prvInsertBlockIntoFreeList
                0x080048b0       0xb4 ./FreeRTOS/portable/MemMang/heap_4.o
 .text.std      0x08004964       0x6c C:/ST/STM32CubeIDE_2.0.0/STM32CubeIDE/plugins/com.st.stm32cube.ide.mcu.externaltools.gnu-tools-for-stm32.13.3.rel1.win32_1.0.100.202509120712/tools/bin/../lib/gcc/arm-none-eabi/13.3.1/../../../../arm-none-eabi/lib/thumb/v7e-m+fp/hard\libc_nano.a(libc_a-findfp.o)
 .text.stdio_exit_handler
                0x080049d0       0x18 C:/ST/STM32CubeIDE_2.0.0/STM32CubeIDE/plugins/com.st.stm32cube.ide.mcu.externaltools.gnu-tools-for-stm32.13.3.rel1.win32_1.0.100.202509120712/tools/bin/../lib/gcc/arm-none-eabi/13.3.1/../../../../arm-none-eabi/lib/thumb/v7e-m+fp/hard\libc_nano.a(libc_a-findfp.o)
 .text.cleanup_stdio
                0x080049e8       0x40 C:/ST/STM32CubeIDE_2.0.0/STM32CubeIDE/plugins/com.st.stm32cube.ide.mcu.externaltools.gnu-tools-for-stm32.13.3.rel1.win32_1.0.100.202509120712/tools/bin/../lib/gcc/arm-none-eabi/13.3.1/../../../../arm-none-eabi/lib/thumb/v7e-m+fp/hard\libc_nano.a(libc_a-findfp.o)
 .text.global_stdio_init.part.0
                0x08004a28       0x3c C:/ST/STM32CubeIDE_2.0.0/STM32CubeIDE/plugins/com.st.stm32cube.ide.mcu.externaltools.gnu-tools-for-stm32.13.3.rel1.win32_1.0.100.202509120712/tools/bin/../lib/gcc/arm-none-eabi/13.3.1/../../../../arm-none-eabi/lib/thumb/v7e-m+fp/hard\libc_nano.a(libc_a-findfp.o)
 .text.__sfp_lock_acquire
                0x08004a64        0xc C:/ST/STM32CubeIDE_2.0.0/STM32CubeIDE/plugins/com.st.stm32cube.ide.mcu.externaltools.gnu-tools-for-stm32.13.3.rel1.win32_1.0.100.202509120712/tools/bin/../lib/gcc/arm-none-eabi/13.3.1/../../../../arm-none-eabi/lib/thumb/v7e-m+fp/hard\libc_nano.a(libc_a-findfp.o)
                0x08004a64                __sfp_lock_acquire
 .text.__sfp_lock_release
                0x08004a70        0xc C:/ST/STM32CubeIDE_2.0.0/STM32CubeIDE/plugins/com.st.stm32cube.ide.mcu.externaltools.gnu-tools-for-stm32.13.3.rel1.win32_1.0.100.202509120712/tools/bin/../lib/gcc/arm-none-eabi/13.3.1/../../../../arm-none-eabi/lib/thumb/v7e-m+fp/hard\libc_nano.a(libc_a-findfp.o)
                0x08004a70                __sfp_lock_release
 .text.__sinit  0x08004a7c       0x30 C:/ST/STM32CubeIDE_2.0.0/STM32CubeIDE/plugins/com.st.stm32cube.ide.mcu.externaltools.gnu-tools-for-stm32.13.3.rel1.win32_1.0.100.202509120712/tools/bin/../lib/gcc/arm-none-eabi/13.3.1/../../../../arm-none-eabi/lib/thumb/v7e-m+fp/hard\libc_nano.a(libc_a-findfp.o)
                0x08004a7c                __sinit
 .text._fwalk_sglue
                0x08004aac       0x3c C:/ST/STM32CubeIDE_2.0.0/STM32CubeIDE/plugins/com.st.stm32cube.ide.mcu.externaltools.gnu-tools-for-stm32.13.3.rel1.win32_1.0.100.202509120712/tools/bin/../lib/gcc/arm-none-eabi/13.3.1/../../../../arm-none-eabi/lib/thumb/v7e-m+fp/hard\libc_nano.a(libc_a-fwalk.o)
                0x08004aac                _fwalk_sglue
 .text.printf   0x08004ae8       0x24 C:/ST/STM32CubeIDE_2.0.0/STM32CubeIDE/plugins/com.st.stm32cube.ide.mcu.externaltools.gnu-tools-for-stm32.13.3.rel1.win32_1.0.100.202509120712/tools/bin/../lib/gcc/arm-none-eabi/13.3.1/../../../../arm-none-eabi/lib/thumb/v7e-m+fp/hard\libc_nano.a(libc_a-printf.o)
                0x08004ae8                iprintf
                0x08004ae8                printf
 .text.__sread  0x08004b0c       0x22 C:/ST/STM32CubeIDE_2.0.0/STM32CubeIDE/plugins/com.st.stm32cube.ide.mcu.externaltools.gnu-tools-for-stm32.13.3.rel1.win32_1.0.100.202509120712/tools/bin/../lib/gcc/arm-none-eabi/13.3.1/../../../../arm-none-eabi/lib/thumb/v7e-m+fp/hard\libc_nano.a(libc_a-stdio.o)
                0x08004b0c                __sread
 .text.__swrite
                0x08004b2e       0x38 C:/ST/STM32CubeIDE_2.0.0/STM32CubeIDE/plugins/com.st.stm32cube.ide.mcu.externaltools.gnu-tools-for-stm32.13.3.rel1.win32_1.0.100.202509120712/tools/bin/../lib/gcc/arm-none-eabi/13.3.1/../../../../arm-none-eabi/lib/thumb/v7e-m+fp/hard\libc_nano.a(libc_a-stdio.o)
                0x08004b2e                __swrite
 .text.__sseek  0x08004b66       0x24 C:/ST/STM32CubeIDE_2.0.0/STM32CubeIDE/plugins/com.st.stm32cube.ide.mcu.externaltools.gnu-tools-for-stm32.13.3.rel1.win32_1.0.100.202509120712/tools/bin/../lib/gcc/arm-none-eabi/13.3.1/../../../../arm-none-eabi/lib/thumb/v7e-m+fp/hard\libc_nano.a(libc_a-stdio.o)
                0x08004b66                __sseek
 .text.__sclose
                0x08004b8a        0x8 C:/ST/STM32CubeIDE_2.0.0/STM32CubeIDE/plugins/com.st.stm32cube.ide.mcu.externaltools.gnu-tools-for-stm32.13.3.rel1.win32_1.0.100.202509120712/tools/bin/../lib/gcc/arm-none-eabi/13.3.1/../../../../arm-none-eabi/lib/thumb/v7e-m+fp/hard\libc_nano.a(libc_a-stdio.o)
                0x08004b8a                __sclose
 .text.memset   0x08004b92       0x10 C:/ST/STM32CubeIDE_2.0.0/STM32CubeIDE/plugins/com.st.stm32cube.ide.mcu.externaltools.gnu-tools-for-stm32.13.3.rel1.win32_1.0.100.202509120712/tools/bin/../lib/gcc/arm-none-eabi/13.3.1/../../../../arm-none-eabi/lib/thumb/v7e-m+fp/hard\libc_nano.a(libc_a-memset.o)
                0x08004b92                memset
 *fill*         0x08004ba2        0x2 
 .text._close_r
                0x08004ba4       0x20 C:/ST/STM32CubeIDE_2.0.0/STM32CubeIDE/plugins/com.st.stm32cube.ide.mcu.externaltools.gnu-tools-for-stm32.13.3.rel1.win32_1.0.100.202509120712/tools/bin/../lib/gcc/arm-none-eabi/13.3.1/../../../../arm-none-eabi/lib/thumb/v7e-m+fp/hard\libc_nano.a(libc_a-closer.o)
                0x08004ba4                _close_r
 .text._lseek_r
                0x08004bc4       0x24 C:/ST/STM32CubeIDE_2.0.0/STM32CubeIDE/plugins/com.st.stm32cube.ide.mcu.externaltools.gnu-tools-for-stm32.13.3.rel1.win32_1.0.100.202509120712/tools/bin/../lib/gcc/arm-none-eabi/13.3.1/../../../../arm-none-eabi/lib/thumb/v7e-m+fp/hard\libc_nano.a(libc_a-lseekr.o)
                0x08004bc4                _lseek_r
 .text._read_r  0x08004be8       0x24 C:/ST/STM32CubeIDE_2.0.0/STM32CubeIDE/plugins/com.st.stm32cube.ide.mcu.externaltools.gnu-tools-for-stm32.13.3.rel1.win32_1.0.100.202509120712/tools/bin/../lib/gcc/arm-none-eabi/13.3.1/../../../../arm-none-eabi/lib/thumb/v7e-m+fp/hard\libc_nano.a(libc_a-readr.o)
                0x08004be8                _read_r
 .text._write_r
                0x08004c0c       0x24 C:/ST/STM32CubeIDE_2.0.0/STM32CubeIDE/plugins/com.st.stm32cube.ide.mcu.externaltools.gnu-tools-for-stm32.13.3.rel1.win32_1.0.100.202509120712/tools/bin/../lib/gcc/arm-none-eabi/13.3.1/../../../../arm-none-eabi/lib/thumb/v7e-m+fp/hard\libc_nano.a(libc_a-writer.o)
                0x08004c0c                _write_r
 .text.__errno  0x08004c30        0xc C:/ST/STM32CubeIDE_2.0.0/STM32CubeIDE/plugins/com.st.stm32cube.ide.mcu.externaltools.gnu-tools-for-stm32.13.3.rel1.win32_1.0.100.202509120712/tools/bin/../lib/gcc/arm-none-eabi/13.3.1/../../../../arm-none-eabi/lib/thumb/v7e-m+fp/hard\libc_nano.a(libc_a-errno.o)
                0x08004c30                __errno
 .text.__libc_init_array
                0x08004c3c       0x48 C:/ST/STM32CubeIDE_2.0.0/STM32CubeIDE/plugins/com.st.stm32cube.ide.mcu.externaltools.gnu-tools-for-stm32.13.3.rel1.win32_1.0.100.202509120712/tools/bin/../lib/gcc/arm-none-eabi/13.3.1/../../../../arm-none-eabi/lib/thumb/v7e-m+fp/hard\libc_nano.a(libc_a-init.o)
                0x08004c3c                __libc_init_array
 .text.__retarget_lock_init_recursive
                0x08004c84        0x2 C:/ST/STM32CubeIDE_2.0.0/STM32CubeIDE/plugins/com.st.stm32cube.ide.mcu.externaltools.gnu-tools-for-stm32.13.3.rel1.win32_1.0.100.202509120712/tools/bin/../lib/gcc/arm-none-eabi/13.3.1/../../../../arm-none-eabi/lib/thumb/v7e-m+fp/hard\libc_nano.a(libc_a-lock.o)
                0x08004c84                __retarget_lock_init_recursive
 .text.__retarget_lock_acquire_recursive
                0x08004c86        0x2 C:/ST/STM32CubeIDE_2.0.0/STM32CubeIDE/plugins/com.st.stm32cube.ide.mcu.externaltools.gnu-tools-for-stm32.13.3.rel1.win32_1.0.100.202509120712/tools/bin/../lib/gcc/arm-none-eabi/13.3.1/../../../../arm-none-eabi/lib/thumb/v7e-m+fp/hard\libc_nano.a(libc_a-lock.o)
                0x08004c86                __retarget_lock_acquire_recursive
 .text.__retarget_lock_release_recursive
                0x08004c88        0x2 C:/ST/STM32CubeIDE_2.0.0/STM32CubeIDE/plugins/com.st.stm32cube.ide.mcu.externaltools.gnu-tools-for-stm32.13.3.rel1.win32_1.0.100.202509120712/tools/bin/../lib/gcc/arm-none-eabi/13.3.1/../../../../arm-none-eabi/lib/thumb/v7e-m+fp/hard\libc_nano.a(libc_a-lock.o)
                0x08004c88                __retarget_lock_release_recursive
 .text.memcpy   0x08004c8a       0x1c C:/ST/STM32CubeIDE_2.0.0/STM32CubeIDE/plugins/com.st.stm32cube.ide.mcu.externaltools.gnu-tools-for-stm32.13.3.rel1.win32_1.0.100.202509120712/tools/bin/../lib/gcc/arm-none-eabi/13.3.1/../../../../arm-none-eabi/lib/thumb/v7e-m+fp/hard\libc_nano.a(libc_a-memcpy-stub.o)
                0x08004c8a                memcpy
 *fill*         0x08004ca6        0x2 
 .text._free_r  0x08004ca8       0x94 C:/ST/STM32CubeIDE_2.0.0/STM32CubeIDE/plugins/com.st.stm32cube.ide.mcu.externaltools.gnu-tools-for-stm32.13.3.rel1.win32_1.0.100.202509120712/tools/bin/../lib/gcc/arm-none-eabi/13.3.1/../../../../arm-none-eabi/lib/thumb/v7e-m+fp/hard\libc_nano.a(libc_a-freer.o)
                0x08004ca8                _free_r
 .text.sbrk_aligned
                0x08004d3c       0x44 C:/ST/STM32CubeIDE_2.0.0/STM32CubeIDE/plugins/com.st.stm32cube.ide.mcu.externaltools.gnu-tools-for-stm32.13.3.rel1.win32_1.0.100.202509120712/tools/bin/../lib/gcc/arm-none-eabi/13.3.1/../../../../arm-none-eabi/lib/thumb/v7e-m+fp/hard\libc_nano.a(libc_a-mallocr.o)
 .text._malloc_r
                0x08004d80      0x100 C:/ST/STM32CubeIDE_2.0.0/STM32CubeIDE/plugins/com.st.stm32cube.ide.mcu.externaltools.gnu-tools-for-stm32.13.3.rel1.win32_1.0.100.202509120712/tools/bin/../lib/gcc/arm-none-eabi/13.3.1/../../../../arm-none-eabi/lib/thumb/v7e-m+fp/hard\libc_nano.a(libc_a-mallocr.o)
                0x08004d80                _malloc_r
 .text.__malloc_lock
                0x08004e80        0xc C:/ST/STM32CubeIDE_2.0.0/STM32CubeIDE/plugins/com.st.stm32cube.ide.mcu.externaltools.gnu-tools-for-stm32.13.3.rel1.win32_1.0.100.202509120712/tools/bin/../lib/gcc/arm-none-eabi/13.3.1/../../../../arm-none-eabi/lib/thumb/v7e-m+fp/hard\libc_nano.a(libc_a-mlock.o)
                0x08004e80                __malloc_lock
 .text.__malloc_unlock
                0x08004e8c        0xc C:/ST/STM32CubeIDE_2.0.0/STM32CubeIDE/plugins/com.st.stm32cube.ide.mcu.externaltools.gnu-tools-for-stm32.13.3.rel1.win32_1.0.100.202509120712/tools/bin/../lib/gcc/arm-none-eabi/13.3.1/../../../../arm-none-eabi/lib/thumb/v7e-m+fp/hard\libc_nano.a(libc_a-mlock.o)
                0x08004e8c                __malloc_unlock
 .text.__sfputc_r
                0x08004e98       0x2e C:/ST/STM32CubeIDE_2.0.0/STM32CubeIDE/plugins/com.st.stm32cube.ide.mcu.externaltools.gnu-tools-for-stm32.13.3.rel1.win32_1.0.100.202509120712/tools/bin/../lib/gcc/arm-none-eabi/13.3.1/../../../../arm-none-eabi/lib/thumb/v7e-m+fp/hard\libc_nano.a(libc_a-nano-vfprintf.o)
 .text.__sfputs_r
                0x08004ec6       0x24 C:/ST/STM32CubeIDE_2.0.0/STM32CubeIDE/plugins/com.st.stm32cube.ide.mcu.externaltools.gnu-tools-for-stm32.13.3.rel1.win32_1.0.100.202509120712/tools/bin/../lib/gcc/arm-none-eabi/13.3.1/../../../../arm-none-eabi/lib/thumb/v7e-m+fp/hard\libc_nano.a(libc_a-nano-vfprintf.o)
                0x08004ec6                __sfputs_r
 *fill*         0x08004eea        0x2 
 .text._vfprintf_r
                0x08004eec      0x230 C:/ST/STM32CubeIDE_2.0.0/STM32CubeIDE/plugins/com.st.stm32cube.ide.mcu.externaltools.gnu-tools-for-stm32.13.3.rel1.win32_1.0.100.202509120712/tools/bin/../lib/gcc/arm-none-eabi/13.3.1/../../../../arm-none-eabi/lib/thumb/v7e-m+fp/hard\libc_nano.a(libc_a-nano-vfprintf.o)
                0x08004eec                _vfprintf_r
                0x08004eec                _vfiprintf_r
 .text._printf_common
                0x0800511c       0xda C:/ST/STM32CubeIDE_2.0.0/STM32CubeIDE/plugins/com.st.stm32cube.ide.mcu.externaltools.gnu-tools-for-stm32.13.3.rel1.win32_1.0.100.202509120712/tools/bin/../lib/gcc/arm-none-eabi/13.3.1/../../../../arm-none-eabi/lib/thumb/v7e-m+fp/hard\libc_nano.a(libc_a-nano-vfprintf_i.o)
                0x0800511c                _printf_common
 *fill*         0x080051f6        0x2 
 .text._printf_i
                0x080051f8      0x23c C:/ST/STM32CubeIDE_2.0.0/STM32CubeIDE/plugins/com.st.stm32cube.ide.mcu.externaltools.gnu-tools-for-stm32.13.3.rel1.win32_1.0.100.202509120712/tools/bin/../lib/gcc/arm-none-eabi/13.3.1/../../../../arm-none-eabi/lib/thumb/v7e-m+fp/hard\libc_nano.a(libc_a-nano-vfprintf_i.o)
                0x080051f8                _printf_i
 .text.__sflush_r
                0x08005434      0x108 C:/ST/STM32CubeIDE_2.0.0/STM32CubeIDE/plugins/com.st.stm32cube.ide.mcu.externaltools.gnu-tools-for-stm32.13.3.rel1.win32_1.0.100.202509120712/tools/bin/../lib/gcc/arm-none-eabi/13.3.1/../../../../arm-none-eabi/lib/thumb/v7e-m+fp/hard\libc_nano.a(libc_a-fflush.o)
                0x08005434                __sflush_r
 .text._fflush_r
                0x0800553c       0x50 C:/ST/STM32CubeIDE_2.0.0/STM32CubeIDE/plugins/com.st.stm32cube.ide.mcu.externaltools.gnu-tools-for-stm32.13.3.rel1.win32_1.0.100.202509120712/tools/bin/../lib/gcc/arm-none-eabi/13.3.1/../../../../arm-none-eabi/lib/thumb/v7e-m+fp/hard\libc_nano.a(libc_a-fflush.o)
                0x0800553c                _fflush_r
 .text.__swbuf_r
                0x0800558c       0x7c C:/ST/STM32CubeIDE_2.0.0/STM32CubeIDE/plugins/com.st.stm32cube.ide.mcu.externaltools.gnu-tools-for-stm32.13.3.rel1.win32_1.0.100.202509120712/tools/bin/../lib/gcc/arm-none-eabi/13.3.1/../../../../arm-none-eabi/lib/thumb/v7e-m+fp/hard\libc_nano.a(libc_a-wbuf.o)
                0x0800558c                __swbuf_r
 .text.__swsetup_r
                0x08005608       0xac C:/ST/STM32CubeIDE_2.0.0/STM32CubeIDE/plugins/com.st.stm32cube.ide.mcu.externaltools.gnu-tools-for-stm32.13.3.rel1.win32_1.0.100.202509120712/tools/bin/../lib/gcc/arm-none-eabi/13.3.1/../../../../arm-none-eabi/lib/thumb/v7e-m+fp/hard\libc_nano.a(libc_a-wsetup.o)
                0x08005608                __swsetup_r
 .text._sbrk_r  0x080056b4       0x20 C:/ST/STM32CubeIDE_2.0.0/STM32CubeIDE/plugins/com.st.stm32cube.ide.mcu.externaltools.gnu-tools-for-stm32.13.3.rel1.win32_1.0.100.202509120712/tools/bin/../lib/gcc/arm-none-eabi/13.3.1/../../../../arm-none-eabi/lib/thumb/v7e-m+fp/hard\libc_nano.a(libc_a-sbrkr.o)
                0x080056b4                _sbrk_r
 .text.__swhatbuf_r
                0x080056d4       0x4c C:/ST/STM32CubeIDE_2.0.0/STM32CubeIDE/plugins/com.st.stm32cube.ide.mcu.externaltools.gnu-tools-for-stm32.13.3.rel1.win32_1.0.100.202509120712/tools/bin/../lib/gcc/arm-none-eabi/13.3.1/../../../../arm-none-eabi/lib/thumb/v7e-m+fp/hard\libc_nano.a(libc_a-makebuf.o)
                0x080056d4                __swhatbuf_r
 .text.__smakebuf_r
                0x08005720       0x78 C:/ST/STM32CubeIDE_2.0.0/STM32CubeIDE/plugins/com.st.stm32cube.ide.mcu.externaltools.gnu-tools-for-stm32.13.3.rel1.win32_1.0.100.202509120712/tools/bin/../lib/gcc/arm-none-eabi/13.3.1/../../../../arm-none-eabi/lib/thumb/v7e-m+fp/hard\libc_nano.a(libc_a-makebuf.o)
                0x08005720                __smakebuf_r
 .text._fstat_r
                0x08005798       0x24 C:/ST/STM32CubeIDE_2.0.0/STM32CubeIDE/plugins/com.st.stm32cube.ide.mcu.externaltools.gnu-tools-for-stm32.13.3.rel1.win32_1.0.100.202509120712/tools/bin/../lib/gcc/arm-none-eabi/13.3.1/../../../../arm-none-eabi/lib/thumb/v7e-m+fp/hard\libc_nano.a(libc_a-fstatr.o)
                0x08005798                _fstat_r
 .text._isatty_r
                0x080057bc       0x20 C:/ST/STM32CubeIDE_2.0.0/STM32CubeIDE/plugins/com.st.stm32cube.ide.mcu.externaltools.gnu-tools-for-stm32.13.3.rel1.win32_1.0.100.202509120712/tools/bin/../lib/gcc/arm-none-eabi/13.3.1/../../../../arm-none-eabi/lib/thumb/v7e-m+fp/hard\libc_nano.a(libc_a-isattyr.o)
                0x080057bc                _isatty_r
 *(.glue_7)
 .glue_7        0x080057dc        0x0 linker stubs
 *(.glue_7t)
 .glue_7t       0x080057dc        0x0 linker stubs
 *(.eh_frame)
 .eh_frame      0x080057dc        0x0 C:/ST/STM32CubeIDE_2.0.0/STM32CubeIDE/plugins/com.st.stm32cube.ide.mcu.externaltools.gnu-tools-for-stm32.13.3.rel1.win32_1.0.100.202509120712/tools/bin/../lib/gcc/arm-none-eabi/13.3.1/thumb/v7e-m+fp/hard/crtbegin.o
 *(.init)
 .init          0x080057dc        0x4 C:/ST/STM32CubeIDE_2.0.0/STM32CubeIDE/plugins/com.st.stm32cube.ide.mcu.externaltools.gnu-tools-for-stm32.13.3.rel1.win32_1.0.100.202509120712/tools/bin/../lib/gcc/arm-none-eabi/13.3.1/thumb/v7e-m+fp/hard/crti.o
                0x080057dc                _init
 .init          0x080057e0        0x8 C:/ST/STM32CubeIDE_2.0.0/STM32CubeIDE/plugins/com.st.stm32cube.ide.mcu.externaltools.gnu-tools-for-stm32.13.3.rel1.win32_1.0.100.202509120712/tools/bin/../lib/gcc/arm-none-eabi/13.3.1/thumb/v7e-m+fp/hard/crtn.o
 *(.fini)
 .fini          0x080057e8        0x4 C:/ST/STM32CubeIDE_2.0.0/STM32CubeIDE/plugins/com.st.stm32cube.ide.mcu.externaltools.gnu-tools-for-stm32.13.3.rel1.win32_1.0.100.202509120712/tools/bin/../lib/gcc/arm-none-eabi/13.3.1/thumb/v7e-m+fp/hard/crti.o
                0x080057e8                _fini
 .fini          0x080057ec        0x8 C:/ST/STM32CubeIDE_2.0.0/STM32CubeIDE/plugins/com.st.stm32cube.ide.mcu.externaltools.gnu-tools-for-stm32.13.3.rel1.win32_1.0.100.202509120712/tools/bin/../lib/gcc/arm-none-eabi/13.3.1/thumb/v7e-m+fp/hard/crtn.o
                0x080057f4                        . = ALIGN (0x4)
                0x080057f4                        _etext = .

.vfp11_veneer   0x080057f4        0x0
 .vfp11_veneer  0x080057f4        0x0 linker stubs

.v4_bx          0x080057f4        0x0
 .v4_bx         0x080057f4        0x0 linker stubs

.iplt           0x080057f4        0x0
 .iplt          0x080057f4        0x0 C:/ST/STM32CubeIDE_2.0.0/STM32CubeIDE/plugins/com.st.stm32cube.ide.mcu.externaltools.gnu-tools-for-stm32.13.3.rel1.win32_1.0.100.202509120712/tools/bin/../lib/gcc/arm-none-eabi/13.3.1/thumb/v7e-m+fp/hard/crtbegin.o

.rodata         0x080057f4       0xac
                0x080057f4                        . = ALIGN (0x4)
 *(.rodata)
 .rodata        0x080057f4       0x44 ./Core/Src/main.o
 .rodata        0x08005838        0x5 ./FreeRTOS/tasks.o
 *fill*         0x0800583d        0x3 
 .rodata        0x08005840        0xd ./FreeRTOS/timers.o
 *(.rodata*)
 *fill*         0x0800584d        0x3 
 .rodata.AHBPrescTable
                0x08005850       0x10 ./Core/Src/system_stm32f4xx.o
                0x08005850                AHBPrescTable
 .rodata.APBPrescTable
                0x08005860        0x8 ./Core/Src/system_stm32f4xx.o
                0x08005860                APBPrescTable
 .rodata.uxTopUsedPriority
                0x08005868        0x4 ./FreeRTOS/tasks.o
                0x08005868                uxTopUsedPriority
 .rodata._vfprintf_r.str1.1
                0x0800586c       0x33 C:/ST/STM32CubeIDE_2.0.0/STM32CubeIDE/plugins/com.st.stm32cube.ide.mcu.externaltools.gnu-tools-for-stm32.13.3.rel1.win32_1.0.100.202509120712/tools/bin/../lib/gcc/arm-none-eabi/13.3.1/../../../../arm-none-eabi/lib/thumb/v7e-m+fp/hard\libc_nano.a(libc_a-nano-vfprintf.o)
                                 0x11 (size before relaxing)
 .rodata._printf_i.str1.1
                0x0800589f        0x0 C:/ST/STM32CubeIDE_2.0.0/STM32CubeIDE/plugins/com.st.stm32cube.ide.mcu.externaltools.gnu-tools-for-stm32.13.3.rel1.win32_1.0.100.202509120712/tools/bin/../lib/gcc/arm-none-eabi/13.3.1/../../../../arm-none-eabi/lib/thumb/v7e-m+fp/hard\libc_nano.a(libc_a-nano-vfprintf_i.o)
                                 0x22 (size before relaxing)
                0x080058a0                        . = ALIGN (0x4)
 *fill*         0x0800589f        0x1 

.ARM.extab      0x080058a0        0x0
                0x080058a0                        . = ALIGN (0x4)
 *(.ARM.extab* .gnu.linkonce.armextab.*)
                0x080058a0                        . = ALIGN (0x4)

.ARM            0x080058a0        0x8
                0x080058a0                        . = ALIGN (0x4)
                0x080058a0                        __exidx_start = .
 *(.ARM.exidx*)
 .ARM.exidx     0x080058a0        0x8 C:/ST/STM32CubeIDE_2.0.0/STM32CubeIDE/plugins/com.st.stm32cube.ide.mcu.externaltools.gnu-tools-for-stm32.13.3.rel1.win32_1.0.100.202509120712/tools/bin/../lib/gcc/arm-none-eabi/13.3.1/../../../../arm-none-eabi/lib/thumb/v7e-m+fp/hard\libc_nano.a(libc_a-memchr.o)
 .ARM.exidx     0x080058a8        0x0 C:/ST/STM32CubeIDE_2.0.0/STM32CubeIDE/plugins/com.st.stm32cube.ide.mcu.externaltools.gnu-tools-for-stm32.13.3.rel1.win32_1.0.100.202509120712/tools/bin/../lib/gcc/arm-none-eabi/13.3.1/thumb/v7e-m+fp/hard\libgcc.a(_udivmoddi4.o)
                                  0x8 (size before relaxing)
                0x080058a8                        __exidx_end = .
                0x080058a8                        . = ALIGN (0x4)

.preinit_array  0x080058a8        0x0
                0x080058a8                        . = ALIGN (0x4)
                0x080058a8                        PROVIDE (__preinit_array_start = .)
 *(.preinit_array*)
                0x080058a8                        PROVIDE (__preinit_array_end = .)
                0x080058a8                        . = ALIGN (0x4)

.init_array     0x080058a8        0x4
                0x080058a8                        . = ALIGN (0x4)
                0x080058a8                        PROVIDE (__init_array_start = .)
 *(SORT_BY_NAME(.init_array.*))
 *(.init_array*)
 .init_array    0x080058a8        0x4 C:/ST/STM32CubeIDE_2.0.0/STM32CubeIDE/plugins/com.st.stm32cube.ide.mcu.externaltools.gnu-tools-for-stm32.13.3.rel1.win32_1.0.100.202509120712/tools/bin/../lib/gcc/arm-none-eabi/13.3.1/thumb/v7e-m+fp/hard/crtbegin.o
                0x080058ac                        PROVIDE (__init_array_end = .)
                0x080058ac                        . = ALIGN (0x4)

.fini_array     0x080058ac        0x4
                0x080058ac                        . = ALIGN (0x4)
                [!provide]                        PROVIDE (__fini_array_start = .)
 *(SORT_BY_NAME(.fini_array.*))
 *(.fini_array*)
 .fini_array    0x080058ac        0x4 C:/ST/STM32CubeIDE_2.0.0/STM32CubeIDE/plugins/com.st.stm32cube.ide.mcu.externaltools.gnu-tools-for-stm32.13.3.rel1.win32_1.0.100.202509120712/tools/bin/../lib/gcc/arm-none-eabi/13.3.1/thumb/v7e-m+fp/hard/crtbegin.o
                [!provide]                        PROVIDE (__fini_array_end = .)
                0x080058b0                        . = ALIGN (0x4)
                0x080058b0                        _sidata = LOADADDR (.data)

.rel.dyn        0x080058b0        0x0
 .rel.iplt      0x080058b0        0x0 C:/ST/STM32CubeIDE_2.0.0/STM32CubeIDE/plugins/com.st.stm32cube.ide.mcu.externaltools.gnu-tools-for-stm32.13.3.rel1.win32_1.0.100.202509120712/tools/bin/../lib/gcc/arm-none-eabi/13.3.1/thumb/v7e-m+fp/hard/crtbegin.o

.data           0x20000000       0x6c load address 0x080058b0
                0x20000000                        . = ALIGN (0x4)
                0x20000000                        _sdata = .
 *(.data)
 *(.data*)
 .data.SystemCoreClock
                0x20000000        0x4 ./Core/Src/system_stm32f4xx.o
                0x20000000                SystemCoreClock
 .data.uwTickPrio
                0x20000004        0x4 ./Drivers/STM32F4xx_HAL_Driver/Src/stm32f4xx_hal.o
                0x20000004                uwTickPrio
 .data.uwTickFreq
                0x20000008        0x1 ./Drivers/STM32F4xx_HAL_Driver/Src/stm32f4xx_hal.o
                0x20000008                uwTickFreq
 *fill*         0x20000009        0x3 
 .data.uxCriticalNesting
                0x2000000c        0x4 ./FreeRTOS/portable/GCC/ARM_CM4F/port.o
 .data.__sglue  0x20000010        0xc C:/ST/STM32CubeIDE_2.0.0/STM32CubeIDE/plugins/com.st.stm32cube.ide.mcu.externaltools.gnu-tools-for-stm32.13.3.rel1.win32_1.0.100.202509120712/tools/bin/../lib/gcc/arm-none-eabi/13.3.1/../../../../arm-none-eabi/lib/thumb/v7e-m+fp/hard\libc_nano.a(libc_a-findfp.o)
                0x20000010                __sglue
 .data._impure_ptr
                0x2000001c        0x4 C:/ST/STM32CubeIDE_2.0.0/STM32CubeIDE/plugins/com.st.stm32cube.ide.mcu.externaltools.gnu-tools-for-stm32.13.3.rel1.win32_1.0.100.202509120712/tools/bin/../lib/gcc/arm-none-eabi/13.3.1/../../../../arm-none-eabi/lib/thumb/v7e-m+fp/hard\libc_nano.a(libc_a-impure.o)
                0x2000001c                _impure_ptr
 .data._impure_data
                0x20000020       0x4c C:/ST/STM32CubeIDE_2.0.0/STM32CubeIDE/plugins/com.st.stm32cube.ide.mcu.externaltools.gnu-tools-for-stm32.13.3.rel1.win32_1.0.100.202509120712/tools/bin/../lib/gcc/arm-none-eabi/13.3.1/../../../../arm-none-eabi/lib/thumb/v7e-m+fp/hard\libc_nano.a(libc_a-impure.o)
                0x20000020                _impure_data
 *(.RamFunc)
 *(.RamFunc*)
                0x2000006c                        . = ALIGN (0x4)
                0x2000006c                        _edata = .
                0x0800591c                        _siccmram = LOADADDR (.ccmram)

.igot.plt       0x2000006c        0x0 load address 0x0800591c
 .igot.plt      0x2000006c        0x0 C:/ST/STM32CubeIDE_2.0.0/STM32CubeIDE/plugins/com.st.stm32cube.ide.mcu.externaltools.gnu-tools-for-stm32.13.3.rel1.win32_1.0.100.202509120712/tools/bin/../lib/gcc/arm-none-eabi/13.3.1/thumb/v7e-m+fp/hard/crtbegin.o

.ccmram         0x10000000        0x0 load address 0x0800591c
                0x10000000                        . = ALIGN (0x4)
                0x10000000                        _sccmram = .
 *(.ccmram)
 *(.ccmram*)
                0x10000000                        . = ALIGN (0x4)
                0x10000000                        _eccmram = .
                0x10000000                        . = ALIGN (0x4)

.bss            0x2000006c    0x19360
                0x2000006c                        _sbss = .
                0x2000006c                        __bss_start__ = _sbss
 *(.bss)
 .bss           0x2000006c       0x1c C:/ST/STM32CubeIDE_2.0.0/STM32CubeIDE/plugins/com.st.stm32cube.ide.mcu.externaltools.gnu-tools-for-stm32.13.3.rel1.win32_1.0.100.202509120712/tools/bin/../lib/gcc/arm-none-eabi/13.3.1/thumb/v7e-m+fp/hard/crtbegin.o
 *(.bss*)
 .bss.htim6     0x20000088       0x48 ./Core/Src/stm32f4xx_hal_timebase_tim.o
                0x20000088                htim6
 .bss.__sbrk_heap_end
                0x200000d0        0x4 ./Core/Src/sysmem.o
 .bss.uwTick    0x200000d4        0x4 ./Drivers/STM32F4xx_HAL_Driver/Src/stm32f4xx_hal.o
                0x200000d4                uwTick
 .bss.xQueueRegistry
                0x200000d8       0x40 ./FreeRTOS/queue.o
                0x200000d8                xQueueRegistry
 .bss.pxCurrentTCB
                0x20000118        0x4 ./FreeRTOS/tasks.o
                0x20000118                pxCurrentTCB
 .bss.pxReadyTasksLists
                0x2000011c       0x64 ./FreeRTOS/tasks.o
 .bss.xDelayedTaskList1
                0x20000180       0x14 ./FreeRTOS/tasks.o
 .bss.xDelayedTaskList2
                0x20000194       0x14 ./FreeRTOS/tasks.o
 .bss.pxDelayedTaskList
                0x200001a8        0x4 ./FreeRTOS/tasks.o
 .bss.pxOverflowDelayedTaskList
                0x200001ac        0x4 ./FreeRTOS/tasks.o
 .bss.xPendingReadyList
                0x200001b0       0x14 ./FreeRTOS/tasks.o
 .bss.xTasksWaitingTermination
                0x200001c4       0x14 ./FreeRTOS/tasks.o
 .bss.uxDeletedTasksWaitingCleanUp
                0x200001d8        0x4 ./FreeRTOS/tasks.o
 .bss.xSuspendedTaskList
                0x200001dc       0x14 ./FreeRTOS/tasks.o
 .bss.uxCurrentNumberOfTasks
                0x200001f0        0x4 ./FreeRTOS/tasks.o
 .bss.xTickCount
                0x200001f4        0x4 ./FreeRTOS/tasks.o
 .bss.uxTopReadyPriority
                0x200001f8        0x4 ./FreeRTOS/tasks.o
 .bss.xSchedulerRunning
                0x200001fc        0x4 ./FreeRTOS/tasks.o
 .bss.xPendedTicks
                0x20000200        0x4 ./FreeRTOS/tasks.o
 .bss.xYieldPending
                0x20000204        0x4 ./FreeRTOS/tasks.o
 .bss.xNumOfOverflows
                0x20000208        0x4 ./FreeRTOS/tasks.o
 .bss.uxTaskNumber
                0x2000020c        0x4 ./FreeRTOS/tasks.o
 .bss.xNextTaskUnblockTime
                0x20000210        0x4 ./FreeRTOS/tasks.o
 .bss.xIdleTaskHandle
                0x20000214        0x4 ./FreeRTOS/tasks.o
 .bss.uxSchedulerSuspended
                0x20000218        0x4 ./FreeRTOS/tasks.o
 .bss.xActiveTimerList1
                0x2000021c       0x14 ./FreeRTOS/timers.o
 .bss.xActiveTimerList2
                0x20000230       0x14 ./FreeRTOS/timers.o
 .bss.pxCurrentTimerList
                0x20000244        0x4 ./FreeRTOS/timers.o
 .bss.pxOverflowTimerList
                0x20000248        0x4 ./FreeRTOS/timers.o
 .bss.xTimerQueue
                0x2000024c        0x4 ./FreeRTOS/timers.o
 .bss.xTimerTaskHandle
                0x20000250        0x4 ./FreeRTOS/timers.o
 .bss.xLastTime.0
                0x20000254        0x4 ./FreeRTOS/timers.o
 .bss.ucMaxSysCallPriority
                0x20000258        0x1 ./FreeRTOS/portable/GCC/ARM_CM4F/port.o
 *fill*         0x20000259        0x3 
 .bss.ulMaxPRIGROUPValue
                0x2000025c        0x4 ./FreeRTOS/portable/GCC/ARM_CM4F/port.o
 .bss.ucHeap    0x20000260    0x19000 ./FreeRTOS/portable/MemMang/heap_4.o
 .bss.xStart    0x20019260        0x8 ./FreeRTOS/portable/MemMang/heap_4.o
 .bss.pxEnd     0x20019268        0x4 ./FreeRTOS/portable/MemMang/heap_4.o
 .bss.xFreeBytesRemaining
                0x2001926c        0x4 ./FreeRTOS/portable/MemMang/heap_4.o
 .bss.xMinimumEverFreeBytesRemaining
                0x20019270        0x4 ./FreeRTOS/portable/MemMang/heap_4.o
 .bss.xNumberOfSuccessfulAllocations
                0x20019274        0x4 ./FreeRTOS/portable/MemMang/heap_4.o
 .bss.xNumberOfSuccessfulFrees
                0x20019278        0x4 ./FreeRTOS/portable/MemMang/heap_4.o
 .bss.xBlockAllocatedBit
                0x2001927c        0x4 ./FreeRTOS/portable/MemMang/heap_4.o
 .bss.__sf      0x20019280      0x138 C:/ST/STM32CubeIDE_2.0.0/STM32CubeIDE/plugins/com.st.stm32cube.ide.mcu.externaltools.gnu-tools-for-stm32.13.3.rel1.win32_1.0.100.202509120712/tools/bin/../lib/gcc/arm-none-eabi/13.3.1/../../../../arm-none-eabi/lib/thumb/v7e-m+fp/hard\libc_nano.a(libc_a-findfp.o)
                0x20019280                __sf
 .bss.__stdio_exit_handler
                0x200193b8        0x4 C:/ST/STM32CubeIDE_2.0.0/STM32CubeIDE/plugins/com.st.stm32cube.ide.mcu.externaltools.gnu-tools-for-stm32.13.3.rel1.win32_1.0.100.202509120712/tools/bin/../lib/gcc/arm-none-eabi/13.3.1/../../../../arm-none-eabi/lib/thumb/v7e-m+fp/hard\libc_nano.a(libc_a-findfp.o)
                0x200193b8                __stdio_exit_handler
 .bss.errno     0x200193bc        0x4 C:/ST/STM32CubeIDE_2.0.0/STM32CubeIDE/plugins/com.st.stm32cube.ide.mcu.externaltools.gnu-tools-for-stm32.13.3.rel1.win32_1.0.100.202509120712/tools/bin/../lib/gcc/arm-none-eabi/13.3.1/../../../../arm-none-eabi/lib/thumb/v7e-m+fp/hard\libc_nano.a(libc_a-reent.o)
                0x200193bc                errno
 .bss.__lock___malloc_recursive_mutex
                0x200193c0        0x1 C:/ST/STM32CubeIDE_2.0.0/STM32CubeIDE/plugins/com.st.stm32cube.ide.mcu.externaltools.gnu-tools-for-stm32.13.3.rel1.win32_1.0.100.202509120712/tools/bin/../lib/gcc/arm-none-eabi/13.3.1/../../../../arm-none-eabi/lib/thumb/v7e-m+fp/hard\libc_nano.a(libc_a-lock.o)
                0x200193c0                __lock___malloc_recursive_mutex
 .bss.__lock___sfp_recursive_mutex
                0x200193c1        0x1 C:/ST/STM32CubeIDE_2.0.0/STM32CubeIDE/plugins/com.st.stm32cube.ide.mcu.externaltools.gnu-tools-for-stm32.13.3.rel1.win32_1.0.100.202509120712/tools/bin/../lib/gcc/arm-none-eabi/13.3.1/../../../../arm-none-eabi/lib/thumb/v7e-m+fp/hard\libc_nano.a(libc_a-lock.o)
                0x200193c1                __lock___sfp_recursive_mutex
 *fill*         0x200193c2        0x2 
 .bss.__malloc_sbrk_start
                0x200193c4        0x4 C:/ST/STM32CubeIDE_2.0.0/STM32CubeIDE/plugins/com.st.stm32cube.ide.mcu.externaltools.gnu-tools-for-stm32.13.3.rel1.win32_1.0.100.202509120712/tools/bin/../lib/gcc/arm-none-eabi/13.3.1/../../../../arm-none-eabi/lib/thumb/v7e-m+fp/hard\libc_nano.a(libc_a-mallocr.o)
                0x200193c4                __malloc_sbrk_start
 .bss.__malloc_free_list
                0x200193c8        0x4 C:/ST/STM32CubeIDE_2.0.0/STM32CubeIDE/plugins/com.st.stm32cube.ide.mcu.externaltools.gnu-tools-for-stm32.13.3.rel1.win32_1.0.100.202509120712/tools/bin/../lib/gcc/arm-none-eabi/13.3.1/../../../../arm-none-eabi/lib/thumb/v7e-m+fp/hard\libc_nano.a(libc_a-mallocr.o)
                0x200193c8                __malloc_free_list
 *(COMMON)
                0x200193cc                        . = ALIGN (0x4)
                0x200193cc                        _ebss = .
                0x200193cc                        __bss_end__ = _ebss

._user_heap_stack
                0x200193cc      0x604
                0x200193d0                        . = ALIGN (0x8)
 *fill*         0x200193cc        0x4 
                [!provide]                        PROVIDE (end = .)
                0x200193d0                        PROVIDE (_end = .)
                0x200195d0                        . = (. + _Min_Heap_Size)
 *fill*         0x200193d0      0x200 
                0x200199d0                        . = (. + _Min_Stack_Size)
 *fill*         0x200195d0      0x400 
                0x200199d0                        . = ALIGN (0x8)

/DISCARD/
 libc.a(*)
 libm.a(*)
 libgcc.a(*)

.ARM.attributes
                0x00000000       0x30
 *(.ARM.attributes)
 .ARM.attributes
                0x00000000       0x22 C:/ST/STM32CubeIDE_2.0.0/STM32CubeIDE/plugins/com.st.stm32cube.ide.mcu.externaltools.gnu-tools-for-stm32.13.3.rel1.win32_1.0.100.202509120712/tools/bin/../lib/gcc/arm-none-eabi/13.3.1/thumb/v7e-m+fp/hard/crti.o
 .ARM.attributes
                0x00000022       0x34 C:/ST/STM32CubeIDE_2.0.0/STM32CubeIDE/plugins/com.st.stm32cube.ide.mcu.externaltools.gnu-tools-for-stm32.13.3.rel1.win32_1.0.100.202509120712/tools/bin/../lib/gcc/arm-none-eabi/13.3.1/thumb/v7e-m+fp/hard/crtbegin.o
 .ARM.attributes
                0x00000056       0x34 ./Core/Src/main.o
 .ARM.attributes
                0x0000008a       0x34 ./Core/Src/stm32f4xx_hal_msp.o
 .ARM.attributes
                0x000000be       0x34 ./Core/Src/stm32f4xx_hal_timebase_tim.o
 .ARM.attributes
                0x000000f2       0x34 ./Core/Src/stm32f4xx_it.o
 .ARM.attributes
                0x00000126       0x34 ./Core/Src/syscalls.o
 .ARM.attributes
                0x0000015a       0x34 ./Core/Src/sysmem.o
 .ARM.attributes
                0x0000018e       0x34 ./Core/Src/system_stm32f4xx.o
 .ARM.attributes
                0x000001c2       0x21 ./Core/Startup/startup_stm32f407vgtx.o
 .ARM.attributes
                0x000001e3       0x34 ./Drivers/STM32F4xx_HAL_Driver/Src/stm32f4xx_hal.o
 .ARM.attributes
                0x00000217       0x34 ./Drivers/STM32F4xx_HAL_Driver/Src/stm32f4xx_hal_cortex.o
 .ARM.attributes
                0x0000024b       0x34 ./Drivers/STM32F4xx_HAL_Driver/Src/stm32f4xx_hal_gpio.o
 .ARM.attributes
                0x0000027f       0x34 ./Drivers/STM32F4xx_HAL_Driver/Src/stm32f4xx_hal_rcc.o
 .ARM.attributes
                0x000002b3       0x34 ./Drivers/STM32F4xx_HAL_Driver/Src/stm32f4xx_hal_tim.o
 .ARM.attributes
                0x000002e7       0x34 ./Drivers/STM32F4xx_HAL_Driver/Src/stm32f4xx_hal_tim_ex.o
 .ARM.attributes
                0x0000031b       0x34 ./FreeRTOS/list.o
 .ARM.attributes
                0x0000034f       0x34 ./FreeRTOS/queue.o
 .ARM.attributes
                0x00000383       0x34 ./FreeRTOS/tasks.o
 .ARM.attributes
                0x000003b7       0x34 ./FreeRTOS/timers.o
 .ARM.attributes
                0x000003eb       0x34 ./FreeRTOS/portable/GCC/ARM_CM4F/port.o
 .ARM.attributes
                0x0000041f       0x34 ./FreeRTOS/portable/MemMang/heap_4.o
 .ARM.attributes
                0x00000453       0x34 C:/ST/STM32CubeIDE_2.0.0/STM32CubeIDE/plugins/com.st.stm32cube.ide.mcu.externaltools.gnu-tools-for-stm32.13.3.rel1.win32_1.0.100.202509120712/tools/bin/../lib/gcc/arm-none-eabi/13.3.1/../../../../arm-none-eabi/lib/thumb/v7e-m+fp/hard\libc_nano.a(libc_a-findfp.o)
 .ARM.attributes
                0x00000487       0x34 C:/ST/STM32CubeIDE_2.0.0/STM32CubeIDE/plugins/com.st.stm32cube.ide.mcu.externaltools.gnu-tools-for-stm32.13.3.rel1.win32_1.0.100.202509120712/tools/bin/../lib/gcc/arm-none-eabi/13.3.1/../../../../arm-none-eabi/lib/thumb/v7e-m+fp/hard\libc_nano.a(libc_a-fwalk.o)
 .ARM.attributes
                0x000004bb       0x34 C:/ST/STM32CubeIDE_2.0.0/STM32CubeIDE/plugins/com.st.stm32cube.ide.mcu.externaltools.gnu-tools-for-stm32.13.3.rel1.win32_1.0.100.202509120712/tools/bin/../lib/gcc/arm-none-eabi/13.3.1/../../../../arm-none-eabi/lib/thumb/v7e-m+fp/hard\libc_nano.a(libc_a-printf.o)
 .ARM.attributes
                0x000004ef       0x34 C:/ST/STM32CubeIDE_2.0.0/STM32CubeIDE/plugins/com.st.stm32cube.ide.mcu.externaltools.gnu-tools-for-stm32.13.3.rel1.win32_1.0.100.202509120712/tools/bin/../lib/gcc/arm-none-eabi/13.3.1/../../../../arm-none-eabi/lib/thumb/v7e-m+fp/hard\libc_nano.a(libc_a-stdio.o)
 .ARM.attributes
                0x00000523       0x34 C:/ST/STM32CubeIDE_2.0.0/STM32CubeIDE/plugins/com.st.stm32cube.ide.mcu.externaltools.gnu-tools-for-stm32.13.3.rel1.win32_1.0.100.202509120712/tools/bin/../lib/gcc/arm-none-eabi/13.3.1/../../../../arm-none-eabi/lib/thumb/v7e-m+fp/hard\libc_nano.a(libc_a-memset.o)
 .ARM.attributes
                0x00000557       0x34 C:/ST/STM32CubeIDE_2.0.0/STM32CubeIDE/plugins/com.st.stm32cube.ide.mcu.externaltools.gnu-tools-for-stm32.13.3.rel1.win32_1.0.100.202509120712/tools/bin/../lib/gcc/arm-none-eabi/13.3.1/../../../../arm-none-eabi/lib/thumb/v7e-m+fp/hard\libc_nano.a(libc_a-closer.o)
 .ARM.attributes
                0x0000058b       0x34 C:/ST/STM32CubeIDE_2.0.0/STM32CubeIDE/plugins/com.st.stm32cube.ide.mcu.externaltools.gnu-tools-for-stm32.13.3.rel1.win32_1.0.100.202509120712/tools/bin/../lib/gcc/arm-none-eabi/13.3.1/../../../../arm-none-eabi/lib/thumb/v7e-m+fp/hard\libc_nano.a(libc_a-reent.o)
 .ARM.attributes
                0x000005bf       0x34 C:/ST/STM32CubeIDE_2.0.0/STM32CubeIDE/plugins/com.st.stm32cube.ide.mcu.externaltools.gnu-tools-for-stm32.13.3.rel1.win32_1.0.100.202509120712/tools/bin/../lib/gcc/arm-none-eabi/13.3.1/../../../../arm-none-eabi/lib/thumb/v7e-m+fp/hard\libc_nano.a(libc_a-impure.o)
 .ARM.attributes
                0x000005f3       0x34 C:/ST/STM32CubeIDE_2.0.0/STM32CubeIDE/plugins/com.st.stm32cube.ide.mcu.externaltools.gnu-tools-for-stm32.13.3.rel1.win32_1.0.100.202509120712/tools/bin/../lib/gcc/arm-none-eabi/13.3.1/../../../../arm-none-eabi/lib/thumb/v7e-m+fp/hard\libc_nano.a(libc_a-lseekr.o)
 .ARM.attributes
                0x00000627       0x34 C:/ST/STM32CubeIDE_2.0.0/STM32CubeIDE/plugins/com.st.stm32cube.ide.mcu.externaltools.gnu-tools-for-stm32.13.3.rel1.win32_1.0.100.202509120712/tools/bin/../lib/gcc/arm-none-eabi/13.3.1/../../../../arm-none-eabi/lib/thumb/v7e-m+fp/hard\libc_nano.a(libc_a-readr.o)
 .ARM.attributes
                0x0000065b       0x34 C:/ST/STM32CubeIDE_2.0.0/STM32CubeIDE/plugins/com.st.stm32cube.ide.mcu.externaltools.gnu-tools-for-stm32.13.3.rel1.win32_1.0.100.202509120712/tools/bin/../lib/gcc/arm-none-eabi/13.3.1/../../../../arm-none-eabi/lib/thumb/v7e-m+fp/hard\libc_nano.a(libc_a-writer.o)
 .ARM.attributes
                0x0000068f       0x34 C:/ST/STM32CubeIDE_2.0.0/STM32CubeIDE/plugins/com.st.stm32cube.ide.mcu.externaltools.gnu-tools-for-stm32.13.3.rel1.win32_1.0.100.202509120712/tools/bin/../lib/gcc/arm-none-eabi/13.3.1/../../../../arm-none-eabi/lib/thumb/v7e-m+fp/hard\libc_nano.a(libc_a-errno.o)
 .ARM.attributes
                0x000006c3       0x34 C:/ST/STM32CubeIDE_2.0.0/STM32CubeIDE/plugins/com.st.stm32cube.ide.mcu.externaltools.gnu-tools-for-stm32.13.3.rel1.win32_1.0.100.202509120712/tools/bin/../lib/gcc/arm-none-eabi/13.3.1/../../../../arm-none-eabi/lib/thumb/v7e-m+fp/hard\libc_nano.a(libc_a-init.o)
 .ARM.attributes
                0x000006f7       0x34 C:/ST/STM32CubeIDE_2.0.0/STM32CubeIDE/plugins/com.st.stm32cube.ide.mcu.externaltools.gnu-tools-for-stm32.13.3.rel1.win32_1.0.100.202509120712/tools/bin/../lib/gcc/arm-none-eabi/13.3.1/../../../../arm-none-eabi/lib/thumb/v7e-m+fp/hard\libc_nano.a(libc_a-lock.o)
 .ARM.attributes
                0x0000072b       0x34 C:/ST/STM32CubeIDE_2.0.0/STM32CubeIDE/plugins/com.st.stm32cube.ide.mcu.externaltools.gnu-tools-for-stm32.13.3.rel1.win32_1.0.100.202509120712/tools/bin/../lib/gcc/arm-none-eabi/13.3.1/../../../../arm-none-eabi/lib/thumb/v7e-m+fp/hard\libc_nano.a(libc_a-memcpy-stub.o)
 .ARM.attributes
                0x0000075f       0x34 C:/ST/STM32CubeIDE_2.0.0/STM32CubeIDE/plugins/com.st.stm32cube.ide.mcu.externaltools.gnu-tools-for-stm32.13.3.rel1.win32_1.0.100.202509120712/tools/bin/../lib/gcc/arm-none-eabi/13.3.1/../../../../arm-none-eabi/lib/thumb/v7e-m+fp/hard\libc_nano.a(libc_a-freer.o)
 .ARM.attributes
                0x00000793       0x34 C:/ST/STM32CubeIDE_2.0.0/STM32CubeIDE/plugins/com.st.stm32cube.ide.mcu.externaltools.gnu-tools-for-stm32.13.3.rel1.win32_1.0.100.202509120712/tools/bin/../lib/gcc/arm-none-eabi/13.3.1/../../../../arm-none-eabi/lib/thumb/v7e-m+fp/hard\libc_nano.a(libc_a-mallocr.o)
 .ARM.attributes
                0x000007c7       0x34 C:/ST/STM32CubeIDE_2.0.0/STM32CubeIDE/plugins/com.st.stm32cube.ide.mcu.externaltools.gnu-tools-for-stm32.13.3.rel1.win32_1.0.100.202509120712/tools/bin/../lib/gcc/arm-none-eabi/13.3.1/../../../../arm-none-eabi/lib/thumb/v7e-m+fp/hard\libc_nano.a(libc_a-mlock.o)
 .ARM.attributes
                0x000007fb       0x34 C:/ST/STM32CubeIDE_2.0.0/STM32CubeIDE/plugins/com.st.stm32cube.ide.mcu.externaltools.gnu-tools-for-stm32.13.3.rel1.win32_1.0.100.202509120712/tools/bin/../lib/gcc/arm-none-eabi/13.3.1/../../../../arm-none-eabi/lib/thumb/v7e-m+fp/hard\libc_nano.a(libc_a-nano-vfprintf.o)
 .ARM.attributes
                0x0000082f       0x34 C:/ST/STM32CubeIDE_2.0.0/STM32CubeIDE/plugins/com.st.stm32cube.ide.mcu.externaltools.gnu-tools-for-stm32.13.3.rel1.win32_1.0.100.202509120712/tools/bin/../lib/gcc/arm-none-eabi/13.3.1/../../../../arm-none-eabi/lib/thumb/v7e-m+fp/hard\libc_nano.a(libc_a-nano-vfprintf_i.o)
 .ARM.attributes
                0x00000863       0x34 C:/ST/STM32CubeIDE_2.0.0/STM32CubeIDE/plugins/com.st.stm32cube.ide.mcu.externaltools.gnu-tools-for-stm32.13.3.rel1.win32_1.0.100.202509120712/tools/bin/../lib/gcc/arm-none-eabi/13.3.1/../../../../arm-none-eabi/lib/thumb/v7e-m+fp/hard\libc_nano.a(libc_a-fflush.o)
 .ARM.attributes
                0x00000897       0x34 C:/ST/STM32CubeIDE_2.0.0/STM32CubeIDE/plugins/com.st.stm32cube.ide.mcu.externaltools.gnu-tools-for-stm32.13.3.rel1.win32_1.0.100.202509120712/tools/bin/../lib/gcc/arm-none-eabi/13.3.1/../../../../arm-none-eabi/lib/thumb/v7e-m+fp/hard\libc_nano.a(libc_a-wbuf.o)
 .ARM.attributes
                0x000008cb       0x34 C:/ST/STM32CubeIDE_2.0.0/STM32CubeIDE/plugins/com.st.stm32cube.ide.mcu.externaltools.gnu-tools-for-stm32.13.3.rel1.win32_1.0.100.202509120712/tools/bin/../lib/gcc/arm-none-eabi/13.3.1/../../../../arm-none-eabi/lib/thumb/v7e-m+fp/hard\libc_nano.a(libc_a-wsetup.o)
 .ARM.attributes
                0x000008ff       0x34 C:/ST/STM32CubeIDE_2.0.0/STM32CubeIDE/plugins/com.st.stm32cube.ide.mcu.externaltools.gnu-tools-for-stm32.13.3.rel1.win32_1.0.100.202509120712/tools/bin/../lib/gcc/arm-none-eabi/13.3.1/../../../../arm-none-eabi/lib/thumb/v7e-m+fp/hard\libc_nano.a(libc_a-sbrkr.o)
 .ARM.attributes
                0x00000933       0x1c C:/ST/STM32CubeIDE_2.0.0/STM32CubeIDE/plugins/com.st.stm32cube.ide.mcu.externaltools.gnu-tools-for-stm32.13.3.rel1.win32_1.0.100.202509120712/tools/bin/../lib/gcc/arm-none-eabi/13.3.1/../../../../arm-none-eabi/lib/thumb/v7e-m+fp/hard\libc_nano.a(libc_a-memchr.o)
 .ARM.attributes
                0x0000094f       0x34 C:/ST/STM32CubeIDE_2.0.0/STM32CubeIDE/plugins/com.st.stm32cube.ide.mcu.externaltools.gnu-tools-for-stm32.13.3.rel1.win32_1.0.100.202509120712/tools/bin/../lib/gcc/arm-none-eabi/13.3.1/../../../../arm-none-eabi/lib/thumb/v7e-m+fp/hard\libc_nano.a(libc_a-makebuf.o)
 .ARM.attributes
                0x00000983       0x34 C:/ST/STM32CubeIDE_2.0.0/STM32CubeIDE/plugins/com.st.stm32cube.ide.mcu.externaltools.gnu-tools-for-stm32.13.3.rel1.win32_1.0.100.202509120712/tools/bin/../lib/gcc/arm-none-eabi/13.3.1/../../../../arm-none-eabi/lib/thumb/v7e-m+fp/hard\libc_nano.a(libc_a-fstatr.o)
 .ARM.attributes
                0x000009b7       0x34 C:/ST/STM32CubeIDE_2.0.0/STM32CubeIDE/plugins/com.st.stm32cube.ide.mcu.externaltools.gnu-tools-for-stm32.13.3.rel1.win32_1.0.100.202509120712/tools/bin/../lib/gcc/arm-none-eabi/13.3.1/../../../../arm-none-eabi/lib/thumb/v7e-m+fp/hard\libc_nano.a(libc_a-isattyr.o)
 .ARM.attributes
                0x000009eb       0x22 C:/ST/STM32CubeIDE_2.0.0/STM32CubeIDE/plugins/com.st.stm32cube.ide.mcu.externaltools.gnu-tools-for-stm32.13.3.rel1.win32_1.0.100.202509120712/tools/bin/../lib/gcc/arm-none-eabi/13.3.1/thumb/v7e-m+fp/hard\libgcc.a(_aeabi_uldivmod.o)
 .ARM.attributes
                0x00000a0d       0x34 C:/ST/STM32CubeIDE_2.0.0/STM32CubeIDE/plugins/com.st.stm32cube.ide.mcu.externaltools.gnu-tools-for-stm32.13.3.rel1.win32_1.0.100.202509120712/tools/bin/../lib/gcc/arm-none-eabi/13.3.1/thumb/v7e-m+fp/hard\libgcc.a(_udivmoddi4.o)
 .ARM.attributes
                0x00000a41       0x22 C:/ST/STM32CubeIDE_2.0.0/STM32CubeIDE/plugins/com.st.stm32cube.ide.mcu.externaltools.gnu-tools-for-stm32.13.3.rel1.win32_1.0.100.202509120712/tools/bin/../lib/gcc/arm-none-eabi/13.3.1/thumb/v7e-m+fp/hard\libgcc.a(_dvmd_tls.o)
 .ARM.attributes
                0x00000a63       0x22 C:/ST/STM32CubeIDE_2.0.0/STM32CubeIDE/plugins/com.st.stm32cube.ide.mcu.externaltools.gnu-tools-for-stm32.13.3.rel1.win32_1.0.100.202509120712/tools/bin/../lib/gcc/arm-none-eabi/13.3.1/thumb/v7e-m+fp/hard/crtn.o
OUTPUT(practice1.elf elf32-littlearm)
LOAD linker stubs
LOAD C:/ST/STM32CubeIDE_2.0.0/STM32CubeIDE/plugins/com.st.stm32cube.ide.mcu.externaltools.gnu-tools-for-stm32.13.3.rel1.win32_1.0.100.202509120712/tools/bin/../lib/gcc/arm-none-eabi/13.3.1/../../../../arm-none-eabi/lib/thumb/v7e-m+fp/hard\libc.a
LOAD C:/ST/STM32CubeIDE_2.0.0/STM32CubeIDE/plugins/com.st.stm32cube.ide.mcu.externaltools.gnu-tools-for-stm32.13.3.rel1.win32_1.0.100.202509120712/tools/bin/../lib/gcc/arm-none-eabi/13.3.1/../../../../arm-none-eabi/lib/thumb/v7e-m+fp/hard\libm.a
LOAD C:/ST/STM32CubeIDE_2.0.0/STM32CubeIDE/plugins/com.st.stm32cube.ide.mcu.externaltools.gnu-tools-for-stm32.13.3.rel1.win32_1.0.100.202509120712/tools/bin/../lib/gcc/arm-none-eabi/13.3.1/thumb/v7e-m+fp/hard\libgcc.a

.debug_info     0x00000000     0xea07
 .debug_info    0x00000000      0xea6 ./Core/Src/main.o
 .debug_info    0x00000ea6      0x269 ./Core/Src/stm32f4xx_hal_msp.o
 .debug_info    0x0000110f      0xbee ./Core/Src/stm32f4xx_hal_timebase_tim.o
 .debug_info    0x00001cfd      0x6ab ./Core/Src/stm32f4xx_it.o
 .debug_info    0x000023a8      0x6d1 ./Core/Src/syscalls.o
 .debug_info    0x00002a79      0x168 ./Core/Src/sysmem.o
 .debug_info    0x00002be1      0x512 ./Core/Src/system_stm32f4xx.o
 .debug_info    0x000030f3       0x30 ./Core/Startup/startup_stm32f407vgtx.o
 .debug_info    0x00003123      0x944 ./Drivers/STM32F4xx_HAL_Driver/Src/stm32f4xx_hal.o
 .debug_info    0x00003a67      0xd8c ./Drivers/STM32F4xx_HAL_Driver/Src/stm32f4xx_hal_cortex.o
 .debug_info    0x000047f3      0x6c3 ./Drivers/STM32F4xx_HAL_Driver/Src/stm32f4xx_hal_gpio.o
 .debug_info    0x00004eb6      0x8c3 ./Drivers/STM32F4xx_HAL_Driver/Src/stm32f4xx_hal_rcc.o
 .debug_info    0x00005779     0x299d ./Drivers/STM32F4xx_HAL_Driver/Src/stm32f4xx_hal_tim.o
 .debug_info    0x00008116     0x14db ./Drivers/STM32F4xx_HAL_Driver/Src/stm32f4xx_hal_tim_ex.o
 .debug_info    0x000095f1      0x2af ./FreeRTOS/list.o
 .debug_info    0x000098a0     0x17d9 ./FreeRTOS/queue.o
 .debug_info    0x0000b079     0x20ea ./FreeRTOS/tasks.o
 .debug_info    0x0000d163      0xe4d ./FreeRTOS/timers.o
 .debug_info    0x0000dfb0      0x582 ./FreeRTOS/portable/GCC/ARM_CM4F/port.o
 .debug_info    0x0000e532      0x4d5 ./FreeRTOS/portable/MemMang/heap_4.o

.debug_abbrev   0x00000000     0x28db
 .debug_abbrev  0x00000000      0x324 ./Core/Src/main.o
 .debug_abbrev  0x00000324       0xd8 ./Core/Src/stm32f4xx_hal_msp.o
 .debug_abbrev  0x000003fc      0x1f4 ./Core/Src/stm32f4xx_hal_timebase_tim.o
 .debug_abbrev  0x000005f0      0x17d ./Core/Src/stm32f4xx_it.o
 .debug_abbrev  0x0000076d      0x1b1 ./Core/Src/syscalls.o
 .debug_abbrev  0x0000091e       0xbc ./Core/Src/sysmem.o
 .debug_abbrev  0x000009da      0x11a ./Core/Src/system_stm32f4xx.o
 .debug_abbrev  0x00000af4       0x24 ./Core/Startup/startup_stm32f407vgtx.o
 .debug_abbrev  0x00000b18      0x214 ./Drivers/STM32F4xx_HAL_Driver/Src/stm32f4xx_hal.o
 .debug_abbrev  0x00000d2c      0x31d ./Drivers/STM32F4xx_HAL_Driver/Src/stm32f4xx_hal_cortex.o
 .debug_abbrev  0x00001049      0x1d4 ./Drivers/STM32F4xx_HAL_Driver/Src/stm32f4xx_hal_gpio.o
 .debug_abbrev  0x0000121d      0x2b7 ./Drivers/STM32F4xx_HAL_Driver/Src/stm32f4xx_hal_rcc.o
 .debug_abbrev  0x000014d4      0x278 ./Drivers/STM32F4xx_HAL_Driver/Src/stm32f4xx_hal_tim.o
 .debug_abbrev  0x0000174c      0x283 ./Drivers/STM32F4xx_HAL_Driver/Src/stm32f4xx_hal_tim_ex.o
 .debug_abbrev  0x000019cf       0xf5 ./FreeRTOS/list.o
 .debug_abbrev  0x00001ac4      0x323 ./FreeRTOS/queue.o
 .debug_abbrev  0x00001de7      0x39e ./FreeRTOS/tasks.o
 .debug_abbrev  0x00002185      0x2de ./FreeRTOS/timers.o
 .debug_abbrev  0x00002463      0x25a ./FreeRTOS/portable/GCC/ARM_CM4F/port.o
 .debug_abbrev  0x000026bd      0x21e ./FreeRTOS/portable/MemMang/heap_4.o

.debug_aranges  0x00000000      0xf78
 .debug_aranges
                0x00000000       0x50 ./Core/Src/main.o
 .debug_aranges
                0x00000050       0x20 ./Core/Src/stm32f4xx_hal_msp.o
 .debug_aranges
                0x00000070       0x30 ./Core/Src/stm32f4xx_hal_timebase_tim.o
 .debug_aranges
                0x000000a0       0x50 ./Core/Src/stm32f4xx_it.o
 .debug_aranges
                0x000000f0       0xb0 ./Core/Src/syscalls.o
 .debug_aranges
                0x000001a0       0x20 ./Core/Src/sysmem.o
 .debug_aranges
                0x000001c0       0x28 ./Core/Src/system_stm32f4xx.o
 .debug_aranges
                0x000001e8       0x28 ./Core/Startup/startup_stm32f407vgtx.o
 .debug_aranges
                0x00000210       0xf0 ./Drivers/STM32F4xx_HAL_Driver/Src/stm32f4xx_hal.o
 .debug_aranges
                0x00000300      0x130 ./Drivers/STM32F4xx_HAL_Driver/Src/stm32f4xx_hal_cortex.o
 .debug_aranges
                0x00000430       0x58 ./Drivers/STM32F4xx_HAL_Driver/Src/stm32f4xx_hal_gpio.o
 .debug_aranges
                0x00000488       0x88 ./Drivers/STM32F4xx_HAL_Driver/Src/stm32f4xx_hal_rcc.o
 .debug_aranges
                0x00000510      0x3d0 ./Drivers/STM32F4xx_HAL_Driver/Src/stm32f4xx_hal_tim.o
 .debug_aranges
                0x000008e0      0x168 ./Drivers/STM32F4xx_HAL_Driver/Src/stm32f4xx_hal_tim_ex.o
 .debug_aranges
                0x00000a48       0x40 ./FreeRTOS/list.o
 .debug_aranges
                0x00000a88      0x130 ./FreeRTOS/queue.o
 .debug_aranges
                0x00000bb8      0x208 ./FreeRTOS/tasks.o
 .debug_aranges
                0x00000dc0       0xd8 ./FreeRTOS/timers.o
 .debug_aranges
                0x00000e98       0x88 ./FreeRTOS/portable/GCC/ARM_CM4F/port.o
 .debug_aranges
                0x00000f20       0x58 ./FreeRTOS/portable/MemMang/heap_4.o

.debug_rnglists
                0x00000000      0xbda
 .debug_rnglists
                0x00000000       0x3a ./Core/Src/main.o
 .debug_rnglists
                0x0000003a       0x13 ./Core/Src/stm32f4xx_hal_msp.o
 .debug_rnglists
                0x0000004d       0x20 ./Core/Src/stm32f4xx_hal_timebase_tim.o
 .debug_rnglists
                0x0000006d       0x37 ./Core/Src/stm32f4xx_it.o
 .debug_rnglists
                0x000000a4       0x7f ./Core/Src/syscalls.o
 .debug_rnglists
                0x00000123       0x13 ./Core/Src/sysmem.o
 .debug_rnglists
                0x00000136       0x1a ./Core/Src/system_stm32f4xx.o
 .debug_rnglists
                0x00000150       0x19 ./Core/Startup/startup_stm32f407vgtx.o
 .debug_rnglists
                0x00000169       0xaf ./Drivers/STM32F4xx_HAL_Driver/Src/stm32f4xx_hal.o
 .debug_rnglists
                0x00000218       0xe0 ./Drivers/STM32F4xx_HAL_Driver/Src/stm32f4xx_hal_cortex.o
 .debug_rnglists
                0x000002f8       0x3f ./Drivers/STM32F4xx_HAL_Driver/Src/stm32f4xx_hal_gpio.o
 .debug_rnglists
                0x00000337       0x66 ./Drivers/STM32F4xx_HAL_Driver/Src/stm32f4xx_hal_rcc.o
 .debug_rnglists
                0x0000039d      0x31a ./Drivers/STM32F4xx_HAL_Driver/Src/stm32f4xx_hal_tim.o
 .debug_rnglists
                0x000006b7      0x125 ./Drivers/STM32F4xx_HAL_Driver/Src/stm32f4xx_hal_tim_ex.o
 .debug_rnglists
                0x000007dc       0x2b ./FreeRTOS/list.o
 .debug_rnglists
                0x00000807       0xeb ./FreeRTOS/queue.o
 .debug_rnglists
                0x000008f2      0x19f ./FreeRTOS/tasks.o
 .debug_rnglists
                0x00000a91       0xa3 ./FreeRTOS/timers.o
 .debug_rnglists
                0x00000b34       0x64 ./FreeRTOS/portable/GCC/ARM_CM4F/port.o
 .debug_rnglists
                0x00000b98       0x42 ./FreeRTOS/portable/MemMang/heap_4.o

.debug_macro    0x00000000    0x230da
 .debug_macro   0x00000000      0x319 ./Core/Src/main.o
 .debug_macro   0x00000319      0xad8 ./Core/Src/main.o
 .debug_macro   0x00000df1      0x295 ./Core/Src/main.o
 .debug_macro   0x00001086       0x2e ./Core/Src/main.o
 .debug_macro   0x000010b4       0x2f ./Core/Src/main.o
 .debug_macro   0x000010e3       0x22 ./Core/Src/main.o
 .debug_macro   0x00001105       0x8e ./Core/Src/main.o
 .debug_macro   0x00001193       0x51 ./Core/Src/main.o
 .debug_macro   0x000011e4      0x103 ./Core/Src/main.o
 .debug_macro   0x000012e7       0x6a ./Core/Src/main.o
 .debug_macro   0x00001351      0x1df ./Core/Src/main.o
 .debug_macro   0x00001530       0x1c ./Core/Src/main.o
 .debug_macro   0x0000154c       0x22 ./Core/Src/main.o
 .debug_macro   0x0000156e       0xfb ./Core/Src/main.o
 .debug_macro   0x00001669     0x1011 ./Core/Src/main.o
 .debug_macro   0x0000267a      0x11f ./Core/Src/main.o
 .debug_macro   0x00002799    0x15ea5 ./Core/Src/main.o
 .debug_macro   0x0001863e       0x6d ./Core/Src/main.o
 .debug_macro   0x000186ab     0x3693 ./Core/Src/main.o
 .debug_macro   0x0001bd3e      0x190 ./Core/Src/main.o
 .debug_macro   0x0001bece       0x5c ./Core/Src/main.o
 .debug_macro   0x0001bf2a      0x980 ./Core/Src/main.o
 .debug_macro   0x0001c8aa      0x9e9 ./Core/Src/main.o
 .debug_macro   0x0001d293      0x115 ./Core/Src/main.o
 .debug_macro   0x0001d3a8      0x13e ./Core/Src/main.o
 .debug_macro   0x0001d4e6       0xa5 ./Core/Src/main.o
 .debug_macro   0x0001d58b      0x174 ./Core/Src/main.o
 .debug_macro   0x0001d6ff      0x287 ./Core/Src/main.o
 .debug_macro   0x0001d986       0x5f ./Core/Src/main.o
 .debug_macro   0x0001d9e5      0x236 ./Core/Src/main.o
 .debug_macro   0x0001dc1b      0x12c ./Core/Src/main.o
 .debug_macro   0x0001dd47      0x21e ./Core/Src/main.o
 .debug_macro   0x0001df65       0x2e ./Core/Src/main.o
 .debug_macro   0x0001df93      0x127 ./Core/Src/main.o
 .debug_macro   0x0001e0ba       0x7e ./Core/Src/main.o
 .debug_macro   0x0001e138       0x89 ./Core/Src/main.o
 .debug_macro   0x0001e1c1      0x8ed ./Core/Src/main.o
 .debug_macro   0x0001eaae       0x4d ./Core/Src/main.o
 .debug_macro   0x0001eafb      0x12d ./Core/Src/main.o
 .debug_macro   0x0001ec28      0x190 ./Core/Src/main.o
 .debug_macro   0x0001edb8       0x61 ./Core/Src/main.o
 .debug_macro   0x0001ee19       0x2a ./Core/Src/main.o
 .debug_macro   0x0001ee43       0x43 ./Core/Src/main.o
 .debug_macro   0x0001ee86       0x34 ./Core/Src/main.o
 .debug_macro   0x0001eeba       0x16 ./Core/Src/main.o
 .debug_macro   0x0001eed0       0x3c ./Core/Src/main.o
 .debug_macro   0x0001ef0c      0x370 ./Core/Src/main.o
 .debug_macro   0x0001f27c       0x10 ./Core/Src/main.o
 .debug_macro   0x0001f28c       0x16 ./Core/Src/main.o
 .debug_macro   0x0001f2a2       0x4a ./Core/Src/main.o
 .debug_macro   0x0001f2ec       0x34 ./Core/Src/main.o
 .debug_macro   0x0001f320       0x10 ./Core/Src/main.o
 .debug_macro   0x0001f330       0x58 ./Core/Src/main.o
 .debug_macro   0x0001f388       0x8e ./Core/Src/main.o
 .debug_macro   0x0001f416       0x1c ./Core/Src/main.o
 .debug_macro   0x0001f432      0x185 ./Core/Src/main.o
 .debug_macro   0x0001f5b7       0x16 ./Core/Src/main.o
 .debug_macro   0x0001f5cd       0x16 ./Core/Src/main.o
 .debug_macro   0x0001f5e3      0x146 ./Core/Src/main.o
 .debug_macro   0x0001f729      0x112 ./Core/Src/main.o
 .debug_macro   0x0001f83b      0x15a ./Core/Src/main.o
 .debug_macro   0x0001f995       0xea ./Core/Src/main.o
 .debug_macro   0x0001fa7f       0x1c ./Core/Src/main.o
 .debug_macro   0x0001fa9b       0x26 ./Core/Src/main.o
 .debug_macro   0x0001fac1      0x527 ./Core/Src/main.o
 .debug_macro   0x0001ffe8       0xb5 ./Core/Src/main.o
 .debug_macro   0x0002009d      0x120 ./Core/Src/main.o
 .debug_macro   0x000201bd      0x1d3 ./Core/Src/stm32f4xx_hal_msp.o
 .debug_macro   0x00020390      0x1c4 ./Core/Src/stm32f4xx_hal_timebase_tim.o
 .debug_macro   0x00020554      0x1dd ./Core/Src/stm32f4xx_it.o
 .debug_macro   0x00020731      0x286 ./Core/Src/syscalls.o
 .debug_macro   0x000209b7       0x5b ./Core/Src/syscalls.o
 .debug_macro   0x00020a12       0x94 ./Core/Src/syscalls.o
 .debug_macro   0x00020aa6       0x57 ./Core/Src/syscalls.o
 .debug_macro   0x00020afd       0x10 ./Core/Src/syscalls.o
 .debug_macro   0x00020b0d       0x10 ./Core/Src/syscalls.o
 .debug_macro   0x00020b1d       0x10 ./Core/Src/syscalls.o
 .debug_macro   0x00020b2d       0x10 ./Core/Src/syscalls.o
 .debug_macro   0x00020b3d       0x1c ./Core/Src/syscalls.o
 .debug_macro   0x00020b59       0x52 ./Core/Src/syscalls.o
 .debug_macro   0x00020bab       0x22 ./Core/Src/syscalls.o
 .debug_macro   0x00020bcd       0x10 ./Core/Src/syscalls.o
 .debug_macro   0x00020bdd       0x52 ./Core/Src/syscalls.o
 .debug_macro   0x00020c2f       0xcf ./Core/Src/syscalls.o
 .debug_macro   0x00020cfe       0x1c ./Core/Src/syscalls.o
 .debug_macro   0x00020d1a       0x3d ./Core/Src/syscalls.o
 .debug_macro   0x00020d57       0x35 ./Core/Src/syscalls.o
 .debug_macro   0x00020d8c      0x12c ./Core/Src/syscalls.o
 .debug_macro   0x00020eb8       0x16 ./Core/Src/syscalls.o
 .debug_macro   0x00020ece       0x16 ./Core/Src/syscalls.o
 .debug_macro   0x00020ee4       0x29 ./Core/Src/syscalls.o
 .debug_macro   0x00020f0d       0x10 ./Core/Src/syscalls.o
 .debug_macro   0x00020f1d      0x242 ./Core/Src/syscalls.o
 .debug_macro   0x0002115f       0x1c ./Core/Src/syscalls.o
 .debug_macro   0x0002117b       0x10 ./Core/Src/syscalls.o
 .debug_macro   0x0002118b      0x18a ./Core/Src/syscalls.o
 .debug_macro   0x00021315       0x16 ./Core/Src/syscalls.o
 .debug_macro   0x0002132b       0xce ./Core/Src/syscalls.o
 .debug_macro   0x000213f9      0x112 ./Core/Src/sysmem.o
 .debug_macro   0x0002150b      0x23c ./Core/Src/sysmem.o
 .debug_macro   0x00021747      0x1c4 ./Core/Src/system_stm32f4xx.o
 .debug_macro   0x0002190b      0x224 ./Drivers/STM32F4xx_HAL_Driver/Src/stm32f4xx_hal.o
 .debug_macro   0x00021b2f      0x1c4 ./Drivers/STM32F4xx_HAL_Driver/Src/stm32f4xx_hal_cortex.o
 .debug_macro   0x00021cf3      0x1ca ./Drivers/STM32F4xx_HAL_Driver/Src/stm32f4xx_hal_gpio.o
 .debug_macro   0x00021ebd      0x1e8 ./Drivers/STM32F4xx_HAL_Driver/Src/stm32f4xx_hal_rcc.o
 .debug_macro   0x000220a5      0x1c5 ./Drivers/STM32F4xx_HAL_Driver/Src/stm32f4xx_hal_tim.o
 .debug_macro   0x0002226a      0x1c4 ./Drivers/STM32F4xx_HAL_Driver/Src/stm32f4xx_hal_tim_ex.o
 .debug_macro   0x0002242e      0x193 ./FreeRTOS/list.o
 .debug_macro   0x000225c1      0x21c ./FreeRTOS/queue.o
 .debug_macro   0x000227dd       0x16 ./FreeRTOS/queue.o
 .debug_macro   0x000227f3       0x20 ./FreeRTOS/queue.o
 .debug_macro   0x00022813       0x80 ./FreeRTOS/queue.o
 .debug_macro   0x00022893      0x280 ./FreeRTOS/tasks.o
 .debug_macro   0x00022b13       0x10 ./FreeRTOS/tasks.o
 .debug_macro   0x00022b23      0x1dc ./FreeRTOS/timers.o
 .debug_macro   0x00022cff       0x97 ./FreeRTOS/timers.o
 .debug_macro   0x00022d96      0x196 ./FreeRTOS/portable/GCC/ARM_CM4F/port.o
 .debug_macro   0x00022f2c      0x1ae ./FreeRTOS/portable/MemMang/heap_4.o

.debug_line     0x00000000    0x11467
 .debug_line    0x00000000      0xb8c ./Core/Src/main.o
 .debug_line    0x00000b8c      0x732 ./Core/Src/stm32f4xx_hal_msp.o
 .debug_line    0x000012be      0x7b0 ./Core/Src/stm32f4xx_hal_timebase_tim.o
 .debug_line    0x00001a6e      0x7bb ./Core/Src/stm32f4xx_it.o
 .debug_line    0x00002229      0x8f0 ./Core/Src/syscalls.o
 .debug_line    0x00002b19      0x58d ./Core/Src/sysmem.o
 .debug_line    0x000030a6      0x7a8 ./Core/Src/system_stm32f4xx.o
 .debug_line    0x0000384e       0x7a ./Core/Startup/startup_stm32f407vgtx.o
 .debug_line    0x000038c8      0xa24 ./Drivers/STM32F4xx_HAL_Driver/Src/stm32f4xx_hal.o
 .debug_line    0x000042ec      0xcf4 ./Drivers/STM32F4xx_HAL_Driver/Src/stm32f4xx_hal_cortex.o
 .debug_line    0x00004fe0      0xb7c ./Drivers/STM32F4xx_HAL_Driver/Src/stm32f4xx_hal_gpio.o
 .debug_line    0x00005b5c      0xe33 ./Drivers/STM32F4xx_HAL_Driver/Src/stm32f4xx_hal_rcc.o
 .debug_line    0x0000698f     0x3799 ./Drivers/STM32F4xx_HAL_Driver/Src/stm32f4xx_hal_tim.o
 .debug_line    0x0000a128     0x1984 ./Drivers/STM32F4xx_HAL_Driver/Src/stm32f4xx_hal_tim_ex.o
 .debug_line    0x0000baac      0x7b9 ./FreeRTOS/list.o
 .debug_line    0x0000c265     0x1614 ./FreeRTOS/queue.o
 .debug_line    0x0000d879     0x1c4e ./FreeRTOS/tasks.o
 .debug_line    0x0000f4c7      0xcfe ./FreeRTOS/timers.o
 .debug_line    0x000101c5      0x8b5 ./FreeRTOS/portable/GCC/ARM_CM4F/port.o
 .debug_line    0x00010a7a      0x9ed ./FreeRTOS/portable/MemMang/heap_4.o

.debug_str      0x00000000    0xd3976
 .debug_str     0x00000000    0xd3976 ./Core/Src/main.o
                              0xcb4fd (size before relaxing)
 .debug_str     0x000d3976        0x0 ./Core/Src/stm32f4xx_hal_msp.o
                              0xc27da (size before relaxing)
 .debug_str     0x000d3976        0x0 ./Core/Src/stm32f4xx_hal_timebase_tim.o
                              0xc2d1c (size before relaxing)
 .debug_str     0x000d3976        0x0 ./Core/Src/stm32f4xx_it.o
                              0xc2c8b (size before relaxing)
 .debug_str     0x000d3976        0x0 ./Core/Src/syscalls.o
                               0x9a7e (size before relaxing)
 .debug_str     0x000d3976        0x0 ./Core/Src/sysmem.o
                               0x776e (size before relaxing)
 .debug_str     0x000d3976        0x0 ./Core/Src/system_stm32f4xx.o
                              0xc2225 (size before relaxing)
 .debug_str     0x000d3976        0x0 ./Core/Startup/startup_stm32f407vgtx.o
                                 0x70 (size before relaxing)
 .debug_str     0x000d3976        0x0 ./Drivers/STM32F4xx_HAL_Driver/Src/stm32f4xx_hal.o
                              0xc2da9 (size before relaxing)
 .debug_str     0x000d3976        0x0 ./Drivers/STM32F4xx_HAL_Driver/Src/stm32f4xx_hal_cortex.o
                              0xc2b25 (size before relaxing)
 .debug_str     0x000d3976        0x0 ./Drivers/STM32F4xx_HAL_Driver/Src/stm32f4xx_hal_gpio.o
                              0xc23a0 (size before relaxing)
 .debug_str     0x000d3976        0x0 ./Drivers/STM32F4xx_HAL_Driver/Src/stm32f4xx_hal_rcc.o
                              0xc2659 (size before relaxing)
 .debug_str     0x000d3976        0x0 ./Drivers/STM32F4xx_HAL_Driver/Src/stm32f4xx_hal_tim.o
                              0xc35af (size before relaxing)
 .debug_str     0x000d3976        0x0 ./Drivers/STM32F4xx_HAL_Driver/Src/stm32f4xx_hal_tim_ex.o
                              0xc2dbb (size before relaxing)
 .debug_str     0x000d3976        0x0 ./FreeRTOS/list.o
                               0xaf7c (size before relaxing)
 .debug_str     0x000d3976        0x0 ./FreeRTOS/queue.o
                               0xd407 (size before relaxing)
 .debug_str     0x000d3976        0x0 ./FreeRTOS/tasks.o
                               0xe194 (size before relaxing)
 .debug_str     0x000d3976        0x0 ./FreeRTOS/timers.o
                               0xd79b (size before relaxing)
 .debug_str     0x000d3976        0x0 ./FreeRTOS/portable/GCC/ARM_CM4F/port.o