Archive member included to satisfy reference by file (symbol)

C:/ST/STM32CubeIDE_2.0.0/STM32CubeIDE/plugins/com.st.stm32cube.ide.mcu.externaltools.gnu-tools-for-stm32.13.3.rel1.win32_1.0.100.202509120712/tools/bin/../lib/gcc/arm-none-eabi/13.3.1/../../../../arm-none-eabi/lib/thumb/v7e-m+fp/hard\libc_nano.a(libc_a-exit.o)
                              C:/ST/STM32CubeIDE_2.0.0/STM32CubeIDE/plugins/com.st.stm32cube.ide.mcu.externaltools.gnu-tools-for-stm32.13.3.rel1.win32_1.0.100.202509120712/tools/bin/../lib/gcc/arm-none-eabi/13.3.1/../../../../arm-none-eabi/lib/thumb/v7e-m+fp/hard/crt0.o (exit)
C:/ST/STM32CubeIDE_2.0.0/STM32CubeIDE/plugins/com.st.stm32cube.ide.mcu.externaltools.gnu-tools-for-stm32.13.3.rel1.win32_1.0.100.202509120712/tools/bin/../lib/gcc/arm-none-eabi/13.3.1/../../../../arm-none-eabi/lib/thumb/v7e-m+fp/hard\libc_nano.a(libc_a-findfp.o)
                              C:/ST/STM32CubeIDE_2.0.0/STM32CubeIDE/plugins/com.st.stm32cube.ide.mcu.externaltools.gnu-tools-for-stm32.13.3.rel1.win32_1.0.100.202509120712/tools/bin/../lib/gcc/arm-none-eabi/13.3.1/../../../../arm-none-eabi/lib/thumb/v7e-m+fp/hard\libc_nano.a(libc_a-exit.o) (__stdio_exit_handler)
C:/ST/STM32CubeIDE_2.0.0/STM32CubeIDE/plugins/com.st.stm32cube.ide.mcu.externaltools.gnu-tools-for-stm32.13.3.rel1.win32_1.0.100.202509120712/tools/bin/../lib/gcc/arm-none-eabi/13.3.1/../../../../arm-none-eabi/lib/thumb/v7e-m+fp/hard\libc_nano.a(libc_a-fwalk.o)
                              C:/ST/STM32CubeIDE_2.0.0/STM32CubeIDE/plugins/com.st.stm32cube.ide.mcu.externaltools.gnu-tools-for-stm32.13.3.rel1.win32_1.0.100.202509120712/tools/bin/../lib/gcc/arm-none-eabi/13.3.1/../../../../arm-none-eabi/lib/thumb/v7e-m+fp/hard\libc_nano.a(libc_a-findfp.o) (_fwalk_sglue)
C:/ST/STM32CubeIDE_2.0.0/STM32CubeIDE/plugins/com.st.stm32cube.ide.mcu.externaltools.gnu-tools-for-stm32.13.3.rel1.win32_1.0.100.202509120712/tools/bin/../lib/gcc/arm-none-eabi/13.3.1/../../../../arm-none-eabi/lib/thumb/v7e-m+fp/hard\libc_nano.a(libc_a-stdio.o)
                              C:/ST/STM32CubeIDE_2.0.0/STM32CubeIDE/plugins/com.st.stm32cube.ide.mcu.externaltools.gnu-tools-for-stm32.13.3.rel1.win32_1.0.100.202509120712/tools/bin/../lib/gcc/arm-none-eabi/13.3.1/../../../../arm-none-eabi/lib/thumb/v7e-m+fp/hard\libc_nano.a(libc_a-findfp.o) (__sread)
C:/ST/STM32CubeIDE_2.0.0/STM32CubeIDE/plugins/com.st.stm32cube.ide.mcu.externaltools.gnu-tools-for-stm32.13.3.rel1.win32_1.0.100.202509120712/tools/bin/../lib/gcc/arm-none-eabi/13.3.1/../../../../arm-none-eabi/lib/thumb/v7e-m+fp/hard\libc_nano.a(libc_a-memcmp.o)
                              ./common/ThirdParty/SEGGER/OS/SEGGER_SYSVIEW_FreeRTOS.o (memcmp)
C:/ST/STM32CubeIDE_2.0.0/STM32CubeIDE/plugins/com.st.stm32cube.ide.mcu.externaltools.gnu-tools-for-stm32.13.3.rel1.win32_1.0.100.202509120712/tools/bin/../lib/gcc/arm-none-eabi/13.3.1/../../../../arm-none-eabi/lib/thumb/v7e-m+fp/hard\libc_nano.a(libc_a-memset.o)
                              C:/ST/STM32CubeIDE_2.0.0/STM32CubeIDE/plugins/com.st.stm32cube.ide.mcu.externaltools.gnu-tools-for-stm32.13.3.rel1.win32_1.0.100.202509120712/tools/bin/../lib/gcc/arm-none-eabi/13.3.1/../../../../arm-none-eabi/lib/thumb/v7e-m+fp/hard/crt0.o (memset)
C:/ST/STM32CubeIDE_2.0.0/STM32CubeIDE/plugins/com.st.stm32cube.ide.mcu.externaltools.gnu-tools-for-stm32.13.3.rel1.win32_1.0.100.202509120712/tools/bin/../lib/gcc/arm-none-eabi/13.3.1/../../../../arm-none-eabi/lib/thumb/v7e-m+fp/hard\libc_nano.a(libc_a-closer.o)
                              C:/ST/STM32CubeIDE_2.0.0/STM32CubeIDE/plugins/com.st.stm32cube.ide.mcu.externaltools.gnu-tools-for-stm32.13.3.rel1.win32_1.0.100.202509120712/tools/bin/../lib/gcc/arm-none-eabi/13.3.1/../../../../arm-none-eabi/lib/thumb/v7e-m+fp/hard\libc_nano.a(libc_a-stdio.o) (_close_r)
C:/ST/STM32CubeIDE_2.0.0/STM32CubeIDE/plugins/com.st.stm32cube.ide.mcu.externaltools.gnu-tools-for-stm32.13.3.rel1.win32_1.0.100.202509120712/tools/bin/../lib/gcc/arm-none-eabi/13.3.1/../../../../arm-none-eabi/lib/thumb/v7e-m+fp/hard\libc_nano.a(libc_a-reent.o)
                              C:/ST/STM32CubeIDE_2.0.0/STM32CubeIDE/plugins/com.st.stm32cube.ide.mcu.externaltools.gnu-tools-for-stm32.13.3.rel1.win32_1.0.100.202509120712/tools/bin/../lib/gcc/arm-none-eabi/13.3.1/../../../../arm-none-eabi/lib/thumb/v7e-m+fp/hard\libc_nano.a(libc_a-closer.o) (errno)
C:/ST/STM32CubeIDE_2.0.0/STM32CubeIDE/plugins/com.st.stm32cube.ide.mcu.externaltools.gnu-tools-for-stm32.13.3.rel1.win32_1.0.100.202509120712/tools/bin/../lib/gcc/arm-none-eabi/13.3.1/../../../../arm-none-eabi/lib/thumb/v7e-m+fp/hard\libc_nano.a(libc_a-impure.o)
                              C:/ST/STM32CubeIDE_2.0.0/STM32CubeIDE/plugins/com.st.stm32cube.ide.mcu.externaltools.gnu-tools-for-stm32.13.3.rel1.win32_1.0.100.202509120712/tools/bin/../lib/gcc/arm-none-eabi/13.3.1/../../../../arm-none-eabi/lib/thumb/v7e-m+fp/hard\libc_nano.a(libc_a-reent.o) (_impure_ptr)
[...]
Memory Configuration

Name             Origin             Length             Attributes
CCMRAM           0x10000000         0x00010000         xrw
RAM              0x20000000         0x00020000         xrw
FLASH            0x08000000         0x00100000         xr
*default*        0x00000000         0xffffffff

Linker script and memory map

LOAD C:/ST/STM32CubeIDE_2.0.0/STM32CubeIDE/plugins/com.st.stm32cube.ide.mcu.externaltools.gnu-tools-for-stm32.13.3.rel1.win32_1.0.100.202509120712/tools/bin/../lib/gcc/arm-none-eabi/13.3.1/thumb/v7e-m+fp/hard/crti.o
LOAD C:/ST/STM32CubeIDE_2.0.0/STM32CubeIDE/plugins/com.st.stm32cube.ide.mcu.externaltools.gnu-tools-for-stm32.13.3.rel1.win32_1.0.100.202509120712/tools/bin/../lib/gcc/arm-none-eabi/13.3.1/thumb/v7e-m+fp/hard/crtbegin.o
LOAD C:/ST/STM32CubeIDE_2.0.0/STM32CubeIDE/plugins/com.st.stm32cube.ide.mcu.externaltools.gnu-tools-for-stm32.13.3.rel1.win32_1.0.100.202509120712/tools/bin/../lib/gcc/arm-none-eabi/13.3.1/../../../../arm-none-eabi/lib/thumb/v7e-m+fp/hard/crt0.o
LOAD ./Core/Src/main.o
LOAD ./Core/Src/stm32f4xx_hal_msp.o
LOAD ./Core/Src/stm32f4xx_hal_timebase_tim.o
LOAD ./Core/Src/stm32f4xx_it.o
LOAD ./Core/Src/syscalls.o
LOAD ./Core/Src/sysmem.o
LOAD ./Core/Src/system_stm32f4xx.o
LOAD ./Core/Startup/startup_stm32f407vgtx.o
LOAD ./Drivers/STM32F4xx_HAL_Driver/Src/stm32f4xx_hal.o
LOAD ./Drivers/STM32F4xx_HAL_Driver/Src/stm32f4xx_hal_cortex.o
LOAD ./Drivers/STM32F4xx_HAL_Driver/Src/stm32f4xx_hal_dma.o
LOAD ./Drivers/STM32F4xx_HAL_Driver/Src/stm32f4xx_hal_dma_ex.o
LOAD ./Drivers/STM32F4xx_HAL_Driver/Src/stm32f4xx_hal_exti.o
LOAD ./Drivers/STM32F4xx_HAL_Driver/Src/stm32f4xx_hal_flash.o
LOAD ./Drivers/STM32F4xx_HAL_Driver/Src/stm32f4xx_hal_flash_ex.o
LOAD ./Drivers/STM32F4xx_HAL_Driver/Src/stm32f4xx_hal_flash_ramfunc.o
LOAD ./Drivers/STM32F4xx_HAL_Driver/Src/stm32f4xx_hal_gpio.o
LOAD ./Drivers/STM32F4xx_HAL_Driver/Src/stm32f4xx_hal_pwr.o
LOAD ./Drivers/STM32F4xx_HAL_Driver/Src/stm32f4xx_hal_pwr_ex.o
LOAD ./Drivers/STM32F4xx_HAL_Driver/Src/stm32f4xx_hal_rcc.o
LOAD ./Drivers/STM32F4xx_HAL_Driver/Src/stm32f4xx_hal_rcc_ex.o
LOAD ./Drivers/STM32F4xx_HAL_Driver/Src/stm32f4xx_hal_tim.o
LOAD ./Drivers/STM32F4xx_HAL_Driver/Src/stm32f4xx_hal_tim_ex.o
LOAD ./common/ThirdParty/FreeRTOS/croutine.o
LOAD ./common/ThirdParty/FreeRTOS/event_groups.o
LOAD ./common/ThirdParty/FreeRTOS/list.o
LOAD ./common/ThirdParty/FreeRTOS/queue.o
LOAD ./common/ThirdParty/FreeRTOS/stream_buffer.o
LOAD ./common/ThirdParty/FreeRTOS/tasks.o
LOAD ./common/ThirdParty/FreeRTOS/timers.o
LOAD ./common/ThirdParty/FreeRTOS/portable/GCC/ARM_CM4F/port.o
LOAD ./common/ThirdParty/FreeRTOS/portable/MemMang/heap_4.o
LOAD ./common/ThirdParty/SEGGER/Config/SEGGER_SYSVIEW_Config_FreeRTOS.o
LOAD ./common/ThirdParty/SEGGER/OS/SEGGER_SYSVIEW_FreeRTOS.o
LOAD ./common/ThirdParty/SEGGER/SEGGER/SEGGER_RTT.o
LOAD ./common/ThirdParty/SEGGER/SEGGER/SEGGER_RTT_ASM_ARMv7M.o
LOAD ./common/ThirdParty/SEGGER/SEGGER/SEGGER_RTT_printf.o
LOAD ./common/ThirdParty/SEGGER/SEGGER/SEGGER_SYSVIEW.o
LOAD ./common/ThirdParty/SEGGER/SEGGER/Syscalls/SEGGER_RTT_Syscalls_GCC.o
LOAD ./common/ThirdParty/SEGGER/SEGGER/Syscalls/SEGGER_RTT_Syscalls_IAR.o
LOAD ./common/ThirdParty/SEGGER/SEGGER/Syscalls/SEGGER_RTT_Syscalls_KEIL.o
LOAD ./common/ThirdParty/SEGGER/SEGGER/Syscalls/SEGGER_RTT_Syscalls_SES.o
START GROUP
LOAD C:/ST/STM32CubeIDE_2.0.0/STM32CubeIDE/plugins/com.st.stm32cube.ide.mcu.externaltools.gnu-tools-for-stm32.13.3.rel1.win32_1.0.100.202509120712/tools/bin/../lib/gcc/arm-none-eabi/13.3.1/../../../../arm-none-eabi/lib/thumb/v7e-m+fp/hard\libc_nano.a
LOAD C:/ST/STM32CubeIDE_2.0.0/STM32CubeIDE/plugins/com.st.stm32cube.ide.mcu.externaltools.gnu-tools-for-stm32.13.3.rel1.win32_1.0.100.202509120712/tools/bin/../lib/gcc/arm-none-eabi/13.3.1/../../../../arm-none-eabi/lib/thumb/v7e-m+fp/hard\libm.a
END GROUP
START GROUP
LOAD C:/ST/STM32CubeIDE_2.0.0/STM32CubeIDE/plugins/com.st.stm32cube.ide.mcu.externaltools.gnu-tools-for-stm32.13.3.rel1.win32_1.0.100.202509120712/tools/bin/../lib/gcc/arm-none-eabi/13.3.1/thumb/v7e-m+fp/hard\libgcc.a
LOAD C:/ST/STM32CubeIDE_2.0.0/STM32CubeIDE/plugins/com.st.stm32cube.ide.mcu.externaltools.gnu-tools-for-stm32.13.3.rel1.win32_1.0.100.202509120712/tools/bin/../lib/gcc/arm-none-eabi/13.3.1/../../../../arm-none-eabi/lib/thumb/v7e-m+fp/hard\libc_nano.a
END GROUP
START GROUP
LOAD C:/ST/STM32CubeIDE_2.0.0/STM32CubeIDE/plugins/com.st.stm32cube.ide.mcu.externaltools.gnu-tools-for-stm32.13.3.rel1.win32_1.0.100.202509120712/tools/bin/../lib/gcc/arm-none-eabi/13.3.1/thumb/v7e-m+fp/hard\libgcc.a
LOAD C:/ST/STM32CubeIDE_2.0.0/STM32CubeIDE/plugins/com.st.stm32cube.ide.mcu.externaltools.gnu-tools-for-stm32.13.3.rel1.win32_1.0.100.202509120712/tools/bin/../lib/gcc/arm-none-eabi/13.3.1/../../../../arm-none-eabi/lib/thumb/v7e-m+fp/hard\libc_nano.a
LOAD C:/ST/STM32CubeIDE_2.0.0/STM32CubeIDE/plugins/com.st.stm32cube.ide.mcu.externaltools.gnu-tools-for-stm32.13.3.rel1.win32_1.0.100.202509120712/tools/bin/../lib/gcc/arm-none-eabi/13.3.1/../../../../arm-none-eabi/lib/thumb/v7e-m+fp/hard\libnosys.a
END GROUP
START GROUP
LOAD C:/ST/STM32CubeIDE_2.0.0/STM32CubeIDE/plugins/com.st.stm32cube.ide.mcu.externaltools.gnu-tools-for-stm32.13.3.rel1.win32_1.0.100.202509120712/tools/bin/../lib/gcc/arm-none-eabi/13.3.1/thumb/v7e-m+fp/hard\libgcc.a
LOAD C:/ST/STM32CubeIDE_2.0.0/STM32CubeIDE/plugins/com.st.stm32cube.ide.mcu.externaltools.gnu-tools-for-stm32.13.3.rel1.win32_1.0.100.202509120712/tools/bin/../lib/gcc/arm-none-eabi/13.3.1/../../../../arm-none-eabi/lib/thumb/v7e-m+fp/hard\libc_nano.a
LOAD C:/ST/STM32CubeIDE_2.0.0/STM32CubeIDE/plugins/com.st.stm32cube.ide.mcu.externaltools.gnu-tools-for-stm32.13.3.rel1.win32_1.0.100.202509120712/tools/bin/../lib/gcc/arm-none-eabi/13.3.1/../../../../arm-none-eabi/lib/thumb/v7e-m+fp/hard\libnosys.a
END GROUP
LOAD C:/ST/STM32CubeIDE_2.0.0/STM32CubeIDE/plugins/com.st.stm32cube.ide.mcu.externaltools.gnu-tools-for-stm32.13.3.rel1.win32_1.0.100.202509120712/tools/bin/../lib/gcc/arm-none-eabi/13.3.1/thumb/v7e-m+fp/hard/crtend.o
LOAD C:/ST/STM32CubeIDE_2.0.0/STM32CubeIDE/plugins/com.st.stm32cube.ide.mcu.externaltools.gnu-tools-for-stm32.13.3.rel1.win32_1.0.100.202509120712/tools/bin/../lib/gcc/arm-none-eabi/13.3.1/thumb/v7e-m+fp/hard/crtn.o
                0x20020000                        _estack = (ORIGIN (RAM) + LENGTH (RAM))
                0x00000200                        _Min_Heap_Size = 0x200
                0x00000400                        _Min_Stack_Size = 0x400

.isr_vector     0x08000000      0x188
                0x08000000                        . = ALIGN (0x4)
 *(.isr_vector)
 .isr_vector    0x08000000      0x188 ./Core/Startup/startup_stm32f407vgtx.o
                0x08000000                g_pfnVectors
                0x08000188                        . = ALIGN (0x4)

.text           0x08000190     0x756c
                0x08000190                        . = ALIGN (0x4)
 *(.text)
 .text          0x08000190       0x40 C:/ST/STM32CubeIDE_2.0.0/STM32CubeIDE/plugins/com.st.stm32cube.ide.mcu.externaltools.gnu-tools-for-stm32.13.3.rel1.win32_1.0.100.202509120712/tools/bin/../lib/gcc/arm-none-eabi/13.3.1/thumb/v7e-m+fp/hard/crtbegin.o
 .text          0x080001d0       0x94 ./common/ThirdParty/SEGGER/SEGGER/SEGGER_RTT_ASM_ARMv7M.o
                0x080001d0                SEGGER_RTT_ASM_WriteSkipNoLock
 .text          0x08000264       0x30 C:/ST/STM32CubeIDE_2.0.0/STM32CubeIDE/plugins/com.st.stm32cube.ide.mcu.externaltools.gnu-tools-for-stm32.13.3.rel1.win32_1.0.100.202509120712/tools/bin/../lib/gcc/arm-none-eabi/13.3.1/thumb/v7e-m+fp/hard\libgcc.a(_aeabi_uldivmod.o)
                0x08000264                __aeabi_uldivmod
 .text          0x08000294      0x2f8 C:/ST/STM32CubeIDE_2.0.0/STM32CubeIDE/plugins/com.st.stm32cube.ide.mcu.externaltools.gnu-tools-for-stm32.13.3.rel1.win32_1.0.100.202509120712/tools/bin/../lib/gcc/arm-none-eabi/13.3.1/thumb/v7e-m+fp/hard\libgcc.a(_udivmoddi4.o)
                0x08000294                __udivmoddi4
 .text          0x0800058c        0x4 C:/ST/STM32CubeIDE_2.0.0/STM32CubeIDE/plugins/com.st.stm32cube.ide.mcu.externaltools.gnu-tools-for-stm32.13.3.rel1.win32_1.0.100.202509120712/tools/bin/../lib/gcc/arm-none-eabi/13.3.1/thumb/v7e-m+fp/hard\libgcc.a(_dvmd_tls.o)
                0x0800058c                __aeabi_idiv0
                0x0800058c                __aeabi_ldiv0
 *(.text*)
 .text.main     0x08000590      0x180 ./Core/Src/main.o
                0x08000590                main
 .text.SystemClock_Config
                0x08000710       0xd4 ./Core/Src/main.o
                0x08000710                SystemClock_Config
 .text.MX_GPIO_Init
                0x080007e4      0x2bc ./Core/Src/main.o
 .text.led_green_handler
                0x08000aa0       0x70 ./Core/Src/main.o
 .text.led_orange_handler
                0x08000b10       0x70 ./Core/Src/main.o
 .text.led_red_handler
                0x08000b80       0x70 ./Core/Src/main.o
 .text.led_blue_handler
                0x08000bf0       0x78 ./Core/Src/main.o
 .text.button_handler
                0x08000c68       0x50 ./Core/Src/main.o
 .text.HAL_TIM_PeriodElapsedCallback
                0x08000cb8       0x24 ./Core/Src/main.o
                0x08000cb8                HAL_TIM_PeriodElapsedCallback
 .text.Error_Handler
                0x08000cdc        0xe ./Core/Src/main.o
                0x08000cdc                Error_Handler
 *fill*         0x08000cea        0x2 
 .text.HAL_MspInit
                0x08000cec       0x50 ./Core/Src/stm32f4xx_hal_msp.o
                0x08000cec                HAL_MspInit
 .text.HAL_InitTick
                0x08000d3c       0xf8 ./Core/Src/stm32f4xx_hal_timebase_tim.o
                0x08000d3c                HAL_InitTick
 .text.NMI_Handler
                0x08000e34        0x8 ./Core/Src/stm32f4xx_it.o
                0x08000e34                NMI_Handler
 .text.HardFault_Handler
                0x08000e3c        0x8 ./Core/Src/stm32f4xx_it.o
                0x08000e3c                HardFault_Handler
 .text.MemManage_Handler
                0x08000e44        0x8 ./Core/Src/stm32f4xx_it.o
                0x08000e44                MemManage_Handler
 .text.BusFault_Handler
                0x08000e4c        0x8 ./Core/Src/stm32f4xx_it.o
                0x08000e4c                BusFault_Handler
 .text.UsageFault_Handler
                0x08000e54        0x8 ./Core/Src/stm32f4xx_it.o
                0x08000e54                UsageFault_Handler
 .text.DebugMon_Handler
                0x08000e5c        0xe ./Core/Src/stm32f4xx_it.o
                0x08000e5c                DebugMon_Handler
 *fill*         0x08000e6a        0x2 
 .text.TIM6_DAC_IRQHandler
                0x08000e6c       0x14 ./Core/Src/stm32f4xx_it.o
                0x08000e6c                TIM6_DAC_IRQHandler
 .text.SystemInit
                0x08000e80       0x24 ./Core/Src/system_stm32f4xx.o
                0x08000e80                SystemInit
 .text.Reset_Handler
                0x08000ea4       0x50 ./Core/Startup/startup_stm32f407vgtx.o
                0x08000ea4                Reset_Handler
 .text.Default_Handler
                0x08000ef4        0x2 ./Core/Startup/startup_stm32f407vgtx.o
                0x08000ef4                RTC_Alarm_IRQHandler
                0x08000ef4                HASH_RNG_IRQHandler
                0x08000ef4                EXTI2_IRQHandler
                0x08000ef4                TIM8_CC_IRQHandler
                0x08000ef4                TIM1_CC_IRQHandler
                0x08000ef4                DMA2_Stream5_IRQHandler
                0x08000ef4                DMA1_Stream5_IRQHandler
                0x08000ef4                PVD_IRQHandler
                0x08000ef4                SDIO_IRQHandler
                0x08000ef4                TAMP_STAMP_IRQHandler
                0x08000ef4                CAN2_RX1_IRQHandler
                0x08000ef4                EXTI3_IRQHandler
                0x08000ef4                TIM8_TRG_COM_TIM14_IRQHandler
                0x08000ef4                TIM1_UP_TIM10_IRQHandler
                0x08000ef4                TIM8_UP_TIM13_IRQHandler
                0x08000ef4                I2C3_ER_IRQHandler
                0x08000ef4                EXTI0_IRQHandler
                0x08000ef4                I2C2_EV_IRQHandler
                0x08000ef4                DMA1_Stream2_IRQHandler
                0x08000ef4                CAN1_RX0_IRQHandler
                0x08000ef4                FPU_IRQHandler
                0x08000ef4                OTG_HS_WKUP_IRQHandler
                0x08000ef4                CAN2_SCE_IRQHandler
                0x08000ef4                DMA2_Stream2_IRQHandler
                0x08000ef4                SPI1_IRQHandler
                0x08000ef4                TIM1_BRK_TIM9_IRQHandler
                0x08000ef4                DCMI_IRQHandler
                0x08000ef4                CAN2_RX0_IRQHandler
                0x08000ef4                DMA2_Stream3_IRQHandler
                0x08000ef4                USART6_IRQHandler
                0x08000ef4                USART3_IRQHandler
                0x08000ef4                CAN1_RX1_IRQHandler
                0x08000ef4                UART5_IRQHandler
                0x08000ef4                DMA2_Stream0_IRQHandler
                0x08000ef4                TIM4_IRQHandler
                0x08000ef4                I2C1_EV_IRQHandler
                0x08000ef4                DMA1_Stream6_IRQHandler
                0x08000ef4                DMA1_Stream1_IRQHandler
                0x08000ef4                UART4_IRQHandler
                0x08000ef4                TIM3_IRQHandler
                0x08000ef4                RCC_IRQHandler
                0x08000ef4                TIM8_BRK_TIM12_IRQHandler
                0x08000ef4                Default_Handler
                0x08000ef4                EXTI15_10_IRQHandler
                0x08000ef4                ADC_IRQHandler
                0x08000ef4                DMA1_Stream7_IRQHandler
                0x08000ef4                TIM7_IRQHandler
                0x08000ef4                CAN2_TX_IRQHandler
                0x08000ef4                TIM5_IRQHandler
                0x08000ef4                DMA2_Stream7_IRQHandler
                0x08000ef4                I2C3_EV_IRQHandler
                0x08000ef4                EXTI9_5_IRQHandler
                0x08000ef4                RTC_WKUP_IRQHandler
                0x08000ef4                ETH_WKUP_IRQHandler
                0x08000ef4                SPI2_IRQHandler
                0x08000ef4                OTG_HS_EP1_IN_IRQHandler
                0x08000ef4                DMA1_Stream0_IRQHandler
                0x08000ef4                CAN1_TX_IRQHandler
                0x08000ef4                EXTI4_IRQHandler
                0x08000ef4                FSMC_IRQHandler
                0x08000ef4                ETH_IRQHandler
                0x08000ef4                OTG_HS_EP1_OUT_IRQHandler
                0x08000ef4                WWDG_IRQHandler
                0x08000ef4                TIM2_IRQHandler
                0x08000ef4                OTG_FS_WKUP_IRQHandler
                0x08000ef4                TIM1_TRG_COM_TIM11_IRQHandler
                0x08000ef4                OTG_HS_IRQHandler
                0x08000ef4                EXTI1_IRQHandler
                0x08000ef4                USART2_IRQHandler
                0x08000ef4                I2C2_ER_IRQHandler
                0x08000ef4                DMA2_Stream1_IRQHandler
                0x08000ef4                CAN1_SCE_IRQHandler
                0x08000ef4                FLASH_IRQHandler
                0x08000ef4                DMA2_Stream4_IRQHandler
                0x08000ef4                USART1_IRQHandler
                0x08000ef4                OTG_FS_IRQHandler
                0x08000ef4                SPI3_IRQHandler
                0x08000ef4                DMA1_Stream4_IRQHandler
                0x08000ef4                I2C1_ER_IRQHandler
                0x08000ef4                DMA2_Stream6_IRQHandler
                0x08000ef4                DMA1_Stream3_IRQHandler
 *fill*         0x08000ef6        0x2 
 .text.HAL_Init
                0x08000ef8       0x44 ./Drivers/STM32F4xx_HAL_Driver/Src/stm32f4xx_hal.o
                0x08000ef8                HAL_Init
 .text.HAL_IncTick
                0x08000f3c       0x28 ./Drivers/STM32F4xx_HAL_Driver/Src/stm32f4xx_hal.o
                0x08000f3c                HAL_IncTick
 .text.HAL_GetTick
                0x08000f64       0x18 ./Drivers/STM32F4xx_HAL_Driver/Src/stm32f4xx_hal.o
                0x08000f64                HAL_GetTick
 .text.__NVIC_SetPriorityGrouping
                0x08000f7c       0x48 ./Drivers/STM32F4xx_HAL_Driver/Src/stm32f4xx_hal_cortex.o
 .text.__NVIC_GetPriorityGrouping
                0x08000fc4       0x1c ./Drivers/STM32F4xx_HAL_Driver/Src/stm32f4xx_hal_cortex.o
 .text.__NVIC_EnableIRQ
                0x08000fe0       0x3c ./Drivers/STM32F4xx_HAL_Driver/Src/stm32f4xx_hal_cortex.o
 .text.__NVIC_SetPriority
                0x0800101c       0x54 ./Drivers/STM32F4xx_HAL_Driver/Src/stm32f4xx_hal_cortex.o
 .text.NVIC_EncodePriority
                0x08001070       0x66 ./Drivers/STM32F4xx_HAL_Driver/Src/stm32f4xx_hal_cortex.o
 .text.HAL_NVIC_SetPriorityGrouping
                0x080010d6       0x16 ./Drivers/STM32F4xx_HAL_Driver/Src/stm32f4xx_hal_cortex.o
                0x080010d6                HAL_NVIC_SetPriorityGrouping
 .text.HAL_NVIC_SetPriority
                0x080010ec       0x38 ./Drivers/STM32F4xx_HAL_Driver/Src/stm32f4xx_hal_cortex.o
                0x080010ec                HAL_NVIC_SetPriority
 .text.HAL_NVIC_EnableIRQ
                0x08001124       0x1c ./Drivers/STM32F4xx_HAL_Driver/Src/stm32f4xx_hal_cortex.o
                0x08001124                HAL_NVIC_EnableIRQ
 .text.HAL_GPIO_Init
                0x08001140      0x338 ./Drivers/STM32F4xx_HAL_Driver/Src/stm32f4xx_hal_gpio.o
                0x08001140                HAL_GPIO_Init
 .text.HAL_GPIO_ReadPin
                0x08001478       0x30 ./Drivers/STM32F4xx_HAL_Driver/Src/stm32f4xx_hal_gpio.o
                0x08001478                HAL_GPIO_ReadPin
 .text.HAL_GPIO_WritePin
                0x080014a8       0x32 ./Drivers/STM32F4xx_HAL_Driver/Src/stm32f4xx_hal_gpio.o
                0x080014a8                HAL_GPIO_WritePin
 .text.HAL_GPIO_TogglePin
                0x080014da       0x34 ./Drivers/STM32F4xx_HAL_Driver/Src/stm32f4xx_hal_gpio.o
                0x080014da                HAL_GPIO_TogglePin
 *fill*         0x0800150e        0x2 
 .text.HAL_RCC_OscConfig
                0x08001510      0x4f0 ./Drivers/STM32F4xx_HAL_Driver/Src/stm32f4xx_hal_rcc.o
                0x08001510                HAL_RCC_OscConfig
 .text.HAL_RCC_ClockConfig
                0x08001a00      0x1cc ./Drivers/STM32F4xx_HAL_Driver/Src/stm32f4xx_hal_rcc.o
                0x08001a00                HAL_RCC_ClockConfig
 .text.HAL_RCC_GetSysClockFreq
                0x08001bcc      0x20c ./Drivers/STM32F4xx_HAL_Driver/Src/stm32f4xx_hal_rcc.o
                0x08001bcc                HAL_RCC_GetSysClockFreq
 .text.HAL_RCC_GetHCLKFreq
                0x08001dd8       0x18 ./Drivers/STM32F4xx_HAL_Driver/Src/stm32f4xx_hal_rcc.o
                0x08001dd8                HAL_RCC_GetHCLKFreq
 .text.HAL_RCC_GetPCLK1Freq
                0x08001df0       0x28 ./Drivers/STM32F4xx_HAL_Driver/Src/stm32f4xx_hal_rcc.o
                0x08001df0                HAL_RCC_GetPCLK1Freq
 .text.HAL_RCC_GetClockConfig
                0x08001e18       0x64 ./Drivers/STM32F4xx_HAL_Driver/Src/stm32f4xx_hal_rcc.o
                0x08001e18                HAL_RCC_GetClockConfig
 .text.HAL_TIM_Base_Init
                0x08001e7c       0x9e ./Drivers/STM32F4xx_HAL_Driver/Src/stm32f4xx_hal_tim.o
                0x08001e7c                HAL_TIM_Base_Init
 .text.HAL_TIM_Base_MspInit
                0x08001f1a       0x14 ./Drivers/STM32F4xx_HAL_Driver/Src/stm32f4xx_hal_tim.o
                0x08001f1a                HAL_TIM_Base_MspInit
 *fill*         0x08001f2e        0x2 
 .text.HAL_TIM_Base_Start_IT
                0x08001f30       0xe0 ./Drivers/STM32F4xx_HAL_Driver/Src/stm32f4xx_hal_tim.o
                0x08001f30                HAL_TIM_Base_Start_IT
 .text.HAL_TIM_IRQHandler
                0x08002010      0x1e0 ./Drivers/STM32F4xx_HAL_Driver/Src/stm32f4xx_hal_tim.o
                0x08002010                HAL_TIM_IRQHandler
 .text.HAL_TIM_OC_DelayElapsedCallback
                0x080021f0       0x14 ./Drivers/STM32F4xx_HAL_Driver/Src/stm32f4xx_hal_tim.o
                0x080021f0                HAL_TIM_OC_DelayElapsedCallback
 .text.HAL_TIM_IC_CaptureCallback
                0x08002204       0x14 ./Drivers/STM32F4xx_HAL_Driver/Src/stm32f4xx_hal_tim.o
                0x08002204                HAL_TIM_IC_CaptureCallback
 .text.HAL_TIM_PWM_PulseFinishedCallback
                0x08002218       0x14 ./Drivers/STM32F4xx_HAL_Driver/Src/stm32f4xx_hal_tim.o
                0x08002218                HAL_TIM_PWM_PulseFinishedCallback
 .text.HAL_TIM_TriggerCallback
                0x0800222c       0x14 ./Drivers/STM32F4xx_HAL_Driver/Src/stm32f4xx_hal_tim.o
                0x0800222c                HAL_TIM_TriggerCallback
 .text.TIM_Base_SetConfig
                0x08002240      0x14c ./Drivers/STM32F4xx_HAL_Driver/Src/stm32f4xx_hal_tim.o
                0x08002240                TIM_Base_SetConfig
 .text.HAL_TIMEx_CommutCallback
                0x0800238c       0x14 ./Drivers/STM32F4xx_HAL_Driver/Src/stm32f4xx_hal_tim_ex.o
                0x0800238c                HAL_TIMEx_CommutCallback
 .text.HAL_TIMEx_BreakCallback
                0x080023a0       0x14 ./Drivers/STM32F4xx_HAL_Driver/Src/stm32f4xx_hal_tim_ex.o
                0x080023a0                HAL_TIMEx_BreakCallback
 .text.vListInitialise
                0x080023b4       0x40 ./common/ThirdParty/FreeRTOS/list.o
                0x080023b4                vListInitialise
 .text.vListInitialiseItem
                0x080023f4       0x1a ./common/ThirdParty/FreeRTOS/list.o
                0x080023f4                vListInitialiseItem
 .text.vListInsertEnd
                0x0800240e       0x48 ./common/ThirdParty/FreeRTOS/list.o
                0x0800240e                vListInsertEnd
 .text.vListInsert
                0x08002456       0x72 ./common/ThirdParty/FreeRTOS/list.o
                0x08002456                vListInsert
 .text.uxListRemove
                0x080024c8       0x54 ./common/ThirdParty/FreeRTOS/list.o
                0x080024c8                uxListRemove
 .text.xQueueGenericReset
                0x0800251c       0xd4 ./common/ThirdParty/FreeRTOS/queue.o
                0x0800251c                xQueueGenericReset
 .text.xQueueGenericCreate
                0x080025f0       0xc4 ./common/ThirdParty/FreeRTOS/queue.o
                0x080025f0                xQueueGenericCreate
 .text.prvInitialiseNewQueue
                0x080026b4       0x52 ./common/ThirdParty/FreeRTOS/queue.o
 *fill*         0x08002706        0x2 
 .text.xQueueGenericSend
                0x08002708      0x254 ./common/ThirdParty/FreeRTOS/queue.o
                0x08002708                xQueueGenericSend
 .text.xQueueGenericSendFromISR
                0x0800295c      0x184 ./common/ThirdParty/FreeRTOS/queue.o
                0x0800295c                xQueueGenericSendFromISR
 .text.xQueueReceive
                0x08002ae0      0x228 ./common/ThirdParty/FreeRTOS/queue.o
                0x08002ae0                xQueueReceive
 .text.prvCopyDataToQueue
                0x08002d08       0xd4 ./common/ThirdParty/FreeRTOS/queue.o
 .text.prvCopyDataFromQueue
                0x08002ddc       0x4c ./common/ThirdParty/FreeRTOS/queue.o
 .text.prvUnlockQueue
                0x08002e28       0xa4 ./common/ThirdParty/FreeRTOS/queue.o
 .text.prvIsQueueEmpty
                0x08002ecc       0x2c ./common/ThirdParty/FreeRTOS/queue.o
 .text.prvIsQueueFull
                0x08002ef8       0x30 ./common/ThirdParty/FreeRTOS/queue.o
 .text.vQueueAddToRegistry
                0x08002f28       0x64 ./common/ThirdParty/FreeRTOS/queue.o
                0x08002f28                vQueueAddToRegistry
 .text.vQueueWaitForMessageRestricted
                0x08002f8c       0x68 ./common/ThirdParty/FreeRTOS/queue.o
                0x08002f8c                vQueueWaitForMessageRestricted
 .text.xTaskCreate
                0x08002ff4       0x82 ./common/ThirdParty/FreeRTOS/tasks.o
                0x08002ff4                xTaskCreate
 .text.prvInitialiseNewTask
                0x08003076      0x12e ./common/ThirdParty/FreeRTOS/tasks.o
 .text.prvAddNewTaskToReadyList
                0x080031a4      0x118 ./common/ThirdParty/FreeRTOS/tasks.o
 .text.vTaskDelete
                0x080032bc      0x154 ./common/ThirdParty/FreeRTOS/tasks.o
                0x080032bc                vTaskDelete
 .text.vTaskDelay
                0x08003410       0x74 ./common/ThirdParty/FreeRTOS/tasks.o
                0x08003410                vTaskDelay
 .text.vTaskStartScheduler
                0x08003484       0xc4 ./common/ThirdParty/FreeRTOS/tasks.o
                0x08003484                vTaskStartScheduler
 .text.vTaskSuspendAll
                0x08003548       0x1c ./common/ThirdParty/FreeRTOS/tasks.o
                0x08003548                vTaskSuspendAll
 .text.xTaskResumeAll
                0x08003564      0x144 ./common/ThirdParty/FreeRTOS/tasks.o
                0x08003564                xTaskResumeAll
 .text.xTaskGetTickCount
                0x080036a8       0x20 ./common/ThirdParty/FreeRTOS/tasks.o
                0x080036a8                xTaskGetTickCount
 .text.xTaskGetTickCountFromISR
                0x080036c8       0x24 ./common/ThirdParty/FreeRTOS/tasks.o
                0x080036c8                xTaskGetTickCountFromISR
 .text.xTaskIncrementTick
                0x080036ec      0x17c ./common/ThirdParty/FreeRTOS/tasks.o
                0x080036ec                xTaskIncrementTick
 .text.vTaskSwitchContext
                0x08003868       0xd4 ./common/ThirdParty/FreeRTOS/tasks.o
                0x08003868                vTaskSwitchContext
 .text.vTaskPlaceOnEventList
                0x0800393c       0x4c ./common/ThirdParty/FreeRTOS/tasks.o
                0x0800393c                vTaskPlaceOnEventList
 .text.vTaskPlaceOnEventListRestricted
                0x08003988       0x60 ./common/ThirdParty/FreeRTOS/tasks.o
                0x08003988                vTaskPlaceOnEventListRestricted
 .text.xTaskRemoveFromEventList
                0x080039e8       0xd0 ./common/ThirdParty/FreeRTOS/tasks.o
                0x080039e8                xTaskRemoveFromEventList
 .text.vTaskInternalSetTimeOutState
                0x08003ab8       0x2c ./common/ThirdParty/FreeRTOS/tasks.o
                0x08003ab8                vTaskInternalSetTimeOutState
 .text.xTaskCheckForTimeOut
                0x08003ae4       0xd0 ./common/ThirdParty/FreeRTOS/tasks.o
                0x08003ae4                xTaskCheckForTimeOut
 .text.vTaskMissedYield
                0x08003bb4       0x18 ./common/ThirdParty/FreeRTOS/tasks.o
                0x08003bb4                vTaskMissedYield
 .text.prvIdleTask
                0x08003bcc       0x30 ./common/ThirdParty/FreeRTOS/tasks.o
 .text.prvInitialiseTaskLists
                0x08003bfc       0x80 ./common/ThirdParty/FreeRTOS/tasks.o
 .text.prvCheckTasksWaitingTermination
                0x08003c7c       0x5c ./common/ThirdParty/FreeRTOS/tasks.o
 .text.prvDeleteTCB
                0x08003cd8       0x20 ./common/ThirdParty/FreeRTOS/tasks.o
 .text.prvResetNextTaskUnblockTime
                0x08003cf8       0x38 ./common/ThirdParty/FreeRTOS/tasks.o
 .text.xTaskGetSchedulerState
                0x08003d30       0x3c ./common/ThirdParty/FreeRTOS/tasks.o
                0x08003d30                xTaskGetSchedulerState
 .text.xTaskPriorityDisinherit
                0x08003d6c      0x104 ./common/ThirdParty/FreeRTOS/tasks.o
                0x08003d6c                xTaskPriorityDisinherit
 .text.xTaskGenericNotifyWait
                0x08003e70      0x114 ./common/ThirdParty/FreeRTOS/tasks.o
                0x08003e70                xTaskGenericNotifyWait
 .text.xTaskGenericNotify
                0x08003f84      0x1ec ./common/ThirdParty/FreeRTOS/tasks.o
                0x08003f84                xTaskGenericNotify
 .text.prvAddCurrentTaskToDelayedList
                0x08004170       0xf0 ./common/ThirdParty/FreeRTOS/tasks.o
 .text.xTimerCreateTimerTask
                0x08004260       0x68 ./common/ThirdParty/FreeRTOS/timers.o
                0x08004260                xTimerCreateTimerTask
 .text.xTimerGenericCommand
                0x080042c8       0x9c ./common/ThirdParty/FreeRTOS/timers.o
                0x080042c8                xTimerGenericCommand
 .text.prvProcessExpiredTimer
                0x08004364       0x9c ./common/ThirdParty/FreeRTOS/timers.o
 .text.prvTimerTask
                0x08004400       0x26 ./common/ThirdParty/FreeRTOS/timers.o
 *fill*         0x08004426        0x2 
 .text.prvProcessTimerOrBlockTask
                0x08004428       0x9c ./common/ThirdParty/FreeRTOS/timers.o
 .text.prvGetNextExpireTime
                0x080044c4       0x48 ./common/ThirdParty/FreeRTOS/timers.o
 .text.prvSampleTimeNow
                0x0800450c       0x40 ./common/ThirdParty/FreeRTOS/timers.o
 .text.prvInsertTimerInActiveList
                0x0800454c       0x84 ./common/ThirdParty/FreeRTOS/timers.o
 .text.prvProcessReceivedCommands
                0x080045d0      0x194 ./common/ThirdParty/FreeRTOS/timers.o
 .text.prvSwitchTimerLists
                0x08004764       0xcc ./common/ThirdParty/FreeRTOS/timers.o
 .text.prvCheckForValidListAndQueue
                0x08004830       0x6c ./common/ThirdParty/FreeRTOS/timers.o
 .text.pxPortInitialiseStack
                0x0800489c       0x68 ./common/ThirdParty/FreeRTOS/portable/GCC/ARM_CM4F/port.o
                0x0800489c                pxPortInitialiseStack
 .text.prvTaskExitError
                0x08004904       0x5c ./common/ThirdParty/FreeRTOS/portable/GCC/ARM_CM4F/port.o
 .text.SVC_Handler
                0x08004960       0x28 ./common/ThirdParty/FreeRTOS/portable/GCC/ARM_CM4F/port.o
                0x08004960                SVC_Handler
 .text.prvPortStartFirstTask
                0x08004988       0x2c ./common/ThirdParty/FreeRTOS/portable/GCC/ARM_CM4F/port.o
 .text.xPortStartScheduler
                0x080049b4      0x148 ./common/ThirdParty/FreeRTOS/portable/GCC/ARM_CM4F/port.o
                0x080049b4                xPortStartScheduler
 .text.vInitPrioGroupValue
                0x08004afc      0x100 ./common/ThirdParty/FreeRTOS/portable/GCC/ARM_CM4F/port.o
                0x08004afc                vInitPrioGroupValue
 .text.vPortEnterCritical
                0x08004bfc       0x64 ./common/ThirdParty/FreeRTOS/portable/GCC/ARM_CM4F/port.o
                0x08004bfc                vPortEnterCritical
 .text.vPortExitCritical
                0x08004c60       0x54 ./common/ThirdParty/FreeRTOS/portable/GCC/ARM_CM4F/port.o
                0x08004c60                vPortExitCritical
 *fill*         0x08004cb4        0xc 
 .text.PendSV_Handler
                0x08004cc0       0x68 ./common/ThirdParty/FreeRTOS/portable/GCC/ARM_CM4F/port.o
                0x08004cc0                PendSV_Handler
 .text.SysTick_Handler
                0x08004d28       0x54 ./common/ThirdParty/FreeRTOS/portable/GCC/ARM_CM4F/port.o
                0x08004d28                SysTick_Handler
 .text.vPortSetupTimerInterrupt
                0x08004d7c       0x48 ./common/ThirdParty/FreeRTOS/portable/GCC/ARM_CM4F/port.o
                0x08004d7c                vPortSetupTimerInterrupt
 .text.vPortEnableVFP
                0x08004dc4       0x18 ./common/ThirdParty/FreeRTOS/portable/GCC/ARM_CM4F/port.o
 .text.vPortValidateInterruptPriority
                0x08004ddc       0x84 ./common/ThirdParty/FreeRTOS/portable/GCC/ARM_CM4F/port.o
                0x08004ddc                vPortValidateInterruptPriority
 .text.pvPortMalloc
                0x08004e60      0x1c4 ./common/ThirdParty/FreeRTOS/portable/MemMang/heap_4.o
                0x08004e60                pvPortMalloc
 .text.vPortFree
                0x08005024       0xc8 ./common/ThirdParty/FreeRTOS/portable/MemMang/heap_4.o
                0x08005024                vPortFree
 .text.prvHeapInit
                0x080050ec       0xc4 ./common/ThirdParty/FreeRTOS/portable/MemMang/heap_4.o
 .text.prvInsertBlockIntoFreeList
                0x080051b0       0xb4 ./common/ThirdParty/FreeRTOS/portable/MemMang/heap_4.o
 .text._cbSendSystemDesc
                0x08005264       0x1c ./common/ThirdParty/SEGGER/Config/SEGGER_SYSVIEW_Config_FreeRTOS.o
 .text.SEGGER_SYSVIEW_Conf
                0x08005280       0x2c ./common/ThirdParty/SEGGER/Config/SEGGER_SYSVIEW_Config_FreeRTOS.o
                0x08005280                SEGGER_SYSVIEW_Conf
 .text._cbSendTaskList
                0x080052ac       0x90 ./common/ThirdParty/SEGGER/OS/SEGGER_SYSVIEW_FreeRTOS.o
 .text._cbGetTime
                0x0800533c       0x86 ./common/ThirdParty/SEGGER/OS/SEGGER_SYSVIEW_FreeRTOS.o
 *fill*         0x080053c2        0x2 
 .text.SYSVIEW_AddTask
                0x080053c4       0xd0 ./common/ThirdParty/SEGGER/OS/SEGGER_SYSVIEW_FreeRTOS.o
                0x080053c4                SYSVIEW_AddTask
 .text.SYSVIEW_DeleteTask
                0x08005494      0x178 ./common/ThirdParty/SEGGER/OS/SEGGER_SYSVIEW_FreeRTOS.o
                0x08005494                SYSVIEW_DeleteTask
 .text.SYSVIEW_SendTaskInfo
                0x0800560c       0x42 ./common/ThirdParty/SEGGER/OS/SEGGER_SYSVIEW_FreeRTOS.o
                0x0800560c                SYSVIEW_SendTaskInfo
 *fill*         0x0800564e        0x2 
 .text._DoInit  0x08005650       0xb4 ./common/ThirdParty/SEGGER/SEGGER/SEGGER_RTT.o
 .text.SEGGER_RTT_ReadNoLock
                0x08005704      0x10c ./common/ThirdParty/SEGGER/SEGGER/SEGGER_RTT.o
                0x08005704                SEGGER_RTT_ReadNoLock
 .text.SEGGER_RTT_AllocUpBuffer
                0x08005810      0x108 ./common/ThirdParty/SEGGER/SEGGER/SEGGER_RTT.o
                0x08005810                SEGGER_RTT_AllocUpBuffer
 .text.SEGGER_RTT_ConfigDownBuffer
                0x08005918       0x98 ./common/ThirdParty/SEGGER/SEGGER/SEGGER_RTT.o
                0x08005918                SEGGER_RTT_ConfigDownBuffer
 .text._EncodeStr
                0x080059b0       0x72 ./common/ThirdParty/SEGGER/SEGGER/SEGGER_SYSVIEW.o
 .text._PreparePacket
                0x08005a22       0x18 ./common/ThirdParty/SEGGER/SEGGER/SEGGER_SYSVIEW.o
 *fill*         0x08005a3a        0x2 
 .text._HandleIncomingPacket
                0x08005a3c       0xdc ./common/ThirdParty/SEGGER/SEGGER/SEGGER_SYSVIEW.o
 .text._TrySendOverflowPacket
                0x08005b18       0xe4 ./common/ThirdParty/SEGGER/SEGGER/SEGGER_SYSVIEW.o
 .text._SendPacket
                0x08005bfc      0x2dc ./common/ThirdParty/SEGGER/SEGGER/SEGGER_SYSVIEW.o
 .text._StoreChar
                0x08005ed8       0xf6 ./common/ThirdParty/SEGGER/SEGGER/SEGGER_SYSVIEW.o
 *fill*         0x08005fce        0x2 
 .text._PrintUnsigned
                0x08005fd0      0x12c ./common/ThirdParty/SEGGER/SEGGER/SEGGER_SYSVIEW.o
 .text._PrintInt
                0x080060fc      0x11e ./common/ThirdParty/SEGGER/SEGGER/SEGGER_SYSVIEW.o
 *fill*         0x0800621a        0x2 
 .text._VPrintTarget
                0x0800621c      0x440 ./common/ThirdParty/SEGGER/SEGGER/SEGGER_SYSVIEW.o
 .text.SEGGER_SYSVIEW_Init
                0x0800665c       0x88 ./common/ThirdParty/SEGGER/SEGGER/SEGGER_SYSVIEW.o
                0x0800665c                SEGGER_SYSVIEW_Init
 .text.SEGGER_SYSVIEW_SetRAMBase
                0x080066e4       0x20 ./common/ThirdParty/SEGGER/SEGGER/SEGGER_SYSVIEW.o
                0x080066e4                SEGGER_SYSVIEW_SetRAMBase
 .text.SEGGER_SYSVIEW_RecordVoid
                0x08006704       0x3c ./common/ThirdParty/SEGGER/SEGGER/SEGGER_SYSVIEW.o
                0x08006704                SEGGER_SYSVIEW_RecordVoid
 .text.SEGGER_SYSVIEW_RecordU32
                0x08006740       0x78 ./common/ThirdParty/SEGGER/SEGGER/SEGGER_SYSVIEW.o
                0x08006740                SEGGER_SYSVIEW_RecordU32
 .text.SEGGER_SYSVIEW_RecordU32x2
                0x080067b8       0xb4 ./common/ThirdParty/SEGGER/SEGGER/SEGGER_SYSVIEW.o
                0x080067b8                SEGGER_SYSVIEW_RecordU32x2
 .text.SEGGER_SYSVIEW_RecordU32x3
                0x0800686c       0xec ./common/ThirdParty/SEGGER/SEGGER/SEGGER_SYSVIEW.o
                0x0800686c                SEGGER_SYSVIEW_RecordU32x3
 .text.SEGGER_SYSVIEW_RecordU32x4
                0x08006958      0x124 ./common/ThirdParty/SEGGER/SEGGER/SEGGER_SYSVIEW.o
                0x08006958                SEGGER_SYSVIEW_RecordU32x4
 .text.SEGGER_SYSVIEW_Start
                0x08006a7c      0x174 ./common/ThirdParty/SEGGER/SEGGER/SEGGER_SYSVIEW.o
                0x08006a7c                SEGGER_SYSVIEW_Start
 .text.SEGGER_SYSVIEW_Stop
                0x08006bf0       0x4c ./common/ThirdParty/SEGGER/SEGGER/SEGGER_SYSVIEW.o
                0x08006bf0                SEGGER_SYSVIEW_Stop
 .text.SEGGER_SYSVIEW_GetSysDesc
                0x08006c3c      0x134 ./common/ThirdParty/SEGGER/SEGGER/SEGGER_SYSVIEW.o
                0x08006c3c                SEGGER_SYSVIEW_GetSysDesc
 .text.SEGGER_SYSVIEW_SendTaskInfo
                0x08006d70      0x1c8 ./common/ThirdParty/SEGGER/SEGGER/SEGGER_SYSVIEW.o
                0x08006d70                SEGGER_SYSVIEW_SendTaskInfo
 .text.SEGGER_SYSVIEW_SendTaskList
                0x08006f38       0x28 ./common/ThirdParty/SEGGER/SEGGER/SEGGER_SYSVIEW.o
                0x08006f38                SEGGER_SYSVIEW_SendTaskList
 .text.SEGGER_SYSVIEW_SendSysDesc
                0x08006f60       0x48 ./common/ThirdParty/SEGGER/SEGGER/SEGGER_SYSVIEW.o
                0x08006f60                SEGGER_SYSVIEW_SendSysDesc
 .text.SEGGER_SYSVIEW_RecordSystime
                0x08006fa8       0x64 ./common/ThirdParty/SEGGER/SEGGER/SEGGER_SYSVIEW.o
                0x08006fa8                SEGGER_SYSVIEW_RecordSystime
 .text.SEGGER_SYSVIEW_RecordEnterISR
                0x0800700c       0x84 ./common/ThirdParty/SEGGER/SEGGER/SEGGER_SYSVIEW.o
                0x0800700c                SEGGER_SYSVIEW_RecordEnterISR
 .text.SEGGER_SYSVIEW_RecordExitISR
                0x08007090       0x38 ./common/ThirdParty/SEGGER/SEGGER/SEGGER_SYSVIEW.o
                0x08007090                SEGGER_SYSVIEW_RecordExitISR
 .text.SEGGER_SYSVIEW_RecordExitISRToScheduler
                0x080070c8       0x38 ./common/ThirdParty/SEGGER/SEGGER/SEGGER_SYSVIEW.o
                0x080070c8                SEGGER_SYSVIEW_RecordExitISRToScheduler
 .text.SEGGER_SYSVIEW_OnIdle
                0x08007100       0x38 ./common/ThirdParty/SEGGER/SEGGER/SEGGER_SYSVIEW.o
                0x08007100                SEGGER_SYSVIEW_OnIdle
 .text.SEGGER_SYSVIEW_OnTaskCreate
                0x08007138       0x84 ./common/ThirdParty/SEGGER/SEGGER/SEGGER_SYSVIEW.o
                0x08007138                SEGGER_SYSVIEW_OnTaskCreate
 .text.SEGGER_SYSVIEW_OnTaskStartExec
                0x080071bc       0x84 ./common/ThirdParty/SEGGER/SEGGER/SEGGER_SYSVIEW.o
                0x080071bc                SEGGER_SYSVIEW_OnTaskStartExec
 .text.SEGGER_SYSVIEW_OnTaskStartReady
                0x08007240       0x84 ./common/ThirdParty/SEGGER/SEGGER/SEGGER_SYSVIEW.o
                0x08007240                SEGGER_SYSVIEW_OnTaskStartReady
 .text.SEGGER_SYSVIEW_OnTaskStopReady
                0x080072c4       0xc0 ./common/ThirdParty/SEGGER/SEGGER/SEGGER_SYSVIEW.o
                0x080072c4                SEGGER_SYSVIEW_OnTaskStopReady
 .text.SEGGER_SYSVIEW_ShrinkId
                0x08007384       0x20 ./common/ThirdParty/SEGGER/SEGGER/SEGGER_SYSVIEW.o
                0x08007384                SEGGER_SYSVIEW_ShrinkId
 .text.SEGGER_SYSVIEW_SendModule
                0x080073a4      0x114 ./common/ThirdParty/SEGGER/SEGGER/SEGGER_SYSVIEW.o
                0x080073a4                SEGGER_SYSVIEW_SendModule
 .text.SEGGER_SYSVIEW_SendModuleDescription
                0x080074b8       0x3c ./common/ThirdParty/SEGGER/SEGGER/SEGGER_SYSVIEW.o
                0x080074b8                SEGGER_SYSVIEW_SendModuleDescription
 .text.SEGGER_SYSVIEW_SendNumModules
                0x080074f4       0x7c ./common/ThirdParty/SEGGER/SEGGER/SEGGER_SYSVIEW.o
                0x080074f4                SEGGER_SYSVIEW_SendNumModules
 .text.SEGGER_SYSVIEW_PrintfTarget
                0x08007570       0x28 ./common/ThirdParty/SEGGER/SEGGER/SEGGER_SYSVIEW.o
                0x08007570                SEGGER_SYSVIEW_PrintfTarget
 .text.SEGGER_SYSVIEW_Warn
                0x08007598       0xb8 ./common/ThirdParty/SEGGER/SEGGER/SEGGER_SYSVIEW.o
                0x08007598                SEGGER_SYSVIEW_Warn
 .text.memcmp   0x08007650       0x20 C:/ST/STM32CubeIDE_2.0.0/STM32CubeIDE/plugins/com.st.stm32cube.ide.mcu.externaltools.gnu-tools-for-stm32.13.3.rel1.win32_1.0.100.202509120712/tools/bin/../lib/gcc/arm-none-eabi/13.3.1/../../../../arm-none-eabi/lib/thumb/v7e-m+fp/hard\libc_nano.a(libc_a-memcmp.o)
                0x08007650                memcmp
 .text.memset   0x08007670       0x10 C:/ST/STM32CubeIDE_2.0.0/STM32CubeIDE/plugins/com.st.stm32cube.ide.mcu.externaltools.gnu-tools-for-stm32.13.3.rel1.win32_1.0.100.202509120712/tools/bin/../lib/gcc/arm-none-eabi/13.3.1/../../../../arm-none-eabi/lib/thumb/v7e-m+fp/hard\libc_nano.a(libc_a-memset.o)
                0x08007670                memset
 .text.__libc_init_array
                0x08007680       0x48 C:/ST/STM32CubeIDE_2.0.0/STM32CubeIDE/plugins/com.st.stm32cube.ide.mcu.externaltools.gnu-tools-for-stm32.13.3.rel1.win32_1.0.100.202509120712/tools/bin/../lib/gcc/arm-none-eabi/13.3.1/../../../../arm-none-eabi/lib/thumb/v7e-m+fp/hard\libc_nano.a(libc_a-init.o)
                0x08007680                __libc_init_array
 .text.memcpy   0x080076c8       0x1c C:/ST/STM32CubeIDE_2.0.0/STM32CubeIDE/plugins/com.st.stm32cube.ide.mcu.externaltools.gnu-tools-for-stm32.13.3.rel1.win32_1.0.100.202509120712/tools/bin/../lib/gcc/arm-none-eabi/13.3.1/../../../../arm-none-eabi/lib/thumb/v7e-m+fp/hard\libc_nano.a(libc_a-memcpy-stub.o)
                0x080076c8                memcpy
 *(.glue_7)
 .glue_7        0x080076e4        0x0 linker stubs
 *(.glue_7t)
 .glue_7t       0x080076e4        0x0 linker stubs
 *(.eh_frame)
 .eh_frame      0x080076e4        0x0 C:/ST/STM32CubeIDE_2.0.0/STM32CubeIDE/plugins/com.st.stm32cube.ide.mcu.externaltools.gnu-tools-for-stm32.13.3.rel1.win32_1.0.100.202509120712/tools/bin/../lib/gcc/arm-none-eabi/13.3.1/thumb/v7e-m+fp/hard/crtbegin.o
 *(.init)
 .init          0x080076e4        0x4 C:/ST/STM32CubeIDE_2.0.0/STM32CubeIDE/plugins/com.st.stm32cube.ide.mcu.externaltools.gnu-tools-for-stm32.13.3.rel1.win32_1.0.100.202509120712/tools/bin/../lib/gcc/arm-none-eabi/13.3.1/thumb/v7e-m+fp/hard/crti.o
                0x080076e4                _init
 .init          0x080076e8        0x8 C:/ST/STM32CubeIDE_2.0.0/STM32CubeIDE/plugins/com.st.stm32cube.ide.mcu.externaltools.gnu-tools-for-stm32.13.3.rel1.win32_1.0.100.202509120712/tools/bin/../lib/gcc/arm-none-eabi/13.3.1/thumb/v7e-m+fp/hard/crtn.o
 *(.fini)
 .fini          0x080076f0        0x4 C:/ST/STM32CubeIDE_2.0.0/STM32CubeIDE/plugins/com.st.stm32cube.ide.mcu.externaltools.gnu-tools-for-stm32.13.3.rel1.win32_1.0.100.202509120712/tools/bin/../lib/gcc/arm-none-eabi/13.3.1/thumb/v7e-m+fp/hard/crti.o
                0x080076f0                _fini
 .fini          0x080076f4        0x8 C:/ST/STM32CubeIDE_2.0.0/STM32CubeIDE/plugins/com.st.stm32cube.ide.mcu.externaltools.gnu-tools-for-stm32.13.3.rel1.win32_1.0.100.202509120712/tools/bin/../lib/gcc/arm-none-eabi/13.3.1/thumb/v7e-m+fp/hard/crtn.o
                0x080076fc                        . = ALIGN (0x4)
                0x080076fc                        _etext = .

.vfp11_veneer   0x080076fc        0x0
 .vfp11_veneer  0x080076fc        0x0 linker stubs

.v4_bx          0x080076fc        0x0
 .v4_bx         0x080076fc        0x0 linker stubs

.iplt           0x080076fc        0x0
 .iplt          0x080076fc        0x0 C:/ST/STM32CubeIDE_2.0.0/STM32CubeIDE/plugins/com.st.stm32cube.ide.mcu.externaltools.gnu-tools-for-stm32.13.3.rel1.win32_1.0.100.202509120712/tools/bin/../lib/gcc/arm-none-eabi/13.3.1/thumb/v7e-m+fp/hard/crtbegin.o

.rodata         0x080076fc      0x22c
                0x080076fc                        . = ALIGN (0x4)
 *(.rodata)
 .rodata        0x080076fc       0xf5 ./Core/Src/main.o
 *fill*         0x080077f1        0x3 
 .rodata        0x080077f4        0x5 ./common/ThirdParty/FreeRTOS/tasks.o
 *fill*         0x080077f9        0x3 
 .rodata        0x080077fc        0xd ./common/ThirdParty/FreeRTOS/timers.o
 *fill*         0x08007809        0x3 
 .rodata        0x0800780c       0x51 ./common/ThirdParty/SEGGER/Config/SEGGER_SYSVIEW_Config_FreeRTOS.o
 *fill*         0x0800785d        0x3 
 .rodata        0x08007860       0x58 ./common/ThirdParty/SEGGER/OS/SEGGER_SYSVIEW_FreeRTOS.o
 .rodata        0x080078b8        0x9 ./common/ThirdParty/SEGGER/SEGGER/SEGGER_RTT.o
 *fill*         0x080078c1        0x3 
 .rodata        0x080078c4       0x10 ./common/ThirdParty/SEGGER/SEGGER/SEGGER_SYSVIEW.o
 *(.rodata*)
 .rodata.AHBPrescTable
                0x080078d4       0x10 ./Core/Src/system_stm32f4xx.o
                0x080078d4                AHBPrescTable
 .rodata.APBPrescTable
                0x080078e4        0x8 ./Core/Src/system_stm32f4xx.o
                0x080078e4                APBPrescTable
 .rodata.uxTopUsedPriority
                0x080078ec        0x4 ./common/ThirdParty/FreeRTOS/tasks.o
                0x080078ec                uxTopUsedPriority
 .rodata.SYSVIEW_X_OS_TraceAPI
                0x080078f0        0x8 ./common/ThirdParty/SEGGER/OS/SEGGER_SYSVIEW_FreeRTOS.o
                0x080078f0                SYSVIEW_X_OS_TraceAPI
 .rodata._aInitStr.0
                0x080078f8       0x11 ./common/ThirdParty/SEGGER/SEGGER/SEGGER_RTT.o
 *fill*         0x08007909        0x3 
 .rodata._abSync
                0x0800790c        0xa ./common/ThirdParty/SEGGER/SEGGER/SEGGER_SYSVIEW.o
 *fill*         0x08007916        0x2 
 .rodata._aV2C.0
                0x08007918       0x10 ./common/ThirdParty/SEGGER/SEGGER/SEGGER_SYSVIEW.o
                0x08007928                        . = ALIGN (0x4)

.ARM.extab      0x08007928        0x0
                0x08007928                        . = ALIGN (0x4)
 *(.ARM.extab* .gnu.linkonce.armextab.*)
                0x08007928                        . = ALIGN (0x4)

.ARM            0x08007928        0x8
                0x08007928                        . = ALIGN (0x4)
                0x08007928                        __exidx_start = .
 *(.ARM.exidx*)
 .ARM.exidx     0x08007928        0x8 C:/ST/STM32CubeIDE_2.0.0/STM32CubeIDE/plugins/com.st.stm32cube.ide.mcu.externaltools.gnu-tools-for-stm32.13.3.rel1.win32_1.0.100.202509120712/tools/bin/../lib/gcc/arm-none-eabi/13.3.1/thumb/v7e-m+fp/hard\libgcc.a(_udivmoddi4.o)
                0x08007930                        __exidx_end = .
                0x08007930                        . = ALIGN (0x4)

.preinit_array  0x08007930        0x0
                0x08007930                        . = ALIGN (0x4)
                0x08007930                        PROVIDE (__preinit_array_start = .)
 *(.preinit_array*)
                0x08007930                        PROVIDE (__preinit_array_end = .)
                0x08007930                        . = ALIGN (0x4)

.init_array     0x08007930        0x4
                0x08007930                        . = ALIGN (0x4)
                0x08007930                        PROVIDE (__init_array_start = .)
 *(SORT_BY_NAME(.init_array.*))
 *(.init_array*)
 .init_array    0x08007930        0x4 C:/ST/STM32CubeIDE_2.0.0/STM32CubeIDE/plugins/com.st.stm32cube.ide.mcu.externaltools.gnu-tools-for-stm32.13.3.rel1.win32_1.0.100.202509120712/tools/bin/../lib/gcc/arm-none-eabi/13.3.1/thumb/v7e-m+fp/hard/crtbegin.o
                0x08007934                        PROVIDE (__init_array_end = .)
                0x08007934                        . = ALIGN (0x4)

.fini_array     0x08007934        0x4
                0x08007934                        . = ALIGN (0x4)
                [!provide]                        PROVIDE (__fini_array_start = .)
 *(SORT_BY_NAME(.fini_array.*))
 *(.fini_array*)
 .fini_array    0x08007934        0x4 C:/ST/STM32CubeIDE_2.0.0/STM32CubeIDE/plugins/com.st.stm32cube.ide.mcu.externaltools.gnu-tools-for-stm32.13.3.rel1.win32_1.0.100.202509120712/tools/bin/../lib/gcc/arm-none-eabi/13.3.1/thumb/v7e-m+fp/hard/crtbegin.o
                [!provide]                        PROVIDE (__fini_array_end = .)
                0x08007938                        . = ALIGN (0x4)
                0x08007938                        _sidata = LOADADDR (.data)

.rel.dyn        0x08007938        0x0
 .rel.iplt      0x08007938        0x0 C:/ST/STM32CubeIDE_2.0.0/STM32CubeIDE/plugins/com.st.stm32cube.ide.mcu.externaltools.gnu-tools-for-stm32.13.3.rel1.win32_1.0.100.202509120712/tools/bin/../lib/gcc/arm-none-eabi/13.3.1/thumb/v7e-m+fp/hard/crtbegin.o

.data           0x20000000       0x10 load address 0x08007938
                0x20000000                        . = ALIGN (0x4)
                0x20000000                        _sdata = .
 *(.data)
 *(.data*)
 .data.SystemCoreClock
                0x20000000        0x4 ./Core/Src/system_stm32f4xx.o
                0x20000000                SystemCoreClock
 .data.uwTickPrio
                0x20000004        0x4 ./Drivers/STM32F4xx_HAL_Driver/Src/stm32f4xx_hal.o
                0x20000004                uwTickPrio
 .data.uwTickFreq
                0x20000008        0x1 ./Drivers/STM32F4xx_HAL_Driver/Src/stm32f4xx_hal.o
                0x20000008                uwTickFreq
 *fill*         0x20000009        0x3 
 .data.uxCriticalNesting
                0x2000000c        0x4 ./common/ThirdParty/FreeRTOS/portable/GCC/ARM_CM4F/port.o
 *(.RamFunc)
 *(.RamFunc*)
                0x20000010                        . = ALIGN (0x4)
                0x20000010                        _edata = .
                0x08007948                        _siccmram = LOADADDR (.ccmram)

.igot.plt       0x20000010        0x0 load address 0x08007948
 .igot.plt      0x20000010        0x0 C:/ST/STM32CubeIDE_2.0.0/STM32CubeIDE/plugins/com.st.stm32cube.ide.mcu.externaltools.gnu-tools-for-stm32.13.3.rel1.win32_1.0.100.202509120712/tools/bin/../lib/gcc/arm-none-eabi/13.3.1/thumb/v7e-m+fp/hard/crtbegin.o

.ccmram         0x10000000        0x0 load address 0x08007948
                0x10000000                        . = ALIGN (0x4)
                0x10000000                        _sccmram = .
 *(.ccmram)
 *(.ccmram*)
                0x10000000                        . = ALIGN (0x4)
                0x10000000                        _eccmram = .
                0x10000000                        . = ALIGN (0x4)

.bss            0x20000010    0x1b4a0
                0x20000010                        _sbss = .
                0x20000010                        __bss_start__ = _sbss
 *(.bss)
 .bss           0x20000010       0x1c C:/ST/STM32CubeIDE_2.0.0/STM32CubeIDE/plugins/com.st.stm32cube.ide.mcu.externaltools.gnu-tools-for-stm32.13.3.rel1.win32_1.0.100.202509120712/tools/bin/../lib/gcc/arm-none-eabi/13.3.1/thumb/v7e-m+fp/hard/crtbegin.o
 *(.bss*)
 .bss.ledg_task_handle
                0x2000002c        0x4 ./Core/Src/main.o
                0x2000002c                ledg_task_handle
 .bss.ledo_task_handle
                0x20000030        0x4 ./Core/Src/main.o
                0x20000030                ledo_task_handle
 .bss.ledr_task_handle
                0x20000034        0x4 ./Core/Src/main.o
                0x20000034                ledr_task_handle
 .bss.ledb_task_handle
                0x20000038        0x4 ./Core/Src/main.o
                0x20000038                ledb_task_handle
 .bss.btn_task_handle
                0x2000003c        0x4 ./Core/Src/main.o
                0x2000003c                btn_task_handle
 .bss.next_task_handle
                0x20000040        0x4 ./Core/Src/main.o
                0x20000040                next_task_handle
 .bss.htim6     0x20000044       0x48 ./Core/Src/stm32f4xx_hal_timebase_tim.o
                0x20000044                htim6
 .bss.uwTick    0x2000008c        0x4 ./Drivers/STM32F4xx_HAL_Driver/Src/stm32f4xx_hal.o
                0x2000008c                uwTick
 .bss.xQueueRegistry
                0x20000090       0x40 ./common/ThirdParty/FreeRTOS/queue.o
                0x20000090                xQueueRegistry
 .bss.pxCurrentTCB
                0x200000d0        0x4 ./common/ThirdParty/FreeRTOS/tasks.o
                0x200000d0                pxCurrentTCB
 .bss.pxReadyTasksLists
                0x200000d4       0x64 ./common/ThirdParty/FreeRTOS/tasks.o
 .bss.xDelayedTaskList1
                0x20000138       0x14 ./common/ThirdParty/FreeRTOS/tasks.o
 .bss.xDelayedTaskList2
                0x2000014c       0x14 ./common/ThirdParty/FreeRTOS/tasks.o
 .bss.pxDelayedTaskList
                0x20000160        0x4 ./common/ThirdParty/FreeRTOS/tasks.o
 .bss.pxOverflowDelayedTaskList
                0x20000164        0x4 ./common/ThirdParty/FreeRTOS/tasks.o
 .bss.xPendingReadyList
                0x20000168       0x14 ./common/ThirdParty/FreeRTOS/tasks.o
 .bss.xTasksWaitingTermination
                0x2000017c       0x14 ./common/ThirdParty/FreeRTOS/tasks.o
 .bss.uxDeletedTasksWaitingCleanUp
                0x20000190        0x4 ./common/ThirdParty/FreeRTOS/tasks.o
 .bss.xSuspendedTaskList
                0x20000194       0x14 ./common/ThirdParty/FreeRTOS/tasks.o
 .bss.uxCurrentNumberOfTasks
                0x200001a8        0x4 ./common/ThirdParty/FreeRTOS/tasks.o
 .bss.xTickCount
                0x200001ac        0x4 ./common/ThirdParty/FreeRTOS/tasks.o
 .bss.uxTopReadyPriority
                0x200001b0        0x4 ./common/ThirdParty/FreeRTOS/tasks.o
 .bss.xSchedulerRunning
                0x200001b4        0x4 ./common/ThirdParty/FreeRTOS/tasks.o
 .bss.xPendedTicks
                0x200001b8        0x4 ./common/ThirdParty/FreeRTOS/tasks.o
 .bss.xYieldPending
                0x200001bc        0x4 ./common/ThirdParty/FreeRTOS/tasks.o
 .bss.xNumOfOverflows
                0x200001c0        0x4 ./common/ThirdParty/FreeRTOS/tasks.o
 .bss.uxTaskNumber
                0x200001c4        0x4 ./common/ThirdParty/FreeRTOS/tasks.o
 .bss.xNextTaskUnblockTime
                0x200001c8        0x4 ./common/ThirdParty/FreeRTOS/tasks.o
 .bss.xIdleTaskHandle
                0x200001cc        0x4 ./common/ThirdParty/FreeRTOS/tasks.o
 .bss.uxSchedulerSuspended
                0x200001d0        0x4 ./common/ThirdParty/FreeRTOS/tasks.o
 .bss.xActiveTimerList1
                0x200001d4       0x14 ./common/ThirdParty/FreeRTOS/timers.o
 .bss.xActiveTimerList2
                0x200001e8       0x14 ./common/ThirdParty/FreeRTOS/timers.o
 .bss.pxCurrentTimerList
                0x200001fc        0x4 ./common/ThirdParty/FreeRTOS/timers.o
 .bss.pxOverflowTimerList
                0x20000200        0x4 ./common/ThirdParty/FreeRTOS/timers.o
 .bss.xTimerQueue
                0x20000204        0x4 ./common/ThirdParty/FreeRTOS/timers.o
 .bss.xTimerTaskHandle
                0x20000208        0x4 ./common/ThirdParty/FreeRTOS/timers.o
 .bss.xLastTime.0
                0x2000020c        0x4 ./common/ThirdParty/FreeRTOS/timers.o
 .bss.ucMaxSysCallPriority
                0x20000210        0x1 ./common/ThirdParty/FreeRTOS/portable/GCC/ARM_CM4F/port.o
 *fill*         0x20000211        0x3 
 .bss.ulMaxPRIGROUPValue
                0x20000214        0x4 ./common/ThirdParty/FreeRTOS/portable/GCC/ARM_CM4F/port.o
 .bss.ucHeap    0x20000218    0x19000 ./common/ThirdParty/FreeRTOS/portable/MemMang/heap_4.o
 .bss.xStart    0x20019218        0x8 ./common/ThirdParty/FreeRTOS/portable/MemMang/heap_4.o
 .bss.pxEnd     0x20019220        0x4 ./common/ThirdParty/FreeRTOS/portable/MemMang/heap_4.o
 .bss.xFreeBytesRemaining
                0x20019224        0x4 ./common/ThirdParty/FreeRTOS/portable/MemMang/heap_4.o
 .bss.xMinimumEverFreeBytesRemaining
                0x20019228        0x4 ./common/ThirdParty/FreeRTOS/portable/MemMang/heap_4.o
 .bss.xNumberOfSuccessfulAllocations
                0x2001922c        0x4 ./common/ThirdParty/FreeRTOS/portable/MemMang/heap_4.o
 .bss.xNumberOfSuccessfulFrees
                0x20019230        0x4 ./common/ThirdParty/FreeRTOS/portable/MemMang/heap_4.o
 .bss.xBlockAllocatedBit
                0x20019234        0x4 ./common/ThirdParty/FreeRTOS/portable/MemMang/heap_4.o
 .bss._aTasks   0x20019238       0xa0 ./common/ThirdParty/SEGGER/OS/SEGGER_SYSVIEW_FreeRTOS.o
 .bss._NumTasks
                0x200192d8        0x4 ./common/ThirdParty/SEGGER/OS/SEGGER_SYSVIEW_FreeRTOS.o
 .bss._SEGGER_RTT
                0x200192dc       0xa8 ./common/ThirdParty/SEGGER/SEGGER/SEGGER_RTT.o
                0x200192dc                _SEGGER_RTT
 .bss._acUpBuffer
                0x20019384     0x1000 ./common/ThirdParty/SEGGER/SEGGER/SEGGER_RTT.o
 .bss._acDownBuffer
                0x2001a384       0x10 ./common/ThirdParty/SEGGER/SEGGER/SEGGER_RTT.o
 .bss._UpBuffer
                0x2001a394     0x1000 ./common/ThirdParty/SEGGER/SEGGER/SEGGER_SYSVIEW.o
 .bss._DownBuffer
                0x2001b394        0x8 ./common/ThirdParty/SEGGER/SEGGER/SEGGER_SYSVIEW.o
 .bss._SYSVIEW_Globals
                0x2001b39c       0x28 ./common/ThirdParty/SEGGER/SEGGER/SEGGER_SYSVIEW.o
 .bss._pFirstModule
                0x2001b3c4        0x4 ./common/ThirdParty/SEGGER/SEGGER/SEGGER_SYSVIEW.o
 .bss._NumModules
                0x2001b3c8        0x1 ./common/ThirdParty/SEGGER/SEGGER/SEGGER_SYSVIEW.o
 *fill*         0x2001b3c9        0x3 
 .bss._aPacket  0x2001b3cc       0xe3 ./common/ThirdParty/SEGGER/SEGGER/SEGGER_SYSVIEW.o
 *(COMMON)
                0x2001b4b0                        . = ALIGN (0x4)
 *fill*         0x2001b4af        0x1 
                0x2001b4b0                        _ebss = .
                0x2001b4b0                        __bss_end__ = _ebss

._user_heap_stack
                0x2001b4b0      0x600
                0x2001b4b0                        . = ALIGN (0x8)
                [!provide]                        PROVIDE (end = .)
                0x2001b4b0                        PROVIDE (_end = .)
                0x2001b6b0                        . = (. + _Min_Heap_Size)
 *fill*         0x2001b4b0      0x200 
                0x2001bab0                        . = (. + _Min_Stack_Size)
 *fill*         0x2001b6b0      0x400 
                0x2001bab0                        . = ALIGN (0x8)

/DISCARD/
 libc.a(*)
 libm.a(*)
 libgcc.a(*)

.ARM.attributes
                0x00000000       0x30
 *(.ARM.attributes)
 .ARM.attributes
                0x00000000       0x22 C:/ST/STM32CubeIDE_2.0.0/STM32CubeIDE/plugins/com.st.stm32cube.ide.mcu.externaltools.gnu-tools-for-stm32.13.3.rel1.win32_1.0.100.202509120712/tools/bin/../lib/gcc/arm-none-eabi/13.3.1/thumb/v7e-m+fp/hard/crti.o
 .ARM.attributes
                0x00000022       0x34 C:/ST/STM32CubeIDE_2.0.0/STM32CubeIDE/plugins/com.st.stm32cube.ide.mcu.externaltools.gnu-tools-for-stm32.13.3.rel1.win32_1.0.100.202509120712/tools/bin/../lib/gcc/arm-none-eabi/13.3.1/thumb/v7e-m+fp/hard/crtbegin.o
 .ARM.attributes
                0x00000056       0x34 ./Core/Src/main.o
 .ARM.attributes
                0x0000008a       0x34 ./Core/Src/stm32f4xx_hal_msp.o
 .ARM.attributes
                0x000000be       0x34 ./Core/Src/stm32f4xx_hal_timebase_tim.o
 .ARM.attributes
                0x000000f2       0x34 ./Core/Src/stm32f4xx_it.o
 .ARM.attributes
                0x00000126       0x34 ./Core/Src/system_stm32f4xx.o
 .ARM.attributes
                0x0000015a       0x21 ./Core/Startup/startup_stm32f407vgtx.o
 .ARM.attributes
                0x0000017b       0x34 ./Drivers/STM32F4xx_HAL_Driver/Src/stm32f4xx_hal.o
 .ARM.attributes
                0x000001af       0x34 ./Drivers/STM32F4xx_HAL_Driver/Src/stm32f4xx_hal_cortex.o
 .ARM.attributes
                0x000001e3       0x34 ./Drivers/STM32F4xx_HAL_Driver/Src/stm32f4xx_hal_gpio.o
 .ARM.attributes
                0x00000217       0x34 ./Drivers/STM32F4xx_HAL_Driver/Src/stm32f4xx_hal_rcc.o
 .ARM.attributes
                0x0000024b       0x34 ./Drivers/STM32F4xx_HAL_Driver/Src/stm32f4xx_hal_tim.o
 .ARM.attributes
                0x0000027f       0x34 ./Drivers/STM32F4xx_HAL_Driver/Src/stm32f4xx_hal_tim_ex.o
 .ARM.attributes
                0x000002b3       0x34 ./common/ThirdParty/FreeRTOS/list.o
 .ARM.attributes
                0x000002e7       0x34 ./common/ThirdParty/FreeRTOS/queue.o
 .ARM.attributes
                0x0000031b       0x34 ./common/ThirdParty/FreeRTOS/tasks.o
 .ARM.attributes
                0x0000034f       0x34 ./common/ThirdParty/FreeRTOS/timers.o
 .ARM.attributes
                0x00000383       0x34 ./common/ThirdParty/FreeRTOS/portable/GCC/ARM_CM4F/port.o
 .ARM.attributes
                0x000003b7       0x34 ./common/ThirdParty/FreeRTOS/portable/MemMang/heap_4.o
 .ARM.attributes
                0x000003eb       0x34 ./common/ThirdParty/SEGGER/Config/SEGGER_SYSVIEW_Config_FreeRTOS.o
 .ARM.attributes
                0x0000041f       0x34 ./common/ThirdParty/SEGGER/OS/SEGGER_SYSVIEW_FreeRTOS.o
 .ARM.attributes
                0x00000453       0x34 ./common/ThirdParty/SEGGER/SEGGER/SEGGER_RTT.o
 .ARM.attributes
                0x00000487       0x20 ./common/ThirdParty/SEGGER/SEGGER/SEGGER_RTT_ASM_ARMv7M.o
 .ARM.attributes
                0x000004a7       0x34 ./common/ThirdParty/SEGGER/SEGGER/SEGGER_SYSVIEW.o
 .ARM.attributes
                0x000004db       0x34 C:/ST/STM32CubeIDE_2.0.0/STM32CubeIDE/plugins/com.st.stm32cube.ide.mcu.externaltools.gnu-tools-for-stm32.13.3.rel1.win32_1.0.100.202509120712/tools/bin/../lib/gcc/arm-none-eabi/13.3.1/../../../../arm-none-eabi/lib/thumb/v7e-m+fp/hard\libc_nano.a(libc_a-memcmp.o)
 .ARM.attributes
                0x0000050f       0x34 C:/ST/STM32CubeIDE_2.0.0/STM32CubeIDE/plugins/com.st.stm32cube.ide.mcu.externaltools.gnu-tools-for-stm32.13.3.rel1.win32_1.0.100.202509120712/tools/bin/../lib/gcc/arm-none-eabi/13.3.1/../../../../arm-none-eabi/lib/thumb/v7e-m+fp/hard\libc_nano.a(libc_a-memset.o)
 .ARM.attributes
                0x00000543       0x34 C:/ST/STM32CubeIDE_2.0.0/STM32CubeIDE/plugins/com.st.stm32cube.ide.mcu.externaltools.gnu-tools-for-stm32.13.3.rel1.win32_1.0.100.202509120712/tools/bin/../lib/gcc/arm-none-eabi/13.3.1/../../../../arm-none-eabi/lib/thumb/v7e-m+fp/hard\libc_nano.a(libc_a-init.o)
 .ARM.attributes
                0x00000577       0x34 C:/ST/STM32CubeIDE_2.0.0/STM32CubeIDE/plugins/com.st.stm32cube.ide.mcu.externaltools.gnu-tools-for-stm32.13.3.rel1.win32_1.0.100.202509120712/tools/bin/../lib/gcc/arm-none-eabi/13.3.1/../../../../arm-none-eabi/lib/thumb/v7e-m+fp/hard\libc_nano.a(libc_a-memcpy-stub.o)
 .ARM.attributes
                0x000005ab       0x22 C:/ST/STM32CubeIDE_2.0.0/STM32CubeIDE/plugins/com.st.stm32cube.ide.mcu.externaltools.gnu-tools-for-stm32.13.3.rel1.win32_1.0.100.202509120712/tools/bin/../lib/gcc/arm-none-eabi/13.3.1/thumb/v7e-m+fp/hard\libgcc.a(_aeabi_uldivmod.o)
 .ARM.attributes
                0x000005cd       0x34 C:/ST/STM32CubeIDE_2.0.0/STM32CubeIDE/plugins/com.st.stm32cube.ide.mcu.externaltools.gnu-tools-for-stm32.13.3.rel1.win32_1.0.100.202509120712/tools/bin/../lib/gcc/arm-none-eabi/13.3.1/thumb/v7e-m+fp/hard\libgcc.a(_udivmoddi4.o)
 .ARM.attributes
                0x00000601       0x22 C:/ST/STM32CubeIDE_2.0.0/STM32CubeIDE/plugins/com.st.stm32cube.ide.mcu.externaltools.gnu-tools-for-stm32.13.3.rel1.win32_1.0.100.202509120712/tools/bin/../lib/gcc/arm-none-eabi/13.3.1/thumb/v7e-m+fp/hard\libgcc.a(_dvmd_tls.o)
 .ARM.attributes
                0x00000623       0x22 C:/ST/STM32CubeIDE_2.0.0/STM32CubeIDE/plugins/com.st.stm32cube.ide.mcu.externaltools.gnu-tools-for-stm32.13.3.rel1.win32_1.0.100.202509120712/tools/bin/../lib/gcc/arm-none-eabi/13.3.1/thumb/v7e-m+fp/hard/crtn.o
OUTPUT(005_LED_TASK_DELETE.elf elf32-littlearm)
LOAD linker stubs
LOAD C:/ST/STM32CubeIDE_2.0.0/STM32CubeIDE/plugins/com.st.stm32cube.ide.mcu.externaltools.gnu-tools-for-stm32.13.3.rel1.win32_1.0.100.202509120712/tools/bin/../lib/gcc/arm-none-eabi/13.3.1/../../../../arm-none-eabi/lib/thumb/v7e-m+fp/hard\libc.a
LOAD C:/ST/STM32CubeIDE_2.0.0/STM32CubeIDE/plugins/com.st.stm32cube.ide.mcu.externaltools.gnu-tools-for-stm32.13.3.rel1.win32_1.0.100.202509120712/tools/bin/../lib/gcc/arm-none-eabi/13.3.1/../../../../arm-none-eabi/lib/thumb/v7e-m+fp/hard\libm.a
LOAD C:/ST/STM32CubeIDE_2.0.0/STM32CubeIDE/plugins/com.st.stm32cube.ide.mcu.externaltools.gnu-tools-for-stm32.13.3.rel1.win32_1.0.100.202509120712/tools/bin/../lib/gcc/arm-none-eabi/13.3.1/thumb/v7e-m+fp/hard\libgcc.a

.debug_info     0x00000000    0x1444d
 .debug_info    0x00000000     0x10db ./Core/Src/main.o
 .debug_info    0x000010db      0x27f ./Core/Src/stm32f4xx_hal_msp.o
 .debug_info    0x0000135a      0xbee ./Core/Src/stm32f4xx_hal_timebase_tim.o
 .debug_info    0x00001f48      0x6ab ./Core/Src/stm32f4xx_it.o
 .debug_info    0x000025f3      0x512 ./Core/Src/system_stm32f4xx.o
 .debug_info    0x00002b05       0x30 ./Core/Startup/startup_stm32f407vgtx.o
 .debug_info    0x00002b35      0x944 ./Drivers/STM32F4xx_HAL_Driver/Src/stm32f4xx_hal.o
 .debug_info    0x00003479      0xd8c ./Drivers/STM32F4xx_HAL_Driver/Src/stm32f4xx_hal_cortex.o
 .debug_info    0x00004205      0x6c3 ./Drivers/STM32F4xx_HAL_Driver/Src/stm32f4xx_hal_gpio.o
 .debug_info    0x000048c8      0x8c3 ./Drivers/STM32F4xx_HAL_Driver/Src/stm32f4xx_hal_rcc.o
 .debug_info    0x0000518b     0x299d ./Drivers/STM32F4xx_HAL_Driver/Src/stm32f4xx_hal_tim.o
 .debug_info    0x00007b28     0x14db ./Drivers/STM32F4xx_HAL_Driver/Src/stm32f4xx_hal_tim_ex.o
 .debug_info    0x00009003      0x2b6 ./common/ThirdParty/FreeRTOS/list.o
 .debug_info    0x000092b9     0x187f ./common/ThirdParty/FreeRTOS/queue.o
 .debug_info    0x0000ab38     0x2256 ./common/ThirdParty/FreeRTOS/tasks.o
 .debug_info    0x0000cd8e      0xe54 ./common/ThirdParty/FreeRTOS/timers.o
 .debug_info    0x0000dbe2      0x5a4 ./common/ThirdParty/FreeRTOS/portable/GCC/ARM_CM4F/port.o
 .debug_info    0x0000e186      0x4dc ./common/ThirdParty/FreeRTOS/portable/MemMang/heap_4.o
 .debug_info    0x0000e662      0x181 ./common/ThirdParty/SEGGER/Config/SEGGER_SYSVIEW_Config_FreeRTOS.o
 .debug_info    0x0000e7e3      0x426 ./common/ThirdParty/SEGGER/OS/SEGGER_SYSVIEW_FreeRTOS.o
 .debug_info    0x0000ec09     0x14d5 ./common/ThirdParty/SEGGER/SEGGER/SEGGER_RTT.o
 .debug_info    0x000100de       0x25 ./common/ThirdParty/SEGGER/SEGGER/SEGGER_RTT_ASM_ARMv7M.o
 .debug_info    0x00010103     0x434a ./common/ThirdParty/SEGGER/SEGGER/SEGGER_SYSVIEW.o

.debug_abbrev   0x00000000     0x2edd
 .debug_abbrev  0x00000000      0x33e ./Core/Src/main.o
 .debug_abbrev  0x0000033e       0xeb ./Core/Src/stm32f4xx_hal_msp.o
 .debug_abbrev  0x00000429      0x1f4 ./Core/Src/stm32f4xx_hal_timebase_tim.o
 .debug_abbrev  0x0000061d      0x17d ./Core/Src/stm32f4xx_it.o
 .debug_abbrev  0x0000079a      0x11a ./Core/Src/system_stm32f4xx.o
 .debug_abbrev  0x000008b4       0x24 ./Core/Startup/startup_stm32f407vgtx.o
 .debug_abbrev  0x000008d8      0x214 ./Drivers/STM32F4xx_HAL_Driver/Src/stm32f4xx_hal.o
 .debug_abbrev  0x00000aec      0x31d ./Drivers/STM32F4xx_HAL_Driver/Src/stm32f4xx_hal_cortex.o
 .debug_abbrev  0x00000e09      0x1d4 ./Drivers/STM32F4xx_HAL_Driver/Src/stm32f4xx_hal_gpio.o
 .debug_abbrev  0x00000fdd      0x2b7 ./Drivers/STM32F4xx_HAL_Driver/Src/stm32f4xx_hal_rcc.o
 .debug_abbrev  0x00001294      0x278 ./Drivers/STM32F4xx_HAL_Driver/Src/stm32f4xx_hal_tim.o
 .debug_abbrev  0x0000150c      0x283 ./Drivers/STM32F4xx_HAL_Driver/Src/stm32f4xx_hal_tim_ex.o
 .debug_abbrev  0x0000178f       0xf5 ./common/ThirdParty/FreeRTOS/list.o
 .debug_abbrev  0x00001884      0x321 ./common/ThirdParty/FreeRTOS/queue.o
 .debug_abbrev  0x00001ba5      0x3b0 ./common/ThirdParty/FreeRTOS/tasks.o
 .debug_abbrev  0x00001f55      0x2de ./common/ThirdParty/FreeRTOS/timers.o
 .debug_abbrev  0x00002233      0x25a ./common/ThirdParty/FreeRTOS/portable/GCC/ARM_CM4F/port.o
 .debug_abbrev  0x0000248d      0x21e ./common/ThirdParty/FreeRTOS/portable/MemMang/heap_4.o
 .debug_abbrev  0x000026ab       0xee ./common/ThirdParty/SEGGER/Config/SEGGER_SYSVIEW_Config_FreeRTOS.o
 .debug_abbrev  0x00002799      0x1c0 ./common/ThirdParty/SEGGER/OS/SEGGER_SYSVIEW_FreeRTOS.o
 .debug_abbrev  0x00002959      0x230 ./common/ThirdParty/SEGGER/SEGGER/SEGGER_RTT.o
 .debug_abbrev  0x00002b89       0x14 ./common/ThirdParty/SEGGER/SEGGER/SEGGER_RTT_ASM_ARMv7M.o
 .debug_abbrev  0x00002b9d      0x340 ./common/ThirdParty/SEGGER/SEGGER/SEGGER_SYSVIEW.o

.debug_aranges  0x00000000     0x1388
 .debug_aranges
                0x00000000       0x68 ./Core/Src/main.o
 .debug_aranges
                0x00000068       0x20 ./Core/Src/stm32f4xx_hal_msp.o
 .debug_aranges
                0x00000088       0x30 ./Core/Src/stm32f4xx_hal_timebase_tim.o
 .debug_aranges
                0x000000b8       0x50 ./Core/Src/stm32f4xx_it.o
 .debug_aranges
                0x00000108       0x28 ./Core/Src/system_stm32f4xx.o
 .debug_aranges
                0x00000130       0x28 ./Core/Startup/startup_stm32f407vgtx.o
 .debug_aranges
                0x00000158       0xf0 ./Drivers/STM32F4xx_HAL_Driver/Src/stm32f4xx_hal.o
 .debug_aranges
                0x00000248      0x130 ./Drivers/STM32F4xx_HAL_Driver/Src/stm32f4xx_hal_cortex.o
 .debug_aranges
                0x00000378       0x58 ./Drivers/STM32F4xx_HAL_Driver/Src/stm32f4xx_hal_gpio.o
 .debug_aranges
                0x000003d0       0x88 ./Drivers/STM32F4xx_HAL_Driver/Src/stm32f4xx_hal_rcc.o
 .debug_aranges
                0x00000458      0x3d0 ./Drivers/STM32F4xx_HAL_Driver/Src/stm32f4xx_hal_tim.o
 .debug_aranges
                0x00000828      0x168 ./Drivers/STM32F4xx_HAL_Driver/Src/stm32f4xx_hal_tim_ex.o
 .debug_aranges
                0x00000990       0x40 ./common/ThirdParty/FreeRTOS/list.o
 .debug_aranges
                0x000009d0      0x130 ./common/ThirdParty/FreeRTOS/queue.o
 .debug_aranges
                0x00000b00      0x208 ./common/ThirdParty/FreeRTOS/tasks.o
 .debug_aranges
                0x00000d08       0xd8 ./common/ThirdParty/FreeRTOS/timers.o
 .debug_aranges
                0x00000de0       0x88 ./common/ThirdParty/FreeRTOS/portable/GCC/ARM_CM4F/port.o
 .debug_aranges
                0x00000e68       0x58 ./common/ThirdParty/FreeRTOS/portable/MemMang/heap_4.o
 .debug_aranges
                0x00000ec0       0x28 ./common/ThirdParty/SEGGER/Config/SEGGER_SYSVIEW_Config_FreeRTOS.o
 .debug_aranges
                0x00000ee8       0x48 ./common/ThirdParty/SEGGER/OS/SEGGER_SYSVIEW_FreeRTOS.o
 .debug_aranges
                0x00000f30      0x138 ./common/ThirdParty/SEGGER/SEGGER/SEGGER_RTT.o
 .debug_aranges
                0x00001068       0x20 ./common/ThirdParty/SEGGER/SEGGER/SEGGER_RTT_ASM_ARMv7M.o
 .debug_aranges
                0x00001088      0x300 ./common/ThirdParty/SEGGER/SEGGER/SEGGER_SYSVIEW.o

.debug_rnglists
                0x00000000      0xf06
 .debug_rnglists
                0x00000000       0x4c ./Core/Src/main.o
 .debug_rnglists
                0x0000004c       0x13 ./Core/Src/stm32f4xx_hal_msp.o
 .debug_rnglists
                0x0000005f       0x20 ./Core/Src/stm32f4xx_hal_timebase_tim.o
 .debug_rnglists
                0x0000007f       0x37 ./Core/Src/stm32f4xx_it.o
 .debug_rnglists
                0x000000b6       0x1a ./Core/Src/system_stm32f4xx.o
 .debug_rnglists
                0x000000d0       0x19 ./Core/Startup/startup_stm32f407vgtx.o
 .debug_rnglists
                0x000000e9       0xaf ./Drivers/STM32F4xx_HAL_Driver/Src/stm32f4xx_hal.o
 .debug_rnglists
                0x00000198       0xe0 ./Drivers/STM32F4xx_HAL_Driver/Src/stm32f4xx_hal_cortex.o
 .debug_rnglists
                0x00000278       0x3f ./Drivers/STM32F4xx_HAL_Driver/Src/stm32f4xx_hal_gpio.o
 .debug_rnglists
                0x000002b7       0x66 ./Drivers/STM32F4xx_HAL_Driver/Src/stm32f4xx_hal_rcc.o
 .debug_rnglists
                0x0000031d      0x31a ./Drivers/STM32F4xx_HAL_Driver/Src/stm32f4xx_hal_tim.o
 .debug_rnglists
                0x00000637      0x125 ./Drivers/STM32F4xx_HAL_Driver/Src/stm32f4xx_hal_tim_ex.o
 .debug_rnglists
                0x0000075c       0x2b ./common/ThirdParty/FreeRTOS/list.o
 .debug_rnglists
                0x00000787       0xeb ./common/ThirdParty/FreeRTOS/queue.o
 .debug_rnglists
                0x00000872      0x19f ./common/ThirdParty/FreeRTOS/tasks.o
 .debug_rnglists
                0x00000a11       0xa3 ./common/ThirdParty/FreeRTOS/timers.o
 .debug_rnglists
                0x00000ab4       0x64 ./common/ThirdParty/FreeRTOS/portable/GCC/ARM_CM4F/port.o
 .debug_rnglists
                0x00000b18       0x42 ./common/ThirdParty/FreeRTOS/portable/MemMang/heap_4.o
 .debug_rnglists
                0x00000b5a       0x19 ./common/ThirdParty/SEGGER/Config/SEGGER_SYSVIEW_Config_FreeRTOS.o
 .debug_rnglists
                0x00000b73       0x36 ./common/ThirdParty/SEGGER/OS/SEGGER_SYSVIEW_FreeRTOS.o
 .debug_rnglists
                0x00000ba9       0xf5 ./common/ThirdParty/SEGGER/SEGGER/SEGGER_RTT.o
 .debug_rnglists
                0x00000c9e      0x268 ./common/ThirdParty/SEGGER/SEGGER/SEGGER_SYSVIEW.o

.debug_macro    0x00000000    0x22c93
 .debug_macro   0x00000000      0x2a3 ./Core/Src/main.o
 .debug_macro   0x000002a3      0xad8 ./Core/Src/main.o
 .debug_macro   0x00000d7b      0x295 ./Core/Src/main.o
 .debug_macro   0x00001010       0x2e ./Core/Src/main.o
 .debug_macro   0x0000103e       0x2f ./Core/Src/main.o
 .debug_macro   0x0000106d       0x22 ./Core/Src/main.o
 .debug_macro   0x0000108f       0x8e ./Core/Src/main.o
 .debug_macro   0x0000111d       0x51 ./Core/Src/main.o
 .debug_macro   0x0000116e      0x103 ./Core/Src/main.o
 .debug_macro   0x00001271       0x6a ./Core/Src/main.o
 .debug_macro   0x000012db      0x1df ./Core/Src/main.o
 .debug_macro   0x000014ba       0x1c ./Core/Src/main.o
 .debug_macro   0x000014d6       0x22 ./Core/Src/main.o
 .debug_macro   0x000014f8       0xfb ./Core/Src/main.o
 .debug_macro   0x000015f3     0x1011 ./Core/Src/main.o
 .debug_macro   0x00002604      0x11f ./Core/Src/main.o
 .debug_macro   0x00002723    0x15ea5 ./Core/Src/main.o
 .debug_macro   0x000185c8       0x6d ./Core/Src/main.o
 .debug_macro   0x00018635     0x3693 ./Core/Src/main.o
 .debug_macro   0x0001bcc8      0x190 ./Core/Src/main.o
 .debug_macro   0x0001be58       0x5c ./Core/Src/main.o
 .debug_macro   0x0001beb4      0x980 ./Core/Src/main.o
 .debug_macro   0x0001c834      0x9e9 ./Core/Src/main.o
 .debug_macro   0x0001d21d      0x115 ./Core/Src/main.o
 .debug_macro   0x0001d332      0x13e ./Core/Src/main.o
 .debug_macro   0x0001d470       0xa5 ./Core/Src/main.o
 .debug_macro   0x0001d515      0x174 ./Core/Src/main.o
 .debug_macro   0x0001d689      0x287 ./Core/Src/main.o
 .debug_macro   0x0001d910       0x5f ./Core/Src/main.o
 .debug_macro   0x0001d96f      0x236 ./Core/Src/main.o
 .debug_macro   0x0001dba5      0x12c ./Core/Src/main.o
 .debug_macro   0x0001dcd1      0x21e ./Core/Src/main.o
 .debug_macro   0x0001deef       0x2e ./Core/Src/main.o
 .debug_macro   0x0001df1d      0x127 ./Core/Src/main.o
 .debug_macro   0x0001e044       0x7e ./Core/Src/main.o
 .debug_macro   0x0001e0c2       0x89 ./Core/Src/main.o
 .debug_macro   0x0001e14b      0x8ed ./Core/Src/main.o
 .debug_macro   0x0001ea38       0x4d ./Core/Src/main.o
 .debug_macro   0x0001ea85      0x12d ./Core/Src/main.o
 .debug_macro   0x0001ebb2      0x1ac ./Core/Src/main.o
 .debug_macro   0x0001ed5e      0x112 ./Core/Src/main.o
 .debug_macro   0x0001ee70       0x58 ./Core/Src/main.o
 .debug_macro   0x0001eec8       0x46 ./Core/Src/main.o
 .debug_macro   0x0001ef0e       0x63 ./Core/Src/main.o
 .debug_macro   0x0001ef71       0x49 ./Core/Src/main.o
 .debug_macro   0x0001efba       0xd1 ./Core/Src/main.o
 .debug_macro   0x0001f08b      0x233 ./Core/Src/main.o
 .debug_macro   0x0001f2be      0x454 ./Core/Src/main.o
 .debug_macro   0x0001f712      0x15a ./Core/Src/main.o
 .debug_macro   0x0001f86c       0xea ./Core/Src/main.o
 .debug_macro   0x0001f956       0x1c ./Core/Src/main.o
 .debug_macro   0x0001f972       0x26 ./Core/Src/main.o
 .debug_macro   0x0001f998      0x3d0 ./Core/Src/main.o
 .debug_macro   0x0001fd68       0xb5 ./Core/Src/main.o
 .debug_macro   0x0001fe1d      0x120 ./Core/Src/main.o
 .debug_macro   0x0001ff3d      0x285 ./Core/Src/stm32f4xx_hal_msp.o
 .debug_macro   0x000201c2      0x1c4 ./Core/Src/stm32f4xx_hal_timebase_tim.o
 .debug_macro   0x00020386      0x1dd ./Core/Src/stm32f4xx_it.o
 .debug_macro   0x00020563      0x1c4 ./Core/Src/system_stm32f4xx.o
 .debug_macro   0x00020727      0x224 ./Drivers/STM32F4xx_HAL_Driver/Src/stm32f4xx_hal.o
 .debug_macro   0x0002094b      0x1c4 ./Drivers/STM32F4xx_HAL_Driver/Src/stm32f4xx_hal_cortex.o
 .debug_macro   0x00020b0f      0x1ca ./Drivers/STM32F4xx_HAL_Driver/Src/stm32f4xx_hal_gpio.o
 .debug_macro   0x00020cd9      0x1e8 ./Drivers/STM32F4xx_HAL_Driver/Src/stm32f4xx_hal_rcc.o
 .debug_macro   0x00020ec1      0x1c5 ./Drivers/STM32F4xx_HAL_Driver/Src/stm32f4xx_hal_tim.o
 .debug_macro   0x00021086      0x1c4 ./Drivers/STM32F4xx_HAL_Driver/Src/stm32f4xx_hal_tim_ex.o
 .debug_macro   0x0002124a      0x1f5 ./common/ThirdParty/FreeRTOS/list.o
 .debug_macro   0x0002143f      0x27e ./common/ThirdParty/FreeRTOS/queue.o
 .debug_macro   0x000216bd       0x16 ./common/ThirdParty/FreeRTOS/queue.o
 .debug_macro   0x000216d3       0x20 ./common/ThirdParty/FreeRTOS/queue.o
 .debug_macro   0x000216f3       0x80 ./common/ThirdParty/FreeRTOS/queue.o
 .debug_macro   0x00021773      0x2e2 ./common/ThirdParty/FreeRTOS/tasks.o
 .debug_macro   0x00021a55       0x10 ./common/ThirdParty/FreeRTOS/tasks.o
 .debug_macro   0x00021a65      0x23e ./common/ThirdParty/FreeRTOS/timers.o
 .debug_macro   0x00021ca3       0x97 ./common/ThirdParty/FreeRTOS/timers.o
 .debug_macro   0x00021d3a      0x1f8 ./common/ThirdParty/FreeRTOS/portable/GCC/ARM_CM4F/port.o
 .debug_macro   0x00021f32      0x210 ./common/ThirdParty/FreeRTOS/portable/MemMang/heap_4.o
 .debug_macro   0x00022142      0x138 ./common/ThirdParty/SEGGER/Config/SEGGER_SYSVIEW_Config_FreeRTOS.o
 .debug_macro   0x0002227a      0x204 ./common/ThirdParty/SEGGER/OS/SEGGER_SYSVIEW_FreeRTOS.o
 .debug_macro   0x0002247e      0x1e8 ./common/ThirdParty/SEGGER/SEGGER/SEGGER_RTT.o
 .debug_macro   0x00022666       0x35 ./common/ThirdParty/SEGGER/SEGGER/SEGGER_RTT.o
 .debug_macro   0x0002269b      0x138 ./common/ThirdParty/SEGGER/SEGGER/SEGGER_RTT.o
 .debug_macro   0x000227d3      0x252 ./common/ThirdParty/SEGGER/SEGGER/SEGGER_SYSVIEW.o
 .debug_macro   0x00022a25      0x233 ./common/ThirdParty/SEGGER/SEGGER/SEGGER_SYSVIEW.o
 .debug_macro   0x00022c58       0x3b ./common/ThirdParty/SEGGER/SEGGER/SEGGER_SYSVIEW.o

.debug_line     0x00000000    0x156b7
 .debug_line    0x00000000      0xc72 ./Core/Src/main.o
 .debug_line    0x00000c72      0x98f ./Core/Src/stm32f4xx_hal_msp.o
 .debug_line    0x00001601      0x7b0 ./Core/Src/stm32f4xx_hal_timebase_tim.o
 .debug_line    0x00001db1      0x7bb ./Core/Src/stm32f4xx_it.o
 .debug_line    0x0000256c      0x7a8 ./Core/Src/system_stm32f4xx.o
 .debug_line    0x00002d14       0x7a ./Core/Startup/startup_stm32f407vgtx.o
 .debug_line    0x00002d8e      0xa24 ./Drivers/STM32F4xx_HAL_Driver/Src/stm32f4xx_hal.o
 .debug_line    0x000037b2      0xcf4 ./Drivers/STM32F4xx_HAL_Driver/Src/stm32f4xx_hal_cortex.o
 .debug_line    0x000044a6      0xb7c ./Drivers/STM32F4xx_HAL_Driver/Src/stm32f4xx_hal_gpio.o
 .debug_line    0x00005022      0xe33 ./Drivers/STM32F4xx_HAL_Driver/Src/stm32f4xx_hal_rcc.o
 .debug_line    0x00005e55     0x3799 ./Drivers/STM32F4xx_HAL_Driver/Src/stm32f4xx_hal_tim.o
 .debug_line    0x000095ee     0x1984 ./Drivers/STM32F4xx_HAL_Driver/Src/stm32f4xx_hal_tim_ex.o
 .debug_line    0x0000af72      0x90d ./common/ThirdParty/FreeRTOS/list.o
 .debug_line    0x0000b87f     0x1858 ./common/ThirdParty/FreeRTOS/queue.o
 .debug_line    0x0000d0d7     0x1e9f ./common/ThirdParty/FreeRTOS/tasks.o
 .debug_line    0x0000ef76      0xe52 ./common/ThirdParty/FreeRTOS/timers.o
 .debug_line    0x0000fdc8      0xa12 ./common/ThirdParty/FreeRTOS/portable/GCC/ARM_CM4F/port.o
 .debug_line    0x000107da      0xb41 ./common/ThirdParty/FreeRTOS/portable/MemMang/heap_4.o
 .debug_line    0x0001131b      0x6a9 ./common/ThirdParty/SEGGER/Config/SEGGER_SYSVIEW_Config_FreeRTOS.o
 .debug_line    0x000119c4      0x9b4 ./common/ThirdParty/SEGGER/OS/SEGGER_SYSVIEW_FreeRTOS.o
 .debug_line    0x00012378      0xf7f ./common/ThirdParty/SEGGER/SEGGER/SEGGER_RTT.o
 .debug_line    0x000132f7       0x86 ./common/ThirdParty/SEGGER/SEGGER/SEGGER_RTT_ASM_ARMv7M.o
 .debug_line    0x0001337d     0x233a ./common/ThirdParty/SEGGER/SEGGER/SEGGER_SYSVIEW.o

.debug_str      0x00000000    0xd7a7e
 .debug_str     0x00000000    0xd7a7e ./Core/Src/main.o
                              0xcbee6 (size before relaxing)
 .debug_str     0x000d7a7e        0x0 ./Core/Src/stm32f4xx_hal_msp.o
                              0xc9a91 (size before relaxing)
 .debug_str     0x000d7a7e        0x0 ./Core/Src/stm32f4xx_hal_timebase_tim.o
                              0xc2d26 (size before relaxing)
 .debug_str     0x000d7a7e        0x0 ./Core/Src/stm32f4xx_it.o
                              0xc2ceb (size before relaxing)
 .debug_str     0x000d7a7e        0x0 ./Core/Src/system_stm32f4xx.o
                              0xc222f (size before relaxing)
 .debug_str     0x000d7a7e        0x0 ./Core/Startup/startup_stm32f407vgtx.o
                                 0x7a (size before relaxing)
 .debug_str     0x000d7a7e        0x0 ./Drivers/STM32F4xx_HAL_Driver/Src/stm32f4xx_hal.o
                              0xc2db3 (size before relaxing)
 .debug_str     0x000d7a7e        0x0 ./Drivers/STM32F4xx_HAL_Driver/Src/stm32f4xx_hal_cortex.o
                              0xc2b2f (size before relaxing)
 .debug_str     0x000d7a7e        0x0 ./Drivers/STM32F4xx_HAL_Driver/Src/stm32f4xx_hal_gpio.o
                              0xc23aa (size before relaxing)
 .debug_str     0x000d7a7e        0x0 ./Drivers/STM32F4xx_HAL_Driver/Src/stm32f4xx_hal_rcc.o
                              0xc2663 (size before relaxing)
 .debug_str     0x000d7a7e        0x0 ./Drivers/STM32F4xx_HAL_Driver/Src/stm32f4xx_hal_tim.o
                              0xc35b9 (size before relaxing)
 .debug_str     0x000d7a7e        0x0 ./Drivers/STM32F4xx_HAL_Driver/Src/stm32f4xx_hal_tim_ex.o
                              0xc2dc5 (size before relaxing)
 .debug_str     0x000d7a7e        0x0 ./common/ThirdParty/FreeRTOS/list.o
                               0xeefb (size before relaxing)
 .debug_str     0x000d7a7e        0x0 ./common/ThirdParty/FreeRTOS/queue.o
                              0x11408 (size before relaxing)
 .debug_str     0x000d7a7e        0x0 ./common/ThirdParty/FreeRTOS/tasks.o
                              0x12275 (size before relaxing)
 .debug_str     0x000d7a7e        0x0 ./common/ThirdParty/FreeRTOS/timers.o
                              0x1171a (size before relaxing)
 .debug_str     0x000d7a7e        0x0 ./common/ThirdParty/FreeRTOS/portable/GCC/ARM_CM4F/port.o
                               0xd693 (size before relaxing)
 .debug_str     0x000d7a7e        0x0 ./common/ThirdParty/FreeRTOS/portable/MemMang/heap_4.o
                              0x103c4 (size before relaxing)
 .debug_str     0x000d7a7e        0x0 ./common/ThirdParty/SEGGER/Config/SEGGER_SYSVIEW_Config_FreeRTOS.o
                               0xb523 (size before relaxing)
 .debug_str     0x000d7a7e        0x0 ./common/ThirdParty/SEGGER/OS/SEGGER_SYSVIEW_FreeRTOS.o
                              0x10147 (size before relaxing)
 .debug_str     0x000d7a7e        0x0 ./common/ThirdParty/SEGGER/SEGGER/SEGGER_RTT.o
                               0x88ba (size before relaxing)
 .debug_str     0x000d7a7e        0x0 ./common/ThirdParty/SEGGER/SEGGER/SEGGER_RTT_ASM_ARMv7M.o
                                 0x98 (size before relaxing)
 .debug_str     0x000d7a7e        0x0 ./common/ThirdParty/SEGGER/SEGGER/SEGGER_SYSVIEW.o
                               0xad17 (size before relaxing)

.comment        0x00000000       0x43
 .comment       0x00000000       0x43 ./Core/Src/main.o
                                 0x44 (size before relaxing)
 .comment       0x00000043        0x0 ./Core/Src/stm32f4xx_hal_msp.o
                                 0x44 (size before relaxing)
 .comment       0x00000043        0x0 ./Core/Src/stm32f4xx_hal_timebase_tim.o
                                 0x44 (size before relaxing)
 .comment       0x00000043        0x0 ./Core/Src/stm32f4xx_it.o
                                 0x44 (size before relaxing)
 .comment       0x00000043        0x0 ./Core/Src/system_stm32f4xx.o
                                 0x44 (size before relaxing)
 .comment       0x00000043        0x0 ./Drivers/STM32F4xx_HAL_Driver/Src/stm32f4xx_hal.o
                                 0x44 (size before relaxing)
 .comment       0x00000043        0x0 ./Drivers/STM32F4xx_HAL_Driver/Src/stm32f4xx_hal_cortex.o
                                 0x44 (size before relaxing)
 .comment       0x00000043        0x0 ./Drivers/STM32F4xx_HAL_Driver/Src/stm32f4xx_hal_gpio.o
                                 0x44 (size before relaxing)
 .comment       0x00000043        0x0 ./Drivers/STM32F4xx_HAL_Driver/Src/stm32f4xx_hal_rcc.o
                                 0x44 (size before relaxing)
 .comment       0x00000043        0x0 ./Drivers/STM32F4xx_HAL_Driver/Src/stm32f4xx_hal_tim.o
                                 0x44 (size before relaxing)
 .comment       0x00000043        0x0 ./Drivers/STM32F4xx_HAL_Driver/Src/stm32f4xx_hal_tim_ex.o
                                 0x44 (size before relaxing)
 .comment       0x00000043        0x0 ./common/ThirdParty/FreeRTOS/list.o
                                 0x44 (size before relaxing)
 .comment       0x00000043        0x0 ./common/ThirdParty/FreeRTOS/queue.o
                                 0x44 (size before relaxing)
 .comment       0x00000043        0x0 ./common/ThirdParty/FreeRTOS/tasks.o
                                 0x44 (size before relaxing)
 .comment       0x00000043        0x0 ./common/ThirdParty/FreeRTOS/timers.o
                                 0x44 (size before relaxing)
 .comment       0x00000043        0x0 ./common/ThirdParty/FreeRTOS/portable/GCC/ARM_CM4F/port.o
                                 0x44 (size before relaxing)
 .comment       0x00000043        0x0 ./common/ThirdParty/FreeRTOS/portable/MemMang/heap_4.o
                                 0x44 (size before relaxing)
 .comment       0x00000043        0x0 ./common/ThirdParty/SEGGER/Config/SEGGER_SYSVIEW_Config_FreeRTOS.o
                                 0x44 (size before relaxing)
 .comment       0x00000043        0x0 ./common/ThirdParty/SEGGER/OS/SEGGER_SYSVIEW_FreeRTOS.o
                                 0x44 (size before relaxing)
 .comment       0x00000043        0x0 ./common/ThirdParty/SEGGER/SEGGER/SEGGER_RTT.o
                                 0x44 (size before relaxing)
 .comment       0x00000043        0x0 ./common/ThirdParty/SEGGER/SEGGER/SEGGER_SYSVIEW.o
                                 0x44 (size before relaxing)

.debug_frame    0x00000000     0x51fc
 .debug_frame   0x00000000      0x160 ./Core/Src/main.o
 .debug_frame   0x00000160       0x34 ./Core/Src/stm32f4xx_hal_msp.o
 .debug_frame   0x00000194       0x74 ./Core/Src/stm32f4xx_hal_timebase_tim.o
 .debug_frame   0x00000208       0xc4 ./Core/Src/stm32f4xx_it.o
 .debug_frame   0x000002cc       0x58 ./Core/Src/system_stm32f4xx.o
 .debug_frame   0x00000324      0x374 ./Drivers/STM32F4xx_HAL_Driver/Src/stm32f4xx_hal.o
 .debug_frame   0x00000698      0x508 ./Drivers/STM32F4xx_HAL_Driver/Src/stm32f4xx_hal_cortex.o
 .debug_frame   0x00000ba0      0x14c ./Drivers/STM32F4xx_HAL_Driver/Src/stm32f4xx_hal_gpio.o
 .debug_frame   0x00000cec      0x1f4 ./Drivers/STM32F4xx_HAL_Driver/Src/stm32f4xx_hal_rcc.o
 .debug_frame   0x00000ee0     0x11c0 ./Drivers/STM32F4xx_HAL_Driver/Src/stm32f4xx_hal_tim.o
 .debug_frame   0x000020a0      0x638 ./Drivers/STM32F4xx_HAL_Driver/Src/stm32f4xx_hal_tim_ex.o
 .debug_frame   0x000026d8       0xd8 ./common/ThirdParty/FreeRTOS/list.o
 .debug_frame   0x000027b0      0x544 ./common/ThirdParty/FreeRTOS/queue.o
 .debug_frame   0x00002cf4      0x8fc ./common/ThirdParty/FreeRTOS/tasks.o
 .debug_frame   0x000035f0      0x38c ./common/ThirdParty/FreeRTOS/timers.o
 .debug_frame   0x0000397c      0x1d0 ./common/ThirdParty/FreeRTOS/portable/GCC/ARM_CM4F/port.o
 .debug_frame   0x00003b4c      0x12c ./common/ThirdParty/FreeRTOS/portable/MemMang/heap_4.o
 .debug_frame   0x00003c78       0x48 ./common/ThirdParty/SEGGER/Config/SEGGER_SYSVIEW_Config_FreeRTOS.o
 .debug_frame   0x00003cc0      0x104 ./common/ThirdParty/SEGGER/OS/SEGGER_SYSVIEW_FreeRTOS.o
 .debug_frame   0x00003dc4      0x52c ./common/ThirdParty/SEGGER/SEGGER/SEGGER_RTT.o
 .debug_frame   0x000042f0      0xe10 ./common/ThirdParty/SEGGER/SEGGER/SEGGER_SYSVIEW.o
 .debug_frame   0x00005100       0x28 C:/ST/STM32CubeIDE_2.0.0/STM32CubeIDE/plugins/com.st.stm32cube.ide.mcu.externaltools.gnu-tools-for-stm32.13.3.rel1.win32_1.0.100.202509120712/tools/bin/../lib/gcc/arm-none-eabi/13.3.1/../../../../arm-none-eabi/lib/thumb/v7e-m+fp/hard\libc_nano.a(libc_a-memcmp.o)
 .debug_frame   0x00005128       0x20 C:/ST/STM32CubeIDE_2.0.0/STM32CubeIDE/plugins/com.st.stm32cube.ide.mcu.externaltools.gnu-tools-for-stm32.13.3.rel1.win32_1.0.100.202509120712/tools/bin/../lib/gcc/arm-none-eabi/13.3.1/../../../../arm-none-eabi/lib/thumb/v7e-m+fp/hard\libc_nano.a(libc_a-memset.o)
 .debug_frame   0x00005148       0x2c C:/ST/STM32CubeIDE_2.0.0/STM32CubeIDE/plugins/com.st.stm32cube.ide.mcu.externaltools.gnu-tools-for-stm32.13.3.rel1.win32_1.0.100.202509120712/tools/bin/../lib/gcc/arm-none-eabi/13.3.1/../../../../arm-none-eabi/lib/thumb/v7e-m+fp/hard\libc_nano.a(libc_a-init.o)
 .debug_frame   0x00005174       0x28 C:/ST/STM32CubeIDE_2.0.0/STM32CubeIDE/plugins/com.st.stm32cube.ide.mcu.externaltools.gnu-tools-for-stm32.13.3.rel1.win32_1.0.100.202509120712/tools/bin/../lib/gcc/arm-none-eabi/13.3.1/../../../../arm-none-eabi/lib/thumb/v7e-m+fp/hard\libc_nano.a(libc_a-memcpy-stub.o)
 .debug_frame   0x0000519c       0x2c C:/ST/STM32CubeIDE_2.0.0/STM32CubeIDE/plugins/com.st.stm32cube.ide.mcu.externaltools.gnu-tools-for-stm32.13.3.rel1.win32_1.0.100.202509120712/tools/bin/../lib/gcc/arm-none-eabi/13.3.1/thumb/v7e-m+fp/hard\libgcc.a(_aeabi_uldivmod.o)
 .debug_frame   0x000051c8       0x34 C:/ST/STM32CubeIDE_2.0.0/STM32CubeIDE/plugins/com.st.stm32cube.ide.mcu.externaltools.gnu-tools-for-stm32.13.3.rel1.win32_1.0.100.202509120712/tools/bin/../lib/gcc/arm-none-eabi/13.3.1/thumb/v7e-m+fp/hard\libgcc.a(_udivmoddi4.o)

.debug_line_str
                0x00000000       0xb2
 .debug_line_str
                0x00000000       0xb2 ./Core/Startup/startup_stm32f407vgtx.o
                                 0x5e (size before relaxing)
 .debug_line_str
                0x000000b2        0x0 ./common/ThirdParty/SEGGER/SEGGER/SEGGER_RTT_ASM_ARMv7M.o
                                 0x8a (size before relaxing)
