13:58:45 **** Incremental Build of configuration Debug for project 002LED_tasks ****
make -j16 all 
arm-none-eabi-gcc "../Core/Src/main.c" -mcpu=cortex-m4 -std=gnu11 -g3 -DDEBUG -DUSE_HAL_DRIVER -DSTM32F407xx -c -I../Core/Inc -I../Drivers/STM32F4xx_HAL_Driver/Inc -I../Drivers/STM32F4xx_HAL_Driver/Inc/Legacy -I../Drivers/CMSIS/Device/ST/STM32F4xx/Include -I../Drivers/CMSIS/Include -I"D:/Embedded/STM32_Workspace/common/ThirdParty/FreeRTOS/include" -I"D:/Embedded/STM32_Workspace/common/ThirdParty/SEGGER/Config" -I"D:/Embedded/STM32_Workspace/common/ThirdParty/SEGGER/OS" -I"D:/Embedded/STM32_Workspace/common/ThirdParty/SEGGER/SEGGER" -I"D:/Embedded/STM32_Workspace/common/ThirdParty/FreeRTOS/portable/GCC/ARM_CM4F" -O0 -ffunction-sections -fdata-sections -Wall -fstack-usage -fcyclomatic-complexity -MMD -MP -MF"Core/Src/main.d" -MT"Core/Src/main.o" --specs=nano.specs -mfpu=fpv4-sp-d16 -mfloat-abi=hard -mthumb -o "Core/Src/main.o"
arm-none-eabi-gcc -o "002LED_tasks.elf" @"objects.list"   -mcpu=cortex-m4 -T"D:\Embedded\STM32_Workspace\002LED_tasks\STM32F407VGTX_FLASH.ld" --specs=nosys.specs -Wl,-Map="002LED_tasks.map" -Wl,--gc-sections -static --specs=nano.specs -mfpu=fpv4-sp-d16 -mfloat-abi=hard -mthumb -Wl,--start-group -lc -lm -Wl,--end-group
Finished building target: 002LED_tasks.elf
 
arm-none-eabi-size  002LED_tasks.elf 
arm-none-eabi-objdump -h -S 002LED_tasks.elf  > "002LED_tasks.list"
   text	   data	    bss	    dec	    hex	filename
  28764	     16	 113288	 142068	  22af4	002LED_tasks.elf
Finished building: default.size.stdout
 
Finished building: 002LED_tasks.list
 

13:58:46 Build Finished. 0 errors, 0 warnings. (took 713ms)

