15:06:14 **** Incremental Build of configuration Debug for project ARM_Practice ****
make -j16 all 
arm-none-eabi-gcc "../Core/Src/main.c" -mcpu=cortex-m4 -std=gnu11 -g3 -DDEBUG -DUSE_HAL_DRIVER -DSTM32F407xx -c -I../Core/Inc -I../Drivers/STM32F4xx_HAL_Driver/Inc -I../Drivers/STM32F4xx_HAL_Driver/Inc/Legacy -I../Drivers/CMSIS/Device/ST/STM32F4xx/Include -I../Drivers/CMSIS/Include -O0 -ffunction-sections -fdata-sections -Wall -fstack-usage -fcyclomatic-complexity -MMD -MP -MF"Core/Src/main.d" -MT"Core/Src/main.o" --specs=nano.specs -mfpu=fpv4-sp-d16 -mfloat-abi=hard -mthumb -o "Core/Src/main.o"
arm-none-eabi-gcc -o "ARM_Practice.elf" @"objects.list"   -mcpu=cortex-m4 -T"D:\Embedded\STM32_Workspace\ARM_Practice\STM32F407VGTX_FLASH.ld" --specs=nosys.specs -Wl,-Map="ARM_Practice.map" -Wl,--gc-sections -static --specs=nano.specs -mfpu=fpv4-sp-d16 -mfloat-abi=hard -mthumb -Wl,--start-group -lc -lm -Wl,--end-group
Finished building target: ARM_Practice.elf
 
arm-none-eabi-size  ARM_Practice.elf 
arm-none-eabi-objdump -h -S ARM_Practice.elf  > "ARM_Practice.list"
   text	   data	    bss	    dec	    hex	filename
  13768	     12	   1788	  15568	   3cd0	ARM_Practice.elf
Finished building: default.size.stdout
 
Finished building: ARM_Practice.list
 

15:06:15 Build Finished. 0 errors, 0 warnings. (took 960ms)

