14:54:45 **** Incremental Build of configuration Debug for project EST_LAB_ADC ****
make -j16 all 
arm-none-eabi-gcc "../Core/Src/main.c" -mcpu=cortex-m4 -std=gnu11 -g3 -DDEBUG -DUSE_HAL_DRIVER -DSTM32F407xx -c -I../Core/Inc -I../Drivers/STM32F4xx_HAL_Driver/Inc -I../Drivers/STM32F4xx_HAL_Driver/Inc/Legacy -I../Drivers/CMSIS/Device/ST/STM32F4xx/Include -I../Drivers/CMSIS/Include -O0 -ffunction-sections -fdata-sections -Wall -fstack-usage -fcyclomatic-complexity -MMD -MP -MF"Core/Src/main.d" -MT"Core/Src/main.o" --specs=nano.specs -mfpu=fpv4-sp-d16 -mfloat-abi=hard -mthumb -o "Core/Src/main.o"
arm-none-eabi-gcc -o "EST_LAB_ADC.elf" @"objects.list"   -mcpu=cortex-m4 -T"D:\Embedded\STM32_Workspace\EST_LAB_ADC\STM32F407VGTX_FLASH.ld" --specs=nosys.specs -Wl,-Map="EST_LAB_ADC.map" -Wl,--gc-sections -static --specs=nano.specs -mfpu=fpv4-sp-d16 -mfloat-abi=hard -mthumb -Wl,--start-group -lc -lm -Wl,--end-group
Finished building target: EST_LAB_ADC.elf
 
arm-none-eabi-size  EST_LAB_ADC.elf 
arm-none-eabi-objdump -h -S EST_LAB_ADC.elf  > "EST_LAB_ADC.list"
   text	   data	    bss	    dec	    hex	filename
  10340	     12	   1716	  12068	   2f24	EST_LAB_ADC.elf
Finished building: default.size.stdout
 
Finished building: EST_LAB_ADC.list
 

14:54:46 Build Finished. 0 errors, 0 warnings. (took 1s.126ms)

