11:38:44 **** Incremental Build of configuration Debug for project practice1 ****
make -j16 all 
arm-none-eabi-gcc "../Core/Src/syscalls.c" -mcpu=cortex-m4 -std=gnu11 -g3 -DDEBUG -DUSE_HAL_DRIVER -DSTM32F407xx -c -I../Core/Inc -I../Drivers/STM32F4xx_HAL_Driver/Inc -I../Drivers/STM32F4xx_HAL_Driver/Inc/Legacy -I../Drivers/CMSIS/Device/ST/STM32F4xx/Include -I../Drivers/CMSIS/Include -I"D:/Embedded/STM32_Workspace/common/ThirdParty/FreeRTOS/include" -I"D:/Embedded/STM32_Workspace/common/ThirdParty/FreeRTOS/portable/GCC/ARM_CM4F" -I"D:/Embedded/STM32_Workspace/common/ThirdParty/FreeRTOS" -O0 -ffunction-sections -fdata-sections -Wall -fstack-usage -fcyclomatic-complexity -MMD -MP -MF"Core/Src/syscalls.d" -MT"Core/Src/syscalls.o" --specs=nano.specs -mfpu=fpv4-sp-d16 -mfloat-abi=hard -mthumb -o "Core/Src/syscalls.o"
arm-none-eabi-gcc -o "practice1.elf" @"objects.list"   -mcpu=cortex-m4 -T"D:\Embedded\STM32_Workspace\practice1\STM32F407VGTX_FLASH.ld" --specs=nosys.specs -Wl,-Map="practice1.map" -Wl,--gc-sections -static --specs=nano.specs -mfpu=fpv4-sp-d16 -mfloat-abi=hard -mthumb -Wl,--start-group -lc -lm -Wl,--end-group
Finished building target: practice1.elf
 
arm-none-eabi-size  practice1.elf 
arm-none-eabi-objdump -h -S practice1.elf  > "practice1.list"
   text	   data	    bss	    dec	    hex	filename
  22696	    108	 104804	 127608	  1f278	practice1.elf
Finished building: default.size.stdout
 
Finished building: practice1.list
 

11:38:45 Build Finished. 0 errors, 0 warnings. (took 585ms)

