Archive member included to satisfy reference by file (symbol)

C:/ST/STM32CubeIDE_2.0.0/STM32CubeIDE/plugins/com.st.stm32cube.ide.mcu.externaltools.gnu-tools-for-stm32.13.3.rel1.win32_1.0.100.202509120712/tools/bin/../lib/gcc/arm-none-eabi/13.3.1/../../../../arm-none-eabi/lib/thumb/v7e-m+fp/hard\libc_nano.a(libc_a-exit.o)
                              C:/ST/STM32CubeIDE_2.0.0/STM32CubeIDE/plugins/com.st.stm32cube.ide.mcu.externaltools.gnu-tools-for-stm32.13.3.rel1.win32_1.0.100.202509120712/tools/bin/../lib/gcc/arm-none-eabi/13.3.1/../../../../arm-none-eabi/lib/thumb/v7e-m+fp/hard/crt0.o (exit)
C:/ST/STM32CubeIDE_2.0.0/STM32CubeIDE/plugins/com.st.stm32cube.ide.mcu.externaltools.gnu-tools-for-stm32.13.3.rel1.win32_1.0.100.202509120712/tools/bin/../lib/gcc/arm-none-eabi/13.3.1/../../../../arm-none-eabi/lib/thumb/v7e-m+fp/hard\libc_nano.a(libc_a-findfp.o)
                              C:/ST/STM32CubeIDE_2.0.0/STM32CubeIDE/plugins/com.st.stm32cube.ide.mcu.externaltools.gnu-tools-for-stm32.13.3.rel1.win32_1.0.100.202509120712/tools/bin/../lib/gcc/arm-none-eabi/13.3.1/../../../../arm-none-eabi/lib/thumb/v7e-m+fp/hard\libc_nano.a(libc_a-exit.o) (__stdio_exit_handler)
C:/ST/STM32CubeIDE_2.0.0/STM32CubeIDE/plugins/com.st.stm32cube.ide.mcu.externaltools.gnu-tools-for-stm32.13.3.rel1.win32_1.0.100.202509120712/tools/bin/../lib/gcc/arm-none-eabi/13.3.1/../../../../arm-none-eabi/lib/thumb/v7e-m+fp/hard\libc_nano.a(libc_a-fwalk.o)
                              C:/ST/STM32CubeIDE_2.0.0/STM32CubeIDE/plugins/com.st.stm32cube.ide.mcu.externaltools.gnu-tools-for-stm32.13.3.rel1.win32_1.0.100.202509120712/tools/bin/../lib/gcc/arm-none-eabi/13.3.1/../../../../arm-none-eabi/lib/thumb/v7e-m+fp/hard\libc_nano.a(libc_a-findfp.o) (_fwalk_sglue)
C:/ST/STM32CubeIDE_2.0.0/STM32CubeIDE/plugins/com.st.stm32cube.ide.mcu.externaltools.gnu-tools-for-stm32.13.3.rel1.win32_1.0.100.202509120712/tools/bin/../lib/gcc/arm-none-eabi/13.3.1/../../../../arm-none-eabi/lib/thumb/v7e-m+fp/hard\libc_nano.a(libc_a-stdio.o)
                              C:/ST/STM32CubeIDE_2.0.0/STM32CubeIDE/plugins/com.st.stm32cube.ide.mcu.externaltools.gnu-tools-for-stm32.13.3.rel1.win32_1.0.100.202509120712/tools/bin/../lib/gcc/arm-none-eabi/13.3.1/../../../../arm-none-eabi/lib/thumb/v7e-m+fp/hard\libc_nano.a(libc_a-findfp.o) (__sread)
C:/ST/STM32CubeIDE_2.0.0/STM32CubeIDE/plugins/com.st.stm32cube.ide.mcu.externaltools.gnu-tools-for-stm32.13.3.rel1.win32_1.0.100.202509120712/tools/bin/../lib/gcc/arm-none-eabi/13.3.1/../../../../arm-none-eabi/lib/thumb/v7e-m+fp/hard\libc_nano.a(libc_a-memset.o)
                              C:/ST/STM32CubeIDE_2.0.0/STM32CubeIDE/plugins/com.st.stm32cube.ide.mcu.externaltools.gnu-tools-for-stm32.13.3.rel1.win32_1.0.100.202509120712/tools/bin/../lib/gcc/arm-none-eabi/13.3.1/../../../../arm-none-eabi/lib/thumb/v7e-m+fp/hard/crt0.o (memset)
C:/ST/STM32CubeIDE_2.0.0/STM32CubeIDE/plugins/com.st.stm32cube.ide.mcu.externaltools.gnu-tools-for-stm32.13.3.rel1.win32_1.0.100.202509120712/tools/bin/../lib/gcc/arm-none-eabi/13.3.1/../../../../arm-none-eabi/lib/thumb/v7e-m+fp/hard\libc_nano.a(libc_a-closer.o)
                              C:/ST/STM32CubeIDE_2.0.0/STM32CubeIDE/plugins/com.st.stm32cube.ide.mcu.externaltools.gnu-tools-for-stm32.13.3.rel1.win32_1.0.100.202509120712/tools/bin/../lib/gcc/arm-none-eabi/13.3.1/../../../../arm-none-eabi/lib/thumb/v7e-m+fp/hard\libc_nano.a(libc_a-stdio.o) (_close_r)
C:/ST/STM32CubeIDE_2.0.0/STM32CubeIDE/plugins/com.st.stm32cube.ide.mcu.externaltools.gnu-tools-for-stm32.13.3.rel1.win32_1.0.100.202509120712/tools/bin/../lib/gcc/arm-none-eabi/13.3.1/../../../../arm-none-eabi/lib/thumb/v7e-m+fp/hard\libc_nano.a(libc_a-reent.o)
                              C:/ST/STM32CubeIDE_2.0.0/STM32CubeIDE/plugins/com.st.stm32cube.ide.mcu.externaltools.gnu-tools-for-stm32.13.3.rel1.win32_1.0.100.202509120712/tools/bin/../lib/gcc/arm-none-eabi/13.3.1/../../../../arm-none-eabi/lib/thumb/v7e-m+fp/hard\libc_nano.a(libc_a-closer.o) (errno)
C:/ST/STM32CubeIDE_2.0.0/STM32CubeIDE/plugins/com.st.stm32cube.ide.mcu.externaltools.gnu-tools-for-stm32.13.3.rel1.win32_1.0.100.202509120712/tools/bin/../lib/gcc/arm-none-eabi/13.3.1/../../../../arm-none-eabi/lib/thumb/v7e-m+fp/hard\libc_nano.a(libc_a-impure.o)
                              C:/ST/STM32CubeIDE_2.0.0/STM32CubeIDE/plugins/com.st.stm32cube.ide.mcu.externaltools.gnu-tools-for-stm32.13.3.rel1.win32_1.0.100.202509120712/tools/bin/../lib/gcc/arm-none-eabi/13.3.1/../../../../arm-none-eabi/lib/thumb/v7e-m+fp/hard\libc_nano.a(libc_a-reent.o) (_impure_ptr)
C:/ST/STM32CubeIDE_2.0.0/STM32CubeIDE/plugins/com.st.stm32cube.ide.mcu.externaltools.gnu-tools-for-stm32.13.3.rel1.win32_1.0.100.202509120712/tools/bin/../lib/gcc/arm-none-eabi/13.3.1/../../../../arm-none-eabi/lib/thumb/v7e-m+fp/hard\libc_nano.a(libc_a-lseekr.o)
[...]
Memory Configuration

Name             Origin             Length             Attributes
CCMRAM           0x10000000         0x00010000         xrw
RAM              0x20000000         0x00020000         xrw
FLASH            0x08000000         0x00100000         xr
*default*        0x00000000         0xffffffff

Linker script and memory map

LOAD C:/ST/STM32CubeIDE_2.0.0/STM32CubeIDE/plugins/com.st.stm32cube.ide.mcu.externaltools.gnu-tools-for-stm32.13.3.rel1.win32_1.0.100.202509120712/tools/bin/../lib/gcc/arm-none-eabi/13.3.1/thumb/v7e-m+fp/hard/crti.o
LOAD C:/ST/STM32CubeIDE_2.0.0/STM32CubeIDE/plugins/com.st.stm32cube.ide.mcu.externaltools.gnu-tools-for-stm32.13.3.rel1.win32_1.0.100.202509120712/tools/bin/../lib/gcc/arm-none-eabi/13.3.1/thumb/v7e-m+fp/hard/crtbegin.o
LOAD C:/ST/STM32CubeIDE_2.0.0/STM32CubeIDE/plugins/com.st.stm32cube.ide.mcu.externaltools.gnu-tools-for-stm32.13.3.rel1.win32_1.0.100.202509120712/tools/bin/../lib/gcc/arm-none-eabi/13.3.1/../../../../arm-none-eabi/lib/thumb/v7e-m+fp/hard/crt0.o
LOAD ./Core/Src/main.o
LOAD ./Core/Src/stm32f4xx_hal_msp.o
LOAD ./Core/Src/stm32f4xx_it.o
LOAD ./Core/Src/syscalls.o
LOAD ./Core/Src/sysmem.o
LOAD ./Core/Src/system_stm32f4xx.o
LOAD ./Core/Startup/startup_stm32f407vgtx.o
LOAD ./Drivers/STM32F4xx_HAL_Driver/Src/stm32f4xx_hal.o
LOAD ./Drivers/STM32F4xx_HAL_Driver/Src/stm32f4xx_hal_cortex.o
LOAD ./Drivers/STM32F4xx_HAL_Driver/Src/stm32f4xx_hal_dma.o
LOAD ./Drivers/STM32F4xx_HAL_Driver/Src/stm32f4xx_hal_dma_ex.o
LOAD ./Drivers/STM32F4xx_HAL_Driver/Src/stm32f4xx_hal_exti.o
LOAD ./Drivers/STM32F4xx_HAL_Driver/Src/stm32f4xx_hal_flash.o
LOAD ./Drivers/STM32F4xx_HAL_Driver/Src/stm32f4xx_hal_flash_ex.o
LOAD ./Drivers/STM32F4xx_HAL_Driver/Src/stm32f4xx_hal_flash_ramfunc.o
LOAD ./Drivers/STM32F4xx_HAL_Driver/Src/stm32f4xx_hal_gpio.o
LOAD ./Drivers/STM32F4xx_HAL_Driver/Src/stm32f4xx_hal_pcd.o
LOAD ./Drivers/STM32F4xx_HAL_Driver/Src/stm32f4xx_hal_pcd_ex.o
LOAD ./Drivers/STM32F4xx_HAL_Driver/Src/stm32f4xx_hal_pwr.o
LOAD ./Drivers/STM32F4xx_HAL_Driver/Src/stm32f4xx_hal_pwr_ex.o
LOAD ./Drivers/STM32F4xx_HAL_Driver/Src/stm32f4xx_hal_rcc.o
LOAD ./Drivers/STM32F4xx_HAL_Driver/Src/stm32f4xx_hal_rcc_ex.o
LOAD ./Drivers/STM32F4xx_HAL_Driver/Src/stm32f4xx_hal_tim.o
LOAD ./Drivers/STM32F4xx_HAL_Driver/Src/stm32f4xx_hal_tim_ex.o
LOAD ./Drivers/STM32F4xx_HAL_Driver/Src/stm32f4xx_ll_usb.o
LOAD ./Middlewares/ST/STM32_USB_Device_Library/Class/CDC/Src/usbd_cdc.o
LOAD ./Middlewares/ST/STM32_USB_Device_Library/Core/Src/usbd_core.o
LOAD ./Middlewares/ST/STM32_USB_Device_Library/Core/Src/usbd_ctlreq.o
LOAD ./Middlewares/ST/STM32_USB_Device_Library/Core/Src/usbd_ioreq.o
LOAD ./USB_DEVICE/App/usb_device.o
LOAD ./USB_DEVICE/App/usbd_cdc_if.o
LOAD ./USB_DEVICE/App/usbd_desc.o
LOAD ./USB_DEVICE/Target/usbd_conf.o
START GROUP
LOAD C:/ST/STM32CubeIDE_2.0.0/STM32CubeIDE/plugins/com.st.stm32cube.ide.mcu.externaltools.gnu-tools-for-stm32.13.3.rel1.win32_1.0.100.202509120712/tools/bin/../lib/gcc/arm-none-eabi/13.3.1/../../../../arm-none-eabi/lib/thumb/v7e-m+fp/hard\libc_nano.a
LOAD C:/ST/STM32CubeIDE_2.0.0/STM32CubeIDE/plugins/com.st.stm32cube.ide.mcu.externaltools.gnu-tools-for-stm32.13.3.rel1.win32_1.0.100.202509120712/tools/bin/../lib/gcc/arm-none-eabi/13.3.1/../../../../arm-none-eabi/lib/thumb/v7e-m+fp/hard\libm.a
END GROUP
START GROUP
LOAD C:/ST/STM32CubeIDE_2.0.0/STM32CubeIDE/plugins/com.st.stm32cube.ide.mcu.externaltools.gnu-tools-for-stm32.13.3.rel1.win32_1.0.100.202509120712/tools/bin/../lib/gcc/arm-none-eabi/13.3.1/thumb/v7e-m+fp/hard\libgcc.a
LOAD C:/ST/STM32CubeIDE_2.0.0/STM32CubeIDE/plugins/com.st.stm32cube.ide.mcu.externaltools.gnu-tools-for-stm32.13.3.rel1.win32_1.0.100.202509120712/tools/bin/../lib/gcc/arm-none-eabi/13.3.1/../../../../arm-none-eabi/lib/thumb/v7e-m+fp/hard\libc_nano.a
END GROUP
START GROUP
LOAD C:/ST/STM32CubeIDE_2.0.0/STM32CubeIDE/plugins/com.st.stm32cube.ide.mcu.externaltools.gnu-tools-for-stm32.13.3.rel1.win32_1.0.100.202509120712/tools/bin/../lib/gcc/arm-none-eabi/13.3.1/thumb/v7e-m+fp/hard\libgcc.a
LOAD C:/ST/STM32CubeIDE_2.0.0/STM32CubeIDE/plugins/com.st.stm32cube.ide.mcu.externaltools.gnu-tools-for-stm32.13.3.rel1.win32_1.0.100.202509120712/tools/bin/../lib/gcc/arm-none-eabi/13.3.1/../../../../arm-none-eabi/lib/thumb/v7e-m+fp/hard\libc_nano.a
LOAD C:/ST/STM32CubeIDE_2.0.0/STM32CubeIDE/plugins/com.st.stm32cube.ide.mcu.externaltools.gnu-tools-for-stm32.13.3.rel1.win32_1.0.100.202509120712/tools/bin/../lib/gcc/arm-none-eabi/13.3.1/../../../../arm-none-eabi/lib/thumb/v7e-m+fp/hard\libnosys.a
END GROUP
START GROUP
LOAD C:/ST/STM32CubeIDE_2.0.0/STM32CubeIDE/plugins/com.st.stm32cube.ide.mcu.externaltools.gnu-tools-for-stm32.13.3.rel1.win32_1.0.100.202509120712/tools/bin/../lib/gcc/arm-none-eabi/13.3.1/thumb/v7e-m+fp/hard\libgcc.a
LOAD C:/ST/STM32CubeIDE_2.0.0/STM32CubeIDE/plugins/com.st.stm32cube.ide.mcu.externaltools.gnu-tools-for-stm32.13.3.rel1.win32_1.0.100.202509120712/tools/bin/../lib/gcc/arm-none-eabi/13.3.1/../../../../arm-none-eabi/lib/thumb/v7e-m+fp/hard\libc_nano.a
LOAD C:/ST/STM32CubeIDE_2.0.0/STM32CubeIDE/plugins/com.st.stm32cube.ide.mcu.externaltools.gnu-tools-for-stm32.13.3.rel1.win32_1.0.100.202509120712/tools/bin/../lib/gcc/arm-none-eabi/13.3.1/../../../../arm-none-eabi/lib/thumb/v7e-m+fp/hard\libnosys.a
END GROUP
LOAD C:/ST/STM32CubeIDE_2.0.0/STM32CubeIDE/plugins/com.st.stm32cube.ide.mcu.externaltools.gnu-tools-for-stm32.13.3.rel1.win32_1.0.100.202509120712/tools/bin/../lib/gcc/arm-none-eabi/13.3.1/thumb/v7e-m+fp/hard/crtend.o
LOAD C:/ST/STM32CubeIDE_2.0.0/STM32CubeIDE/plugins/com.st.stm32cube.ide.mcu.externaltools.gnu-tools-for-stm32.13.3.rel1.win32_1.0.100.202509120712/tools/bin/../lib/gcc/arm-none-eabi/13.3.1/thumb/v7e-m+fp/hard/crtn.o
                0x20020000                        _estack = (ORIGIN (RAM) + LENGTH (RAM))
                0x00000200                        _Min_Heap_Size = 0x200
                0x00000400                        _Min_Stack_Size = 0x400

.isr_vector     0x08000000      0x188
                0x08000000                        . = ALIGN (0x4)
 *(.isr_vector)
 .isr_vector    0x08000000      0x188 ./Core/Startup/startup_stm32f407vgtx.o
                0x08000000                g_pfnVectors
                0x08000188                        . = ALIGN (0x4)

.text           0x08000188     0x7500
                0x08000188                        . = ALIGN (0x4)
 *(.text)
 .text          0x08000188       0x40 C:/ST/STM32CubeIDE_2.0.0/STM32CubeIDE/plugins/com.st.stm32cube.ide.mcu.externaltools.gnu-tools-for-stm32.13.3.rel1.win32_1.0.100.202509120712/tools/bin/../lib/gcc/arm-none-eabi/13.3.1/thumb/v7e-m+fp/hard/crtbegin.o
 .text          0x080001c8       0x10 C:/ST/STM32CubeIDE_2.0.0/STM32CubeIDE/plugins/com.st.stm32cube.ide.mcu.externaltools.gnu-tools-for-stm32.13.3.rel1.win32_1.0.100.202509120712/tools/bin/../lib/gcc/arm-none-eabi/13.3.1/../../../../arm-none-eabi/lib/thumb/v7e-m+fp/hard\libc_nano.a(libc_a-strlen.o)
                0x080001c8                strlen
 .text          0x080001d8       0x30 C:/ST/STM32CubeIDE_2.0.0/STM32CubeIDE/plugins/com.st.stm32cube.ide.mcu.externaltools.gnu-tools-for-stm32.13.3.rel1.win32_1.0.100.202509120712/tools/bin/../lib/gcc/arm-none-eabi/13.3.1/thumb/v7e-m+fp/hard\libgcc.a(_aeabi_uldivmod.o)
                0x080001d8                __aeabi_uldivmod
 .text          0x08000208      0x2f8 C:/ST/STM32CubeIDE_2.0.0/STM32CubeIDE/plugins/com.st.stm32cube.ide.mcu.externaltools.gnu-tools-for-stm32.13.3.rel1.win32_1.0.100.202509120712/tools/bin/../lib/gcc/arm-none-eabi/13.3.1/thumb/v7e-m+fp/hard\libgcc.a(_udivmoddi4.o)
                0x08000208                __udivmoddi4
 .text          0x08000500        0x4 C:/ST/STM32CubeIDE_2.0.0/STM32CubeIDE/plugins/com.st.stm32cube.ide.mcu.externaltools.gnu-tools-for-stm32.13.3.rel1.win32_1.0.100.202509120712/tools/bin/../lib/gcc/arm-none-eabi/13.3.1/thumb/v7e-m+fp/hard\libgcc.a(_dvmd_tls.o)
                0x08000500                __aeabi_idiv0
                0x08000500                __aeabi_ldiv0
 *(.text*)
 .text.main     0x08000504       0x7c ./Core/Src/main.o
                0x08000504                main
 .text.SystemClock_Config
                0x08000580       0xd0 ./Core/Src/main.o
                0x08000580                SystemClock_Config
 .text.MX_TIM1_Init
                0x08000650       0xa4 ./Core/Src/main.o
 .text.MX_GPIO_Init
                0x080006f4      0x2a8 ./Core/Src/main.o
 .text.Error_Handler
                0x0800099c        0xc ./Core/Src/main.o
                0x0800099c                Error_Handler
 .text.HAL_MspInit
                0x080009a8       0x50 ./Core/Src/stm32f4xx_hal_msp.o
                0x080009a8                HAL_MspInit
 .text.HAL_TIM_Base_MspInit
                0x080009f8       0x44 ./Core/Src/stm32f4xx_hal_msp.o
                0x080009f8                HAL_TIM_Base_MspInit
 .text.NMI_Handler
                0x08000a3c        0x8 ./Core/Src/stm32f4xx_it.o
                0x08000a3c                NMI_Handler
 .text.HardFault_Handler
                0x08000a44        0x8 ./Core/Src/stm32f4xx_it.o
                0x08000a44                HardFault_Handler
 .text.MemManage_Handler
                0x08000a4c        0x8 ./Core/Src/stm32f4xx_it.o
                0x08000a4c                MemManage_Handler
 .text.BusFault_Handler
                0x08000a54        0x8 ./Core/Src/stm32f4xx_it.o
                0x08000a54                BusFault_Handler
 .text.UsageFault_Handler
                0x08000a5c        0x8 ./Core/Src/stm32f4xx_it.o
                0x08000a5c                UsageFault_Handler
 .text.SVC_Handler
                0x08000a64        0xe ./Core/Src/stm32f4xx_it.o
                0x08000a64                SVC_Handler
 .text.DebugMon_Handler
                0x08000a72        0xe ./Core/Src/stm32f4xx_it.o
                0x08000a72                DebugMon_Handler
 .text.PendSV_Handler
                0x08000a80        0xe ./Core/Src/stm32f4xx_it.o
                0x08000a80                PendSV_Handler
 .text.SysTick_Handler
                0x08000a8e        0xc ./Core/Src/stm32f4xx_it.o
                0x08000a8e                SysTick_Handler
 *fill*         0x08000a9a        0x2 
 .text.OTG_FS_IRQHandler
                0x08000a9c       0x14 ./Core/Src/stm32f4xx_it.o
                0x08000a9c                OTG_FS_IRQHandler
 .text.SystemInit
                0x08000ab0       0x24 ./Core/Src/system_stm32f4xx.o
                0x08000ab0                SystemInit
 .text.Reset_Handler
                0x08000ad4       0x50 ./Core/Startup/startup_stm32f407vgtx.o
                0x08000ad4                Reset_Handler
 .text.Default_Handler
                0x08000b24        0x2 ./Core/Startup/startup_stm32f407vgtx.o
                0x08000b24                RTC_Alarm_IRQHandler
                0x08000b24                HASH_RNG_IRQHandler
                0x08000b24                EXTI2_IRQHandler
                0x08000b24                TIM8_CC_IRQHandler
                0x08000b24                TIM1_CC_IRQHandler
                0x08000b24                DMA2_Stream5_IRQHandler
                0x08000b24                DMA1_Stream5_IRQHandler
                0x08000b24                PVD_IRQHandler
                0x08000b24                SDIO_IRQHandler
                0x08000b24                TAMP_STAMP_IRQHandler
                0x08000b24                CAN2_RX1_IRQHandler
                0x08000b24                EXTI3_IRQHandler
                0x08000b24                TIM8_TRG_COM_TIM14_IRQHandler
                0x08000b24                TIM1_UP_TIM10_IRQHandler
                0x08000b24                TIM8_UP_TIM13_IRQHandler
                0x08000b24                I2C3_ER_IRQHandler
                0x08000b24                EXTI0_IRQHandler
                0x08000b24                I2C2_EV_IRQHandler
                0x08000b24                DMA1_Stream2_IRQHandler
                0x08000b24                CAN1_RX0_IRQHandler
                0x08000b24                FPU_IRQHandler
                0x08000b24                OTG_HS_WKUP_IRQHandler
                0x08000b24                CAN2_SCE_IRQHandler
                0x08000b24                DMA2_Stream2_IRQHandler
                0x08000b24                SPI1_IRQHandler
                0x08000b24                TIM6_DAC_IRQHandler
                0x08000b24                TIM1_BRK_TIM9_IRQHandler
                0x08000b24                DCMI_IRQHandler
                0x08000b24                CAN2_RX0_IRQHandler
                0x08000b24                DMA2_Stream3_IRQHandler
                0x08000b24                USART6_IRQHandler
                0x08000b24                USART3_IRQHandler
                0x08000b24                CAN1_RX1_IRQHandler
                0x08000b24                UART5_IRQHandler
                0x08000b24                DMA2_Stream0_IRQHandler
                0x08000b24                TIM4_IRQHandler
                0x08000b24                I2C1_EV_IRQHandler
                0x08000b24                DMA1_Stream6_IRQHandler
                0x08000b24                DMA1_Stream1_IRQHandler
                0x08000b24                UART4_IRQHandler
                0x08000b24                TIM3_IRQHandler
                0x08000b24                RCC_IRQHandler
                0x08000b24                TIM8_BRK_TIM12_IRQHandler
                0x08000b24                Default_Handler
                0x08000b24                EXTI15_10_IRQHandler
                0x08000b24                ADC_IRQHandler
                0x08000b24                DMA1_Stream7_IRQHandler
                0x08000b24                TIM7_IRQHandler
                0x08000b24                CAN2_TX_IRQHandler
                0x08000b24                TIM5_IRQHandler
                0x08000b24                DMA2_Stream7_IRQHandler
                0x08000b24                I2C3_EV_IRQHandler
                0x08000b24                EXTI9_5_IRQHandler
                0x08000b24                RTC_WKUP_IRQHandler
                0x08000b24                ETH_WKUP_IRQHandler
                0x08000b24                SPI2_IRQHandler
                0x08000b24                OTG_HS_EP1_IN_IRQHandler
                0x08000b24                DMA1_Stream0_IRQHandler
                0x08000b24                CAN1_TX_IRQHandler
                0x08000b24                EXTI4_IRQHandler
                0x08000b24                FSMC_IRQHandler
                0x08000b24                ETH_IRQHandler
                0x08000b24                OTG_HS_EP1_OUT_IRQHandler
                0x08000b24                WWDG_IRQHandler
                0x08000b24                TIM2_IRQHandler
                0x08000b24                OTG_FS_WKUP_IRQHandler
                0x08000b24                TIM1_TRG_COM_TIM11_IRQHandler
                0x08000b24                OTG_HS_IRQHandler
                0x08000b24                EXTI1_IRQHandler
                0x08000b24                USART2_IRQHandler
                0x08000b24                I2C2_ER_IRQHandler
                0x08000b24                DMA2_Stream1_IRQHandler
                0x08000b24                CAN1_SCE_IRQHandler
                0x08000b24                FLASH_IRQHandler
                0x08000b24                DMA2_Stream4_IRQHandler
                0x08000b24                USART1_IRQHandler
                0x08000b24                SPI3_IRQHandler
                0x08000b24                DMA1_Stream4_IRQHandler
                0x08000b24                I2C1_ER_IRQHandler
                0x08000b24                DMA2_Stream6_IRQHandler
                0x08000b24                DMA1_Stream3_IRQHandler
 *fill*         0x08000b26        0x2 
 .text.HAL_Init
                0x08000b28       0x44 ./Drivers/STM32F4xx_HAL_Driver/Src/stm32f4xx_hal.o
                0x08000b28                HAL_Init
 .text.HAL_InitTick
                0x08000b6c       0x60 ./Drivers/STM32F4xx_HAL_Driver/Src/stm32f4xx_hal.o
                0x08000b6c                HAL_InitTick
 .text.HAL_IncTick
                0x08000bcc       0x28 ./Drivers/STM32F4xx_HAL_Driver/Src/stm32f4xx_hal.o
                0x08000bcc                HAL_IncTick
 .text.HAL_GetTick
                0x08000bf4       0x18 ./Drivers/STM32F4xx_HAL_Driver/Src/stm32f4xx_hal.o
                0x08000bf4                HAL_GetTick
 .text.HAL_Delay
                0x08000c0c       0x48 ./Drivers/STM32F4xx_HAL_Driver/Src/stm32f4xx_hal.o
                0x08000c0c                HAL_Delay
 .text.__NVIC_SetPriorityGrouping
                0x08000c54       0x48 ./Drivers/STM32F4xx_HAL_Driver/Src/stm32f4xx_hal_cortex.o
 .text.__NVIC_GetPriorityGrouping
                0x08000c9c       0x1c ./Drivers/STM32F4xx_HAL_Driver/Src/stm32f4xx_hal_cortex.o
 .text.__NVIC_EnableIRQ
                0x08000cb8       0x3c ./Drivers/STM32F4xx_HAL_Driver/Src/stm32f4xx_hal_cortex.o
 .text.__NVIC_SetPriority
                0x08000cf4       0x54 ./Drivers/STM32F4xx_HAL_Driver/Src/stm32f4xx_hal_cortex.o
 .text.NVIC_EncodePriority
                0x08000d48       0x66 ./Drivers/STM32F4xx_HAL_Driver/Src/stm32f4xx_hal_cortex.o
 *fill*         0x08000dae        0x2 
 .text.SysTick_Config
                0x08000db0       0x44 ./Drivers/STM32F4xx_HAL_Driver/Src/stm32f4xx_hal_cortex.o
 .text.HAL_NVIC_SetPriorityGrouping
                0x08000df4       0x16 ./Drivers/STM32F4xx_HAL_Driver/Src/stm32f4xx_hal_cortex.o
                0x08000df4                HAL_NVIC_SetPriorityGrouping
 .text.HAL_NVIC_SetPriority
                0x08000e0a       0x38 ./Drivers/STM32F4xx_HAL_Driver/Src/stm32f4xx_hal_cortex.o
                0x08000e0a                HAL_NVIC_SetPriority
 .text.HAL_NVIC_EnableIRQ
                0x08000e42       0x1c ./Drivers/STM32F4xx_HAL_Driver/Src/stm32f4xx_hal_cortex.o
                0x08000e42                HAL_NVIC_EnableIRQ
 .text.HAL_SYSTICK_Config
                0x08000e5e       0x18 ./Drivers/STM32F4xx_HAL_Driver/Src/stm32f4xx_hal_cortex.o
                0x08000e5e                HAL_SYSTICK_Config
 *fill*         0x08000e76        0x2 
 .text.HAL_GPIO_Init
                0x08000e78      0x338 ./Drivers/STM32F4xx_HAL_Driver/Src/stm32f4xx_hal_gpio.o
                0x08000e78                HAL_GPIO_Init
 .text.HAL_GPIO_WritePin
                0x080011b0       0x32 ./Drivers/STM32F4xx_HAL_Driver/Src/stm32f4xx_hal_gpio.o
                0x080011b0                HAL_GPIO_WritePin
 .text.HAL_GPIO_TogglePin
                0x080011e2       0x34 ./Drivers/STM32F4xx_HAL_Driver/Src/stm32f4xx_hal_gpio.o
                0x080011e2                HAL_GPIO_TogglePin
 .text.HAL_PCD_Init
                0x08001216      0x21e ./Drivers/STM32F4xx_HAL_Driver/Src/stm32f4xx_hal_pcd.o
                0x08001216                HAL_PCD_Init
 .text.HAL_PCD_Start
                0x08001434       0x6a ./Drivers/STM32F4xx_HAL_Driver/Src/stm32f4xx_hal_pcd.o
                0x08001434                HAL_PCD_Start
 .text.HAL_PCD_IRQHandler
                0x0800149e      0x942 ./Drivers/STM32F4xx_HAL_Driver/Src/stm32f4xx_hal_pcd.o
                0x0800149e                HAL_PCD_IRQHandler
 .text.HAL_PCD_SetAddress
                0x08001de0       0x48 ./Drivers/STM32F4xx_HAL_Driver/Src/stm32f4xx_hal_pcd.o
                0x08001de0                HAL_PCD_SetAddress
 .text.HAL_PCD_EP_Open
                0x08001e28       0xd4 ./Drivers/STM32F4xx_HAL_Driver/Src/stm32f4xx_hal_pcd.o
                0x08001e28                HAL_PCD_EP_Open
 .text.HAL_PCD_EP_Close
                0x08001efc       0x94 ./Drivers/STM32F4xx_HAL_Driver/Src/stm32f4xx_hal_pcd.o
                0x08001efc                HAL_PCD_EP_Close
 .text.HAL_PCD_EP_Receive
                0x08001f90       0x76 ./Drivers/STM32F4xx_HAL_Driver/Src/stm32f4xx_hal_pcd.o
                0x08001f90                HAL_PCD_EP_Receive
 .text.HAL_PCD_EP_GetRxCount
                0x08002006       0x30 ./Drivers/STM32F4xx_HAL_Driver/Src/stm32f4xx_hal_pcd.o
                0x08002006                HAL_PCD_EP_GetRxCount
 .text.HAL_PCD_EP_Transmit
                0x08002036       0x74 ./Drivers/STM32F4xx_HAL_Driver/Src/stm32f4xx_hal_pcd.o
                0x08002036                HAL_PCD_EP_Transmit
 .text.HAL_PCD_EP_SetStall
                0x080020aa       0xc6 ./Drivers/STM32F4xx_HAL_Driver/Src/stm32f4xx_hal_pcd.o
                0x080020aa                HAL_PCD_EP_SetStall
 .text.HAL_PCD_EP_ClrStall
                0x08002170       0xac ./Drivers/STM32F4xx_HAL_Driver/Src/stm32f4xx_hal_pcd.o
                0x08002170                HAL_PCD_EP_ClrStall
 .text.HAL_PCD_EP_Abort
                0x0800221c       0x62 ./Drivers/STM32F4xx_HAL_Driver/Src/stm32f4xx_hal_pcd.o
                0x0800221c                HAL_PCD_EP_Abort
 .text.PCD_WriteEmptyTxFifo
                0x0800227e      0x118 ./Drivers/STM32F4xx_HAL_Driver/Src/stm32f4xx_hal_pcd.o
 *fill*         0x08002396        0x2 
 .text.PCD_EP_OutXfrComplete_int
                0x08002398      0x1d0 ./Drivers/STM32F4xx_HAL_Driver/Src/stm32f4xx_hal_pcd.o
 .text.PCD_EP_OutSetupPacket_int
                0x08002568       0x8c ./Drivers/STM32F4xx_HAL_Driver/Src/stm32f4xx_hal_pcd.o
 .text.HAL_PCDEx_SetTxFiFo
                0x080025f4       0x8e ./Drivers/STM32F4xx_HAL_Driver/Src/stm32f4xx_hal_pcd_ex.o
                0x080025f4                HAL_PCDEx_SetTxFiFo
 .text.HAL_PCDEx_SetRxFiFo
                0x08002682       0x22 ./Drivers/STM32F4xx_HAL_Driver/Src/stm32f4xx_hal_pcd_ex.o
                0x08002682                HAL_PCDEx_SetRxFiFo
 .text.HAL_PCDEx_LPM_Callback
                0x080026a4       0x18 ./Drivers/STM32F4xx_HAL_Driver/Src/stm32f4xx_hal_pcd_ex.o
                0x080026a4                HAL_PCDEx_LPM_Callback
 .text.HAL_RCC_OscConfig
                0x080026bc      0x4f0 ./Drivers/STM32F4xx_HAL_Driver/Src/stm32f4xx_hal_rcc.o
                0x080026bc                HAL_RCC_OscConfig
 .text.HAL_RCC_ClockConfig
                0x08002bac      0x1cc ./Drivers/STM32F4xx_HAL_Driver/Src/stm32f4xx_hal_rcc.o
                0x08002bac                HAL_RCC_ClockConfig
 .text.HAL_RCC_GetSysClockFreq
                0x08002d78      0x20c ./Drivers/STM32F4xx_HAL_Driver/Src/stm32f4xx_hal_rcc.o
                0x08002d78                HAL_RCC_GetSysClockFreq
 .text.HAL_RCC_GetHCLKFreq
                0x08002f84       0x18 ./Drivers/STM32F4xx_HAL_Driver/Src/stm32f4xx_hal_rcc.o
                0x08002f84                HAL_RCC_GetHCLKFreq
 .text.HAL_TIM_Base_Init
                0x08002f9c       0x9e ./Drivers/STM32F4xx_HAL_Driver/Src/stm32f4xx_hal_tim.o
                0x08002f9c                HAL_TIM_Base_Init
 .text.HAL_TIM_ConfigClockSource
                0x0800303a      0x18e ./Drivers/STM32F4xx_HAL_Driver/Src/stm32f4xx_hal_tim.o
                0x0800303a                HAL_TIM_ConfigClockSource
 .text.TIM_Base_SetConfig
                0x080031c8      0x14c ./Drivers/STM32F4xx_HAL_Driver/Src/stm32f4xx_hal_tim.o
                0x080031c8                TIM_Base_SetConfig
 .text.TIM_TI1_ConfigInputStage
                0x08003314       0x5e ./Drivers/STM32F4xx_HAL_Driver/Src/stm32f4xx_hal_tim.o
 .text.TIM_TI2_ConfigInputStage
                0x08003372       0x60 ./Drivers/STM32F4xx_HAL_Driver/Src/stm32f4xx_hal_tim.o
 .text.TIM_ITRx_SetConfig
                0x080033d2       0x36 ./Drivers/STM32F4xx_HAL_Driver/Src/stm32f4xx_hal_tim.o
 .text.TIM_ETR_SetConfig
                0x08003408       0x40 ./Drivers/STM32F4xx_HAL_Driver/Src/stm32f4xx_hal_tim.o
                0x08003408                TIM_ETR_SetConfig
 .text.HAL_TIMEx_MasterConfigSynchronization
                0x08003448       0xf8 ./Drivers/STM32F4xx_HAL_Driver/Src/stm32f4xx_hal_tim_ex.o
                0x08003448                HAL_TIMEx_MasterConfigSynchronization
 .text.USB_CoreInit
                0x08003540       0xc8 ./Drivers/STM32F4xx_HAL_Driver/Src/stm32f4xx_ll_usb.o
                0x08003540                USB_CoreInit
 .text.USB_SetTurnaroundTime
                0x08003608      0x144 ./Drivers/STM32F4xx_HAL_Driver/Src/stm32f4xx_ll_usb.o
                0x08003608                USB_SetTurnaroundTime
 .text.USB_EnableGlobalInt
                0x0800374c       0x22 ./Drivers/STM32F4xx_HAL_Driver/Src/stm32f4xx_ll_usb.o
                0x0800374c                USB_EnableGlobalInt
 .text.USB_DisableGlobalInt
                0x0800376e       0x22 ./Drivers/STM32F4xx_HAL_Driver/Src/stm32f4xx_ll_usb.o
                0x0800376e                USB_DisableGlobalInt
 .text.USB_SetCurrentMode
                0x08003790       0x98 ./Drivers/STM32F4xx_HAL_Driver/Src/stm32f4xx_ll_usb.o
                0x08003790                USB_SetCurrentMode
 .text.USB_DevInit
                0x08003828      0x2c8 ./Drivers/STM32F4xx_HAL_Driver/Src/stm32f4xx_ll_usb.o
                0x08003828                USB_DevInit
 .text.USB_FlushTxFifo
                0x08003af0       0x64 ./Drivers/STM32F4xx_HAL_Driver/Src/stm32f4xx_ll_usb.o
                0x08003af0                USB_FlushTxFifo
 .text.USB_FlushRxFifo
                0x08003b54       0x5c ./Drivers/STM32F4xx_HAL_Driver/Src/stm32f4xx_ll_usb.o
                0x08003b54                USB_FlushRxFifo
 .text.USB_SetDevSpeed
                0x08003bb0       0x32 ./Drivers/STM32F4xx_HAL_Driver/Src/stm32f4xx_ll_usb.o
                0x08003bb0                USB_SetDevSpeed
 .text.USB_GetDevSpeed
                0x08003be2       0x4a ./Drivers/STM32F4xx_HAL_Driver/Src/stm32f4xx_ll_usb.o
                0x08003be2                USB_GetDevSpeed
 .text.USB_ActivateEndpoint
                0x08003c2c      0x10e ./Drivers/STM32F4xx_HAL_Driver/Src/stm32f4xx_ll_usb.o
                0x08003c2c                USB_ActivateEndpoint
 *fill*         0x08003d3a        0x2 
 .text.USB_DeactivateEndpoint
                0x08003d3c      0x1b8 ./Drivers/STM32F4xx_HAL_Driver/Src/stm32f4xx_ll_usb.o
                0x08003d3c                USB_DeactivateEndpoint
 .text.USB_EPStartXfer
                0x08003ef4      0x53c ./Drivers/STM32F4xx_HAL_Driver/Src/stm32f4xx_ll_usb.o
                0x08003ef4                USB_EPStartXfer
 .text.USB_EPStopXfer
                0x08004430      0x154 ./Drivers/STM32F4xx_HAL_Driver/Src/stm32f4xx_ll_usb.o
                0x08004430                USB_EPStopXfer
 .text.USB_WritePacket
                0x08004584       0x7c ./Drivers/STM32F4xx_HAL_Driver/Src/stm32f4xx_ll_usb.o
                0x08004584                USB_WritePacket
 .text.USB_ReadPacket
                0x08004600       0xb0 ./Drivers/STM32F4xx_HAL_Driver/Src/stm32f4xx_ll_usb.o
                0x08004600                USB_ReadPacket
 .text.USB_EPSetStall
                0x080046b0       0xdc ./Drivers/STM32F4xx_HAL_Driver/Src/stm32f4xx_ll_usb.o
                0x080046b0                USB_EPSetStall
 .text.USB_EPClearStall
                0x0800478c       0xcc ./Drivers/STM32F4xx_HAL_Driver/Src/stm32f4xx_ll_usb.o
                0x0800478c                USB_EPClearStall
 .text.USB_SetDevAddress
                0x08004858       0x4c ./Drivers/STM32F4xx_HAL_Driver/Src/stm32f4xx_ll_usb.o
                0x08004858                USB_SetDevAddress
 .text.USB_DevConnect
                0x080048a4       0x42 ./Drivers/STM32F4xx_HAL_Driver/Src/stm32f4xx_ll_usb.o
                0x080048a4                USB_DevConnect
 .text.USB_DevDisconnect
                0x080048e6       0x42 ./Drivers/STM32F4xx_HAL_Driver/Src/stm32f4xx_ll_usb.o
                0x080048e6                USB_DevDisconnect
 .text.USB_ReadInterrupts
                0x08004928       0x26 ./Drivers/STM32F4xx_HAL_Driver/Src/stm32f4xx_ll_usb.o
                0x08004928                USB_ReadInterrupts
 .text.USB_ReadDevAllOutEpInterrupt
                0x0800494e       0x34 ./Drivers/STM32F4xx_HAL_Driver/Src/stm32f4xx_ll_usb.o
                0x0800494e                USB_ReadDevAllOutEpInterrupt
 .text.USB_ReadDevAllInEpInterrupt
                0x08004982       0x34 ./Drivers/STM32F4xx_HAL_Driver/Src/stm32f4xx_ll_usb.o
                0x08004982                USB_ReadDevAllInEpInterrupt
 .text.USB_ReadDevOutEPInterrupt
                0x080049b6       0x3c ./Drivers/STM32F4xx_HAL_Driver/Src/stm32f4xx_ll_usb.o
                0x080049b6                USB_ReadDevOutEPInterrupt
 .text.USB_ReadDevInEPInterrupt
                0x080049f2       0x5c ./Drivers/STM32F4xx_HAL_Driver/Src/stm32f4xx_ll_usb.o
                0x080049f2                USB_ReadDevInEPInterrupt
 .text.USB_GetMode
                0x08004a4e       0x1c ./Drivers/STM32F4xx_HAL_Driver/Src/stm32f4xx_ll_usb.o
                0x08004a4e                USB_GetMode
 .text.USB_ActivateSetup
                0x08004a6a       0x46 ./Drivers/STM32F4xx_HAL_Driver/Src/stm32f4xx_ll_usb.o
                0x08004a6a                USB_ActivateSetup
 .text.USB_EP0_OutStart
                0x08004ab0       0xbc ./Drivers/STM32F4xx_HAL_Driver/Src/stm32f4xx_ll_usb.o
                0x08004ab0                USB_EP0_OutStart
 .text.USB_CoreReset
                0x08004b6c       0x70 ./Drivers/STM32F4xx_HAL_Driver/Src/stm32f4xx_ll_usb.o
 .text.USBD_CDC_Init
                0x08004bdc      0x1f0 ./Middlewares/ST/STM32_USB_Device_Library/Class/CDC/Src/usbd_cdc.o
 .text.USBD_CDC_DeInit
                0x08004dcc      0x104 ./Middlewares/ST/STM32_USB_Device_Library/Class/CDC/Src/usbd_cdc.o
 .text.USBD_CDC_Setup
                0x08004ed0      0x1b8 ./Middlewares/ST/STM32_USB_Device_Library/Class/CDC/Src/usbd_cdc.o
 .text.USBD_CDC_DataIn
                0x08005088       0xfe ./Middlewares/ST/STM32_USB_Device_Library/Class/CDC/Src/usbd_cdc.o
 .text.USBD_CDC_DataOut
                0x08005186       0x70 ./Middlewares/ST/STM32_USB_Device_Library/Class/CDC/Src/usbd_cdc.o
 .text.USBD_CDC_EP0_RxReady
                0x080051f6       0x74 ./Middlewares/ST/STM32_USB_Device_Library/Class/CDC/Src/usbd_cdc.o
 *fill*         0x0800526a        0x2 
 .text.USBD_CDC_GetFSCfgDesc
                0x0800526c       0x70 ./Middlewares/ST/STM32_USB_Device_Library/Class/CDC/Src/usbd_cdc.o
 .text.USBD_CDC_GetHSCfgDesc
                0x080052dc       0x70 ./Middlewares/ST/STM32_USB_Device_Library/Class/CDC/Src/usbd_cdc.o
 .text.USBD_CDC_GetOtherSpeedCfgDesc
                0x0800534c       0x70 ./Middlewares/ST/STM32_USB_Device_Library/Class/CDC/Src/usbd_cdc.o
 .text.USBD_CDC_GetDeviceQualifierDescriptor
                0x080053bc       0x20 ./Middlewares/ST/STM32_USB_Device_Library/Class/CDC/Src/usbd_cdc.o
                0x080053bc                USBD_CDC_GetDeviceQualifierDescriptor
 .text.USBD_CDC_RegisterInterface
                0x080053dc       0x34 ./Middlewares/ST/STM32_USB_Device_Library/Class/CDC/Src/usbd_cdc.o
                0x080053dc                USBD_CDC_RegisterInterface
 .text.USBD_CDC_SetTxBuffer
                0x08005410       0x44 ./Middlewares/ST/STM32_USB_Device_Library/Class/CDC/Src/usbd_cdc.o
                0x08005410                USBD_CDC_SetTxBuffer
 .text.USBD_CDC_SetRxBuffer
                0x08005454       0x3a ./Middlewares/ST/STM32_USB_Device_Library/Class/CDC/Src/usbd_cdc.o
                0x08005454                USBD_CDC_SetRxBuffer
 *fill*         0x0800548e        0x2 
 .text.USBD_CDC_TransmitPacket
                0x08005490       0x80 ./Middlewares/ST/STM32_USB_Device_Library/Class/CDC/Src/usbd_cdc.o
                0x08005490                USBD_CDC_TransmitPacket
 .text.USBD_CDC_ReceivePacket
                0x08005510       0x6c ./Middlewares/ST/STM32_USB_Device_Library/Class/CDC/Src/usbd_cdc.o
                0x08005510                USBD_CDC_ReceivePacket
 .text.USBD_Init
                0x0800557c       0x60 ./Middlewares/ST/STM32_USB_Device_Library/Core/Src/usbd_core.o
                0x0800557c                USBD_Init
 .text.USBD_RegisterClass
                0x080055dc       0x6c ./Middlewares/ST/STM32_USB_Device_Library/Core/Src/usbd_core.o
                0x080055dc                USBD_RegisterClass
 .text.USBD_Start
                0x08005648       0x18 ./Middlewares/ST/STM32_USB_Device_Library/Core/Src/usbd_core.o
                0x08005648                USBD_Start
 .text.USBD_RunTestMode
                0x08005660       0x16 ./Middlewares/ST/STM32_USB_Device_Library/Core/Src/usbd_core.o
                0x08005660                USBD_RunTestMode
 .text.USBD_SetClassConfig
                0x08005676       0x38 ./Middlewares/ST/STM32_USB_Device_Library/Core/Src/usbd_core.o
                0x08005676                USBD_SetClassConfig
 .text.USBD_ClrClassConfig
                0x080056ae       0x34 ./Middlewares/ST/STM32_USB_Device_Library/Core/Src/usbd_core.o
                0x080056ae                USBD_ClrClassConfig
 .text.USBD_LL_SetupStage
                0x080056e2       0xaa ./Middlewares/ST/STM32_USB_Device_Library/Core/Src/usbd_core.o
                0x080056e2                USBD_LL_SetupStage
 .text.USBD_LL_DataOutStage
                0x0800578c      0x178 ./Middlewares/ST/STM32_USB_Device_Library/Core/Src/usbd_core.o
                0x0800578c                USBD_LL_DataOutStage
 .text.USBD_LL_DataInStage
                0x08005904      0x176 ./Middlewares/ST/STM32_USB_Device_Library/Core/Src/usbd_core.o
                0x08005904                USBD_LL_DataInStage
 .text.USBD_LL_Reset
                0x08005a7a       0xa6 ./Middlewares/ST/STM32_USB_Device_Library/Core/Src/usbd_core.o
                0x08005a7a                USBD_LL_Reset
 .text.USBD_LL_SetSpeed
                0x08005b20       0x20 ./Middlewares/ST/STM32_USB_Device_Library/Core/Src/usbd_core.o
                0x08005b20                USBD_LL_SetSpeed
 .text.USBD_LL_Suspend
                0x08005b40       0x38 ./Middlewares/ST/STM32_USB_Device_Library/Core/Src/usbd_core.o
                0x08005b40                USBD_LL_Suspend
 .text.USBD_LL_Resume
                0x08005b78       0x30 ./Middlewares/ST/STM32_USB_Device_Library/Core/Src/usbd_core.o
                0x08005b78                USBD_LL_Resume
 .text.USBD_LL_SOF
                0x08005ba8       0x40 ./Middlewares/ST/STM32_USB_Device_Library/Core/Src/usbd_core.o
                0x08005ba8                USBD_LL_SOF
 .text.USBD_LL_IsoINIncomplete
                0x08005be8       0x64 ./Middlewares/ST/STM32_USB_Device_Library/Core/Src/usbd_core.o
                0x08005be8                USBD_LL_IsoINIncomplete
 .text.USBD_LL_IsoOUTIncomplete
                0x08005c4c       0x64 ./Middlewares/ST/STM32_USB_Device_Library/Core/Src/usbd_core.o
                0x08005c4c                USBD_LL_IsoOUTIncomplete
 .text.USBD_LL_DevConnected
                0x08005cb0       0x16 ./Middlewares/ST/STM32_USB_Device_Library/Core/Src/usbd_core.o
                0x08005cb0                USBD_LL_DevConnected
 .text.USBD_LL_DevDisconnected
                0x08005cc6       0x46 ./Middlewares/ST/STM32_USB_Device_Library/Core/Src/usbd_core.o
                0x08005cc6                USBD_LL_DevDisconnected
 .text.USBD_CoreFindIF
                0x08005d0c       0x1a ./Middlewares/ST/STM32_USB_Device_Library/Core/Src/usbd_core.o
                0x08005d0c                USBD_CoreFindIF
 .text.USBD_CoreFindEP
                0x08005d26       0x1a ./Middlewares/ST/STM32_USB_Device_Library/Core/Src/usbd_core.o
                0x08005d26                USBD_CoreFindEP
 .text.USBD_GetEpDesc
                0x08005d40       0x70 ./Middlewares/ST/STM32_USB_Device_Library/Core/Src/usbd_core.o
                0x08005d40                USBD_GetEpDesc
 .text.USBD_GetNextDesc
                0x08005db0       0x38 ./Middlewares/ST/STM32_USB_Device_Library/Core/Src/usbd_core.o
                0x08005db0                USBD_GetNextDesc
 .text.SWAPBYTE
                0x08005de8       0x3e ./Middlewares/ST/STM32_USB_Device_Library/Core/Src/usbd_ctlreq.o
 *fill*         0x08005e26        0x2 
 .text.USBD_StdDevReq
                0x08005e28       0xe4 ./Middlewares/ST/STM32_USB_Device_Library/Core/Src/usbd_ctlreq.o
                0x08005e28                USBD_StdDevReq
 .text.USBD_StdItfReq
                0x08005f0c       0xd8 ./Middlewares/ST/STM32_USB_Device_Library/Core/Src/usbd_ctlreq.o
                0x08005f0c                USBD_StdItfReq
 .text.USBD_StdEPReq
                0x08005fe4      0x33e ./Middlewares/ST/STM32_USB_Device_Library/Core/Src/usbd_ctlreq.o
                0x08005fe4                USBD_StdEPReq
 *fill*         0x08006322        0x2 
 .text.USBD_GetDescriptor
                0x08006324      0x2d4 ./Middlewares/ST/STM32_USB_Device_Library/Core/Src/usbd_ctlreq.o
 .text.USBD_SetAddress
                0x080065f8       0x88 ./Middlewares/ST/STM32_USB_Device_Library/Core/Src/usbd_ctlreq.o
 .text.USBD_SetConfig
                0x08006680      0x154 ./Middlewares/ST/STM32_USB_Device_Library/Core/Src/usbd_ctlreq.o
 .text.USBD_GetConfig
                0x080067d4       0x6c ./Middlewares/ST/STM32_USB_Device_Library/Core/Src/usbd_ctlreq.o
 .text.USBD_GetStatus
                0x08006840       0x68 ./Middlewares/ST/STM32_USB_Device_Library/Core/Src/usbd_ctlreq.o
 .text.USBD_SetFeature
                0x080068a8       0x52 ./Middlewares/ST/STM32_USB_Device_Library/Core/Src/usbd_ctlreq.o
 .text.USBD_ClrFeature
                0x080068fa       0x44 ./Middlewares/ST/STM32_USB_Device_Library/Core/Src/usbd_ctlreq.o
 .text.USBD_ParseSetupRequest
                0x0800693e       0x74 ./Middlewares/ST/STM32_USB_Device_Library/Core/Src/usbd_ctlreq.o
                0x0800693e                USBD_ParseSetupRequest
 .text.USBD_CtlError
                0x080069b2       0x22 ./Middlewares/ST/STM32_USB_Device_Library/Core/Src/usbd_ctlreq.o
                0x080069b2                USBD_CtlError
 .text.USBD_GetString
                0x080069d4       0xa4 ./Middlewares/ST/STM32_USB_Device_Library/Core/Src/usbd_ctlreq.o
                0x080069d4                USBD_GetString
 .text.USBD_GetLen
                0x08006a78       0x34 ./Middlewares/ST/STM32_USB_Device_Library/Core/Src/usbd_ctlreq.o
 .text.USBD_CtlSendData
                0x08006aac       0x3c ./Middlewares/ST/STM32_USB_Device_Library/Core/Src/usbd_ioreq.o
                0x08006aac                USBD_CtlSendData
 .text.USBD_CtlContinueSendData
                0x08006ae8       0x22 ./Middlewares/ST/STM32_USB_Device_Library/Core/Src/usbd_ioreq.o
                0x08006ae8                USBD_CtlContinueSendData
 .text.USBD_CtlPrepareRx
                0x08006b0a       0x42 ./Middlewares/ST/STM32_USB_Device_Library/Core/Src/usbd_ioreq.o
                0x08006b0a                USBD_CtlPrepareRx
 .text.USBD_CtlContinueRx
                0x08006b4c       0x22 ./Middlewares/ST/STM32_USB_Device_Library/Core/Src/usbd_ioreq.o
                0x08006b4c                USBD_CtlContinueRx
 .text.USBD_CtlSendStatus
                0x08006b6e       0x26 ./Middlewares/ST/STM32_USB_Device_Library/Core/Src/usbd_ioreq.o
                0x08006b6e                USBD_CtlSendStatus
 .text.USBD_CtlReceiveStatus
                0x08006b94       0x26 ./Middlewares/ST/STM32_USB_Device_Library/Core/Src/usbd_ioreq.o
                0x08006b94                USBD_CtlReceiveStatus
 *fill*         0x08006bba        0x2 
 .text.MX_USB_DEVICE_Init
                0x08006bbc       0x60 ./USB_DEVICE/App/usb_device.o
                0x08006bbc                MX_USB_DEVICE_Init
 .text.CDC_Init_FS
                0x08006c1c       0x28 ./USB_DEVICE/App/usbd_cdc_if.o
 .text.CDC_DeInit_FS
                0x08006c44       0x10 ./USB_DEVICE/App/usbd_cdc_if.o
 .text.CDC_Control_FS
                0x08006c54       0xc8 ./USB_DEVICE/App/usbd_cdc_if.o
 .text.CDC_Receive_FS
                0x08006d1c       0x28 ./USB_DEVICE/App/usbd_cdc_if.o
 .text.CDC_Transmit_FS
                0x08006d44       0x4c ./USB_DEVICE/App/usbd_cdc_if.o
                0x08006d44                CDC_Transmit_FS
 .text.CDC_TransmitCplt_FS
                0x08006d90       0x22 ./USB_DEVICE/App/usbd_cdc_if.o
 *fill*         0x08006db2        0x2 
 .text.USBD_FS_DeviceDescriptor
                0x08006db4       0x24 ./USB_DEVICE/App/usbd_desc.o
                0x08006db4                USBD_FS_DeviceDescriptor
 .text.USBD_FS_LangIDStrDescriptor
                0x08006dd8       0x24 ./USB_DEVICE/App/usbd_desc.o
                0x08006dd8                USBD_FS_LangIDStrDescriptor
 .text.USBD_FS_ProductStrDescriptor
                0x08006dfc       0x3c ./USB_DEVICE/App/usbd_desc.o
                0x08006dfc                USBD_FS_ProductStrDescriptor
 .text.USBD_FS_ManufacturerStrDescriptor
                0x08006e38       0x28 ./USB_DEVICE/App/usbd_desc.o
                0x08006e38                USBD_FS_ManufacturerStrDescriptor
 .text.USBD_FS_SerialStrDescriptor
                0x08006e60       0x24 ./USB_DEVICE/App/usbd_desc.o
                0x08006e60                USBD_FS_SerialStrDescriptor
 .text.USBD_FS_ConfigStrDescriptor
                0x08006e84       0x3c ./USB_DEVICE/App/usbd_desc.o
                0x08006e84                USBD_FS_ConfigStrDescriptor
 .text.USBD_FS_InterfaceStrDescriptor
                0x08006ec0       0x3c ./USB_DEVICE/App/usbd_desc.o
                0x08006ec0                USBD_FS_InterfaceStrDescriptor
 .text.Get_SerialNum
                0x08006efc       0x58 ./USB_DEVICE/App/usbd_desc.o
 .text.IntToUnicode
                0x08006f54       0x7e ./USB_DEVICE/App/usbd_desc.o
 *fill*         0x08006fd2        0x2 
 .text.HAL_PCD_MspInit
                0x08006fd4       0xc4 ./USB_DEVICE/Target/usbd_conf.o
                0x08006fd4                HAL_PCD_MspInit
 .text.HAL_PCD_SetupStageCallback
                0x08007098       0x24 ./USB_DEVICE/Target/usbd_conf.o
                0x08007098                HAL_PCD_SetupStageCallback
 .text.HAL_PCD_DataOutStageCallback
                0x080070bc       0x36 ./USB_DEVICE/Target/usbd_conf.o
                0x080070bc                HAL_PCD_DataOutStageCallback
 .text.HAL_PCD_DataInStageCallback
                0x080070f2       0x34 ./USB_DEVICE/Target/usbd_conf.o
                0x080070f2                HAL_PCD_DataInStageCallback
 .text.HAL_PCD_SOFCallback
                0x08007126       0x1c ./USB_DEVICE/Target/usbd_conf.o
                0x08007126                HAL_PCD_SOFCallback
 .text.HAL_PCD_ResetCallback
                0x08007142       0x50 ./USB_DEVICE/Target/usbd_conf.o
                0x08007142                HAL_PCD_ResetCallback
 *fill*         0x08007192        0x2 
 .text.HAL_PCD_SuspendCallback
                0x08007194       0x4c ./USB_DEVICE/Target/usbd_conf.o
                0x08007194                HAL_PCD_SuspendCallback
 .text.HAL_PCD_ResumeCallback
                0x080071e0       0x1c ./USB_DEVICE/Target/usbd_conf.o
                0x080071e0                HAL_PCD_ResumeCallback
 .text.HAL_PCD_ISOOUTIncompleteCallback
                0x080071fc       0x24 ./USB_DEVICE/Target/usbd_conf.o
                0x080071fc                HAL_PCD_ISOOUTIncompleteCallback
 .text.HAL_PCD_ISOINIncompleteCallback
                0x08007220       0x24 ./USB_DEVICE/Target/usbd_conf.o
                0x08007220                HAL_PCD_ISOINIncompleteCallback
 .text.HAL_PCD_ConnectCallback
                0x08007244       0x1c ./USB_DEVICE/Target/usbd_conf.o
                0x08007244                HAL_PCD_ConnectCallback
 .text.HAL_PCD_DisconnectCallback
                0x08007260       0x1c ./USB_DEVICE/Target/usbd_conf.o
                0x08007260                HAL_PCD_DisconnectCallback
 .text.USBD_LL_Init
                0x0800727c       0x98 ./USB_DEVICE/Target/usbd_conf.o
                0x0800727c                USBD_LL_Init
 .text.USBD_LL_Start
                0x08007314       0x36 ./USB_DEVICE/Target/usbd_conf.o
                0x08007314                USBD_LL_Start
 .text.USBD_LL_OpenEP
                0x0800734a       0x4c ./USB_DEVICE/Target/usbd_conf.o
                0x0800734a                USBD_LL_OpenEP
 .text.USBD_LL_CloseEP
                0x08007396       0x3e ./USB_DEVICE/Target/usbd_conf.o
                0x08007396                USBD_LL_CloseEP
 .text.USBD_LL_StallEP
                0x080073d4       0x3e ./USB_DEVICE/Target/usbd_conf.o
                0x080073d4                USBD_LL_StallEP
 .text.USBD_LL_ClearStallEP
                0x08007412       0x3e ./USB_DEVICE/Target/usbd_conf.o
                0x08007412                USBD_LL_ClearStallEP
 .text.USBD_LL_IsStallEP
                0x08007450       0x58 ./USB_DEVICE/Target/usbd_conf.o
                0x08007450                USBD_LL_IsStallEP
 .text.USBD_LL_SetUSBAddress
                0x080074a8       0x3e ./USB_DEVICE/Target/usbd_conf.o
                0x080074a8                USBD_LL_SetUSBAddress
 .text.USBD_LL_Transmit
                0x080074e6       0x42 ./USB_DEVICE/Target/usbd_conf.o
                0x080074e6                USBD_LL_Transmit
 .text.USBD_LL_PrepareReceive
                0x08007528       0x42 ./USB_DEVICE/Target/usbd_conf.o
                0x08007528                USBD_LL_PrepareReceive
 .text.USBD_LL_GetRxDataSize
                0x0800756a       0x26 ./USB_DEVICE/Target/usbd_conf.o
                0x0800756a                USBD_LL_GetRxDataSize
 .text.USBD_static_malloc
                0x08007590       0x1c ./USB_DEVICE/Target/usbd_conf.o
                0x08007590                USBD_static_malloc
 .text.USBD_static_free
                0x080075ac       0x14 ./USB_DEVICE/Target/usbd_conf.o
                0x080075ac                USBD_static_free
 .text.USBD_Get_USB_Status
                0x080075c0       0x58 ./USB_DEVICE/Target/usbd_conf.o
                0x080075c0                USBD_Get_USB_Status
 .text.memset   0x08007618       0x10 C:/ST/STM32CubeIDE_2.0.0/STM32CubeIDE/plugins/com.st.stm32cube.ide.mcu.externaltools.gnu-tools-for-stm32.13.3.rel1.win32_1.0.100.202509120712/tools/bin/../lib/gcc/arm-none-eabi/13.3.1/../../../../arm-none-eabi/lib/thumb/v7e-m+fp/hard\libc_nano.a(libc_a-memset.o)
                0x08007618                memset
 .text.__libc_init_array
                0x08007628       0x48 C:/ST/STM32CubeIDE_2.0.0/STM32CubeIDE/plugins/com.st.stm32cube.ide.mcu.externaltools.gnu-tools-for-stm32.13.3.rel1.win32_1.0.100.202509120712/tools/bin/../lib/gcc/arm-none-eabi/13.3.1/../../../../arm-none-eabi/lib/thumb/v7e-m+fp/hard\libc_nano.a(libc_a-init.o)
                0x08007628                __libc_init_array
 *(.glue_7)
 .glue_7        0x08007670        0x0 linker stubs
 *(.glue_7t)
 .glue_7t       0x08007670        0x0 linker stubs
 *(.eh_frame)
 .eh_frame      0x08007670        0x0 C:/ST/STM32CubeIDE_2.0.0/STM32CubeIDE/plugins/com.st.stm32cube.ide.mcu.externaltools.gnu-tools-for-stm32.13.3.rel1.win32_1.0.100.202509120712/tools/bin/../lib/gcc/arm-none-eabi/13.3.1/thumb/v7e-m+fp/hard/crtbegin.o
 *(.init)
 .init          0x08007670        0x4 C:/ST/STM32CubeIDE_2.0.0/STM32CubeIDE/plugins/com.st.stm32cube.ide.mcu.externaltools.gnu-tools-for-stm32.13.3.rel1.win32_1.0.100.202509120712/tools/bin/../lib/gcc/arm-none-eabi/13.3.1/thumb/v7e-m+fp/hard/crti.o
                0x08007670                _init
 .init          0x08007674        0x8 C:/ST/STM32CubeIDE_2.0.0/STM32CubeIDE/plugins/com.st.stm32cube.ide.mcu.externaltools.gnu-tools-for-stm32.13.3.rel1.win32_1.0.100.202509120712/tools/bin/../lib/gcc/arm-none-eabi/13.3.1/thumb/v7e-m+fp/hard/crtn.o
 *(.fini)
 .fini          0x0800767c        0x4 C:/ST/STM32CubeIDE_2.0.0/STM32CubeIDE/plugins/com.st.stm32cube.ide.mcu.externaltools.gnu-tools-for-stm32.13.3.rel1.win32_1.0.100.202509120712/tools/bin/../lib/gcc/arm-none-eabi/13.3.1/thumb/v7e-m+fp/hard/crti.o
                0x0800767c                _fini
 .fini          0x08007680        0x8 C:/ST/STM32CubeIDE_2.0.0/STM32CubeIDE/plugins/com.st.stm32cube.ide.mcu.externaltools.gnu-tools-for-stm32.13.3.rel1.win32_1.0.100.202509120712/tools/bin/../lib/gcc/arm-none-eabi/13.3.1/thumb/v7e-m+fp/hard/crtn.o
                0x08007688                        . = ALIGN (0x4)
                0x08007688                        _etext = .

.vfp11_veneer   0x08007688        0x0
 .vfp11_veneer  0x08007688        0x0 linker stubs

.v4_bx          0x08007688        0x0
 .v4_bx         0x08007688        0x0 linker stubs

.iplt           0x08007688        0x0
 .iplt          0x08007688        0x0 C:/ST/STM32CubeIDE_2.0.0/STM32CubeIDE/plugins/com.st.stm32cube.ide.mcu.externaltools.gnu-tools-for-stm32.13.3.rel1.win32_1.0.100.202509120712/tools/bin/../lib/gcc/arm-none-eabi/13.3.1/thumb/v7e-m+fp/hard/crtbegin.o

.rodata         0x08007688       0x6c
                0x08007688                        . = ALIGN (0x4)
 *(.rodata)
 .rodata        0x08007688       0x13 ./Core/Src/main.o
 *fill*         0x0800769b        0x1 
 .rodata        0x0800769c       0x46 ./USB_DEVICE/App/usbd_desc.o
 *(.rodata*)
 *fill*         0x080076e2        0x2 
 .rodata.AHBPrescTable
                0x080076e4       0x10 ./Core/Src/system_stm32f4xx.o
                0x080076e4                AHBPrescTable
                0x080076f4                        . = ALIGN (0x4)

.ARM.extab      0x080076f4        0x0
                0x080076f4                        . = ALIGN (0x4)
 *(.ARM.extab* .gnu.linkonce.armextab.*)
                0x080076f4                        . = ALIGN (0x4)

.ARM            0x080076f4        0x8
                0x080076f4                        . = ALIGN (0x4)
                0x080076f4                        __exidx_start = .
 *(.ARM.exidx*)
 .ARM.exidx     0x080076f4        0x8 C:/ST/STM32CubeIDE_2.0.0/STM32CubeIDE/plugins/com.st.stm32cube.ide.mcu.externaltools.gnu-tools-for-stm32.13.3.rel1.win32_1.0.100.202509120712/tools/bin/../lib/gcc/arm-none-eabi/13.3.1/../../../../arm-none-eabi/lib/thumb/v7e-m+fp/hard\libc_nano.a(libc_a-strlen.o)
 .ARM.exidx     0x080076fc        0x0 C:/ST/STM32CubeIDE_2.0.0/STM32CubeIDE/plugins/com.st.stm32cube.ide.mcu.externaltools.gnu-tools-for-stm32.13.3.rel1.win32_1.0.100.202509120712/tools/bin/../lib/gcc/arm-none-eabi/13.3.1/thumb/v7e-m+fp/hard\libgcc.a(_udivmoddi4.o)
                                  0x8 (size before relaxing)
                0x080076fc                        __exidx_end = .
                0x080076fc                        . = ALIGN (0x4)

.preinit_array  0x080076fc        0x0
                0x080076fc                        . = ALIGN (0x4)
                0x080076fc                        PROVIDE (__preinit_array_start = .)
 *(.preinit_array*)
                0x080076fc                        PROVIDE (__preinit_array_end = .)
                0x080076fc                        . = ALIGN (0x4)

.init_array     0x080076fc        0x4
                0x080076fc                        . = ALIGN (0x4)
                0x080076fc                        PROVIDE (__init_array_start = .)
 *(SORT_BY_NAME(.init_array.*))
 *(.init_array*)
 .init_array    0x080076fc        0x4 C:/ST/STM32CubeIDE_2.0.0/STM32CubeIDE/plugins/com.st.stm32cube.ide.mcu.externaltools.gnu-tools-for-stm32.13.3.rel1.win32_1.0.100.202509120712/tools/bin/../lib/gcc/arm-none-eabi/13.3.1/thumb/v7e-m+fp/hard/crtbegin.o
                0x08007700                        PROVIDE (__init_array_end = .)
                0x08007700                        . = ALIGN (0x4)

.fini_array     0x08007700        0x4
                0x08007700                        . = ALIGN (0x4)
                [!provide]                        PROVIDE (__fini_array_start = .)
 *(SORT_BY_NAME(.fini_array.*))
 *(.fini_array*)
 .fini_array    0x08007700        0x4 C:/ST/STM32CubeIDE_2.0.0/STM32CubeIDE/plugins/com.st.stm32cube.ide.mcu.externaltools.gnu-tools-for-stm32.13.3.rel1.win32_1.0.100.202509120712/tools/bin/../lib/gcc/arm-none-eabi/13.3.1/thumb/v7e-m+fp/hard/crtbegin.o
                [!provide]                        PROVIDE (__fini_array_end = .)
                0x08007704                        . = ALIGN (0x4)
                0x08007704                        _sidata = LOADADDR (.data)

.rel.dyn        0x08007704        0x0
 .rel.iplt      0x08007704        0x0 C:/ST/STM32CubeIDE_2.0.0/STM32CubeIDE/plugins/com.st.stm32cube.ide.mcu.externaltools.gnu-tools-for-stm32.13.3.rel1.win32_1.0.100.202509120712/tools/bin/../lib/gcc/arm-none-eabi/13.3.1/thumb/v7e-m+fp/hard/crtbegin.o

.data           0x20000000       0xfc load address 0x08007704
                0x20000000                        . = ALIGN (0x4)
                0x20000000                        _sdata = .
 *(.data)
 *(.data*)
 .data.SystemCoreClock
                0x20000000        0x4 ./Core/Src/system_stm32f4xx.o
                0x20000000                SystemCoreClock
 .data.uwTickPrio
                0x20000004        0x4 ./Drivers/STM32F4xx_HAL_Driver/Src/stm32f4xx_hal.o
                0x20000004                uwTickPrio
 .data.uwTickFreq
                0x20000008        0x1 ./Drivers/STM32F4xx_HAL_Driver/Src/stm32f4xx_hal.o
                0x20000008                uwTickFreq
 *fill*         0x20000009        0x3 
 .data.USBD_CDC_DeviceQualifierDesc
                0x2000000c        0xa ./Middlewares/ST/STM32_USB_Device_Library/Class/CDC/Src/usbd_cdc.o
 *fill*         0x20000016        0x2 
 .data.USBD_CDC
                0x20000018       0x38 ./Middlewares/ST/STM32_USB_Device_Library/Class/CDC/Src/usbd_cdc.o
                0x20000018                USBD_CDC
 .data.USBD_CDC_CfgDesc
                0x20000050       0x43 ./Middlewares/ST/STM32_USB_Device_Library/Class/CDC/Src/usbd_cdc.o
 .data.CDCInEpAdd
                0x20000093        0x1 ./Middlewares/ST/STM32_USB_Device_Library/Class/CDC/Src/usbd_cdc.o
 .data.CDCOutEpAdd
                0x20000094        0x1 ./Middlewares/ST/STM32_USB_Device_Library/Class/CDC/Src/usbd_cdc.o
 .data.CDCCmdEpAdd
                0x20000095        0x1 ./Middlewares/ST/STM32_USB_Device_Library/Class/CDC/Src/usbd_cdc.o
 *fill*         0x20000096        0x2 
 .data.USBD_Interface_fops_FS
                0x20000098       0x14 ./USB_DEVICE/App/usbd_cdc_if.o
                0x20000098                USBD_Interface_fops_FS
 .data.FS_Desc  0x200000ac       0x1c ./USB_DEVICE/App/usbd_desc.o
                0x200000ac                FS_Desc
 .data.USBD_FS_DeviceDesc
                0x200000c8       0x12 ./USB_DEVICE/App/usbd_desc.o
                0x200000c8                USBD_FS_DeviceDesc
 *fill*         0x200000da        0x2 
 .data.USBD_LangIDDesc
                0x200000dc        0x4 ./USB_DEVICE/App/usbd_desc.o
                0x200000dc                USBD_LangIDDesc
 .data.USBD_StringSerial
                0x200000e0       0x1a ./USB_DEVICE/App/usbd_desc.o
                0x200000e0                USBD_StringSerial
 *(.RamFunc)
 *(.RamFunc*)
                0x200000fc                        . = ALIGN (0x4)
 *fill*         0x200000fa        0x2 
                0x200000fc                        _edata = .
                0x08007800                        _siccmram = LOADADDR (.ccmram)

.igot.plt       0x200000fc        0x0 load address 0x08007800
 .igot.plt      0x200000fc        0x0 C:/ST/STM32CubeIDE_2.0.0/STM32CubeIDE/plugins/com.st.stm32cube.ide.mcu.externaltools.gnu-tools-for-stm32.13.3.rel1.win32_1.0.100.202509120712/tools/bin/../lib/gcc/arm-none-eabi/13.3.1/thumb/v7e-m+fp/hard/crtbegin.o

.ccmram         0x10000000        0x0 load address 0x08007800
                0x10000000                        . = ALIGN (0x4)
                0x10000000                        _sccmram = .
 *(.ccmram)
 *(.ccmram*)
                0x10000000                        . = ALIGN (0x4)
                0x10000000                        _eccmram = .
                0x10000000                        . = ALIGN (0x4)

.bss            0x200000fc     0x1c50
                0x200000fc                        _sbss = .
                0x200000fc                        __bss_start__ = _sbss
 *(.bss)
 .bss           0x200000fc       0x1c C:/ST/STM32CubeIDE_2.0.0/STM32CubeIDE/plugins/com.st.stm32cube.ide.mcu.externaltools.gnu-tools-for-stm32.13.3.rel1.win32_1.0.100.202509120712/tools/bin/../lib/gcc/arm-none-eabi/13.3.1/thumb/v7e-m+fp/hard/crtbegin.o
 *(.bss*)
 .bss.htim1     0x20000118       0x48 ./Core/Src/main.o
                0x20000118                htim1
 .bss.uwTick    0x20000160        0x4 ./Drivers/STM32F4xx_HAL_Driver/Src/stm32f4xx_hal.o
                0x20000160                uwTick
 .bss.cfgidx.0  0x20000164        0x1 ./Middlewares/ST/STM32_USB_Device_Library/Core/Src/usbd_ctlreq.o
 *fill*         0x20000165        0x3 
 .bss.hUsbDeviceFS
                0x20000168      0x2dc ./USB_DEVICE/App/usb_device.o
                0x20000168                hUsbDeviceFS
 .bss.usb_ready
                0x20000444        0x1 ./USB_DEVICE/App/usbd_cdc_if.o
                0x20000444                usb_ready
 *fill*         0x20000445        0x3 
 .bss.UserRxBufferFS
                0x20000448      0x800 ./USB_DEVICE/App/usbd_cdc_if.o
                0x20000448                UserRxBufferFS
 .bss.UserTxBufferFS
                0x20000c48      0x800 ./USB_DEVICE/App/usbd_cdc_if.o
                0x20000c48                UserTxBufferFS
 .bss.USBD_StrDesc
                0x20001448      0x200 ./USB_DEVICE/App/usbd_desc.o
                0x20001448                USBD_StrDesc
 .bss.hpcd_USB_OTG_FS
                0x20001648      0x4e4 ./USB_DEVICE/Target/usbd_conf.o
                0x20001648                hpcd_USB_OTG_FS
 .bss.mem.0     0x20001b2c      0x220 ./USB_DEVICE/Target/usbd_conf.o
 *(COMMON)
                0x20001d4c                        . = ALIGN (0x4)
                0x20001d4c                        _ebss = .
                0x20001d4c                        __bss_end__ = _ebss

._user_heap_stack
                0x20001d4c      0x604
                0x20001d50                        . = ALIGN (0x8)
 *fill*         0x20001d4c        0x4 
                [!provide]                        PROVIDE (end = .)
                0x20001d50                        PROVIDE (_end = .)
                0x20001f50                        . = (. + _Min_Heap_Size)
 *fill*         0x20001d50      0x200 
                0x20002350                        . = (. + _Min_Stack_Size)
 *fill*         0x20001f50      0x400 
                0x20002350                        . = ALIGN (0x8)

/DISCARD/
 libc.a(*)
 libm.a(*)
 libgcc.a(*)

.ARM.attributes
                0x00000000       0x30
 *(.ARM.attributes)
 .ARM.attributes
                0x00000000       0x22 C:/ST/STM32CubeIDE_2.0.0/STM32CubeIDE/plugins/com.st.stm32cube.ide.mcu.externaltools.gnu-tools-for-stm32.13.3.rel1.win32_1.0.100.202509120712/tools/bin/../lib/gcc/arm-none-eabi/13.3.1/thumb/v7e-m+fp/hard/crti.o
 .ARM.attributes
                0x00000022       0x34 C:/ST/STM32CubeIDE_2.0.0/STM32CubeIDE/plugins/com.st.stm32cube.ide.mcu.externaltools.gnu-tools-for-stm32.13.3.rel1.win32_1.0.100.202509120712/tools/bin/../lib/gcc/arm-none-eabi/13.3.1/thumb/v7e-m+fp/hard/crtbegin.o
 .ARM.attributes
                0x00000056       0x34 ./Core/Src/main.o
 .ARM.attributes
                0x0000008a       0x34 ./Core/Src/stm32f4xx_hal_msp.o
 .ARM.attributes
                0x000000be       0x34 ./Core/Src/stm32f4xx_it.o
 .ARM.attributes
                0x000000f2       0x34 ./Core/Src/system_stm32f4xx.o
 .ARM.attributes
                0x00000126       0x21 ./Core/Startup/startup_stm32f407vgtx.o
 .ARM.attributes
                0x00000147       0x34 ./Drivers/STM32F4xx_HAL_Driver/Src/stm32f4xx_hal.o
 .ARM.attributes
                0x0000017b       0x34 ./Drivers/STM32F4xx_HAL_Driver/Src/stm32f4xx_hal_cortex.o
 .ARM.attributes
                0x000001af       0x34 ./Drivers/STM32F4xx_HAL_Driver/Src/stm32f4xx_hal_gpio.o
 .ARM.attributes
                0x000001e3       0x34 ./Drivers/STM32F4xx_HAL_Driver/Src/stm32f4xx_hal_pcd.o
 .ARM.attributes
                0x00000217       0x34 ./Drivers/STM32F4xx_HAL_Driver/Src/stm32f4xx_hal_pcd_ex.o
 .ARM.attributes
                0x0000024b       0x34 ./Drivers/STM32F4xx_HAL_Driver/Src/stm32f4xx_hal_rcc.o
 .ARM.attributes
                0x0000027f       0x34 ./Drivers/STM32F4xx_HAL_Driver/Src/stm32f4xx_hal_tim.o
 .ARM.attributes
                0x000002b3       0x34 ./Drivers/STM32F4xx_HAL_Driver/Src/stm32f4xx_hal_tim_ex.o
 .ARM.attributes
                0x000002e7       0x34 ./Drivers/STM32F4xx_HAL_Driver/Src/stm32f4xx_ll_usb.o
 .ARM.attributes
                0x0000031b       0x34 ./Middlewares/ST/STM32_USB_Device_Library/Class/CDC/Src/usbd_cdc.o
 .ARM.attributes
                0x0000034f       0x34 ./Middlewares/ST/STM32_USB_Device_Library/Core/Src/usbd_core.o
 .ARM.attributes
                0x00000383       0x34 ./Middlewares/ST/STM32_USB_Device_Library/Core/Src/usbd_ctlreq.o
 .ARM.attributes
                0x000003b7       0x34 ./Middlewares/ST/STM32_USB_Device_Library/Core/Src/usbd_ioreq.o
 .ARM.attributes
                0x000003eb       0x34 ./USB_DEVICE/App/usb_device.o
 .ARM.attributes
                0x0000041f       0x34 ./USB_DEVICE/App/usbd_cdc_if.o
 .ARM.attributes
                0x00000453       0x34 ./USB_DEVICE/App/usbd_desc.o
 .ARM.attributes
                0x00000487       0x34 ./USB_DEVICE/Target/usbd_conf.o
 .ARM.attributes
                0x000004bb       0x34 C:/ST/STM32CubeIDE_2.0.0/STM32CubeIDE/plugins/com.st.stm32cube.ide.mcu.externaltools.gnu-tools-for-stm32.13.3.rel1.win32_1.0.100.202509120712/tools/bin/../lib/gcc/arm-none-eabi/13.3.1/../../../../arm-none-eabi/lib/thumb/v7e-m+fp/hard\libc_nano.a(libc_a-memset.o)
 .ARM.attributes
                0x000004ef       0x34 C:/ST/STM32CubeIDE_2.0.0/STM32CubeIDE/plugins/com.st.stm32cube.ide.mcu.externaltools.gnu-tools-for-stm32.13.3.rel1.win32_1.0.100.202509120712/tools/bin/../lib/gcc/arm-none-eabi/13.3.1/../../../../arm-none-eabi/lib/thumb/v7e-m+fp/hard\libc_nano.a(libc_a-init.o)
 .ARM.attributes
                0x00000523       0x17 C:/ST/STM32CubeIDE_2.0.0/STM32CubeIDE/plugins/com.st.stm32cube.ide.mcu.externaltools.gnu-tools-for-stm32.13.3.rel1.win32_1.0.100.202509120712/tools/bin/../lib/gcc/arm-none-eabi/13.3.1/../../../../arm-none-eabi/lib/thumb/v7e-m+fp/hard\libc_nano.a(libc_a-strlen.o)
 .ARM.attributes
                0x0000053a       0x22 C:/ST/STM32CubeIDE_2.0.0/STM32CubeIDE/plugins/com.st.stm32cube.ide.mcu.externaltools.gnu-tools-for-stm32.13.3.rel1.win32_1.0.100.202509120712/tools/bin/../lib/gcc/arm-none-eabi/13.3.1/thumb/v7e-m+fp/hard\libgcc.a(_aeabi_uldivmod.o)
 .ARM.attributes
                0x0000055c       0x34 C:/ST/STM32CubeIDE_2.0.0/STM32CubeIDE/plugins/com.st.stm32cube.ide.mcu.externaltools.gnu-tools-for-stm32.13.3.rel1.win32_1.0.100.202509120712/tools/bin/../lib/gcc/arm-none-eabi/13.3.1/thumb/v7e-m+fp/hard\libgcc.a(_udivmoddi4.o)
 .ARM.attributes
                0x00000590       0x22 C:/ST/STM32CubeIDE_2.0.0/STM32CubeIDE/plugins/com.st.stm32cube.ide.mcu.externaltools.gnu-tools-for-stm32.13.3.rel1.win32_1.0.100.202509120712/tools/bin/../lib/gcc/arm-none-eabi/13.3.1/thumb/v7e-m+fp/hard\libgcc.a(_dvmd_tls.o)
 .ARM.attributes
                0x000005b2       0x22 C:/ST/STM32CubeIDE_2.0.0/STM32CubeIDE/plugins/com.st.stm32cube.ide.mcu.externaltools.gnu-tools-for-stm32.13.3.rel1.win32_1.0.100.202509120712/tools/bin/../lib/gcc/arm-none-eabi/13.3.1/thumb/v7e-m+fp/hard/crtn.o
OUTPUT(EMBEDDED_LAB_II_01.elf elf32-littlearm)
LOAD linker stubs
LOAD C:/ST/STM32CubeIDE_2.0.0/STM32CubeIDE/plugins/com.st.stm32cube.ide.mcu.externaltools.gnu-tools-for-stm32.13.3.rel1.win32_1.0.100.202509120712/tools/bin/../lib/gcc/arm-none-eabi/13.3.1/../../../../arm-none-eabi/lib/thumb/v7e-m+fp/hard\libc.a
LOAD C:/ST/STM32CubeIDE_2.0.0/STM32CubeIDE/plugins/com.st.stm32cube.ide.mcu.externaltools.gnu-tools-for-stm32.13.3.rel1.win32_1.0.100.202509120712/tools/bin/../lib/gcc/arm-none-eabi/13.3.1/../../../../arm-none-eabi/lib/thumb/v7e-m+fp/hard\libm.a
LOAD C:/ST/STM32CubeIDE_2.0.0/STM32CubeIDE/plugins/com.st.stm32cube.ide.mcu.externaltools.gnu-tools-for-stm32.13.3.rel1.win32_1.0.100.202509120712/tools/bin/../lib/gcc/arm-none-eabi/13.3.1/thumb/v7e-m+fp/hard\libgcc.a

.debug_info     0x00000000    0x12179
 .debug_info    0x00000000      0xeb8 ./Core/Src/main.o
 .debug_info    0x00000eb8      0x895 ./Core/Src/stm32f4xx_hal_msp.o
 .debug_info    0x0000174d      0x627 ./Core/Src/stm32f4xx_it.o
 .debug_info    0x00001d74      0x512 ./Core/Src/system_stm32f4xx.o
 .debug_info    0x00002286       0x30 ./Core/Startup/startup_stm32f407vgtx.o
 .debug_info    0x000022b6      0x944 ./Drivers/STM32F4xx_HAL_Driver/Src/stm32f4xx_hal.o
 .debug_info    0x00002bfa      0xd8c ./Drivers/STM32F4xx_HAL_Driver/Src/stm32f4xx_hal_cortex.o
 .debug_info    0x00003986      0x6c3 ./Drivers/STM32F4xx_HAL_Driver/Src/stm32f4xx_hal_gpio.o
 .debug_info    0x00004049     0x156f ./Drivers/STM32F4xx_HAL_Driver/Src/stm32f4xx_hal_pcd.o
 .debug_info    0x000055b8      0x6ea ./Drivers/STM32F4xx_HAL_Driver/Src/stm32f4xx_hal_pcd_ex.o
 .debug_info    0x00005ca2      0x8c3 ./Drivers/STM32F4xx_HAL_Driver/Src/stm32f4xx_hal_rcc.o
 .debug_info    0x00006565     0x299d ./Drivers/STM32F4xx_HAL_Driver/Src/stm32f4xx_hal_tim.o
 .debug_info    0x00008f02     0x14db ./Drivers/STM32F4xx_HAL_Driver/Src/stm32f4xx_hal_tim_ex.o
 .debug_info    0x0000a3dd     0x1993 ./Drivers/STM32F4xx_HAL_Driver/Src/stm32f4xx_ll_usb.o
 .debug_info    0x0000bd70     0x12b1 ./Middlewares/ST/STM32_USB_Device_Library/Class/CDC/Src/usbd_cdc.o
 .debug_info    0x0000d021      0xe12 ./Middlewares/ST/STM32_USB_Device_Library/Core/Src/usbd_core.o
 .debug_info    0x0000de33      0xaeb ./Middlewares/ST/STM32_USB_Device_Library/Core/Src/usbd_ctlreq.o
 .debug_info    0x0000e91e      0x762 ./Middlewares/ST/STM32_USB_Device_Library/Core/Src/usbd_ioreq.o
 .debug_info    0x0000f080      0x70e ./USB_DEVICE/App/usb_device.o
 .debug_info    0x0000f78e      0x91a ./USB_DEVICE/App/usbd_cdc_if.o
 .debug_info    0x000100a8      0x458 ./USB_DEVICE/App/usbd_desc.o
 .debug_info    0x00010500     0x1c79 ./USB_DEVICE/Target/usbd_conf.o

.debug_abbrev   0x00000000     0x2fbd
 .debug_abbrev  0x00000000      0x292 ./Core/Src/main.o
 .debug_abbrev  0x00000292      0x1a4 ./Core/Src/stm32f4xx_hal_msp.o
 .debug_abbrev  0x00000436      0x1a4 ./Core/Src/stm32f4xx_it.o
 .debug_abbrev  0x000005da      0x11a ./Core/Src/system_stm32f4xx.o
 .debug_abbrev  0x000006f4       0x24 ./Core/Startup/startup_stm32f407vgtx.o
 .debug_abbrev  0x00000718      0x214 ./Drivers/STM32F4xx_HAL_Driver/Src/stm32f4xx_hal.o
 .debug_abbrev  0x0000092c      0x31d ./Drivers/STM32F4xx_HAL_Driver/Src/stm32f4xx_hal_cortex.o
 .debug_abbrev  0x00000c49      0x1d4 ./Drivers/STM32F4xx_HAL_Driver/Src/stm32f4xx_hal_gpio.o
 .debug_abbrev  0x00000e1d      0x2b9 ./Drivers/STM32F4xx_HAL_Driver/Src/stm32f4xx_hal_pcd.o
 .debug_abbrev  0x000010d6      0x1da ./Drivers/STM32F4xx_HAL_Driver/Src/stm32f4xx_hal_pcd_ex.o
 .debug_abbrev  0x000012b0      0x2b7 ./Drivers/STM32F4xx_HAL_Driver/Src/stm32f4xx_hal_rcc.o
 .debug_abbrev  0x00001567      0x278 ./Drivers/STM32F4xx_HAL_Driver/Src/stm32f4xx_hal_tim.o
 .debug_abbrev  0x000017df      0x283 ./Drivers/STM32F4xx_HAL_Driver/Src/stm32f4xx_hal_tim_ex.o
 .debug_abbrev  0x00001a62      0x2b3 ./Drivers/STM32F4xx_HAL_Driver/Src/stm32f4xx_ll_usb.o
 .debug_abbrev  0x00001d15      0x2d2 ./Middlewares/ST/STM32_USB_Device_Library/Class/CDC/Src/usbd_cdc.o
 .debug_abbrev  0x00001fe7      0x27c ./Middlewares/ST/STM32_USB_Device_Library/Core/Src/usbd_core.o
 .debug_abbrev  0x00002263      0x26f ./Middlewares/ST/STM32_USB_Device_Library/Core/Src/usbd_ctlreq.o
 .debug_abbrev  0x000024d2      0x19a ./Middlewares/ST/STM32_USB_Device_Library/Core/Src/usbd_ioreq.o
 .debug_abbrev  0x0000266c      0x195 ./USB_DEVICE/App/usb_device.o
 .debug_abbrev  0x00002801      0x29c ./USB_DEVICE/App/usbd_cdc_if.o
 .debug_abbrev  0x00002a9d      0x1e1 ./USB_DEVICE/App/usbd_desc.o
 .debug_abbrev  0x00002c7e      0x33f ./USB_DEVICE/Target/usbd_conf.o

.debug_aranges  0x00000000     0x10a0
 .debug_aranges
                0x00000000       0x40 ./Core/Src/main.o
 .debug_aranges
                0x00000040       0x30 ./Core/Src/stm32f4xx_hal_msp.o
 .debug_aranges
                0x00000070       0x68 ./Core/Src/stm32f4xx_it.o
 .debug_aranges
                0x000000d8       0x28 ./Core/Src/system_stm32f4xx.o
 .debug_aranges
                0x00000100       0x28 ./Core/Startup/startup_stm32f407vgtx.o
 .debug_aranges
                0x00000128       0xf0 ./Drivers/STM32F4xx_HAL_Driver/Src/stm32f4xx_hal.o
 .debug_aranges
                0x00000218      0x130 ./Drivers/STM32F4xx_HAL_Driver/Src/stm32f4xx_hal_cortex.o
 .debug_aranges
                0x00000348       0x58 ./Drivers/STM32F4xx_HAL_Driver/Src/stm32f4xx_hal_gpio.o
 .debug_aranges
                0x000003a0      0x148 ./Drivers/STM32F4xx_HAL_Driver/Src/stm32f4xx_hal_pcd.o
 .debug_aranges
                0x000004e8       0x38 ./Drivers/STM32F4xx_HAL_Driver/Src/stm32f4xx_hal_pcd_ex.o
 .debug_aranges
                0x00000520       0x88 ./Drivers/STM32F4xx_HAL_Driver/Src/stm32f4xx_hal_rcc.o
 .debug_aranges
                0x000005a8      0x3d0 ./Drivers/STM32F4xx_HAL_Driver/Src/stm32f4xx_hal_tim.o
 .debug_aranges
                0x00000978      0x168 ./Drivers/STM32F4xx_HAL_Driver/Src/stm32f4xx_hal_tim_ex.o
 .debug_aranges
                0x00000ae0      0x1a0 ./Drivers/STM32F4xx_HAL_Driver/Src/stm32f4xx_ll_usb.o
 .debug_aranges
                0x00000c80       0x90 ./Middlewares/ST/STM32_USB_Device_Library/Class/CDC/Src/usbd_cdc.o
 .debug_aranges
                0x00000d10       0xd8 ./Middlewares/ST/STM32_USB_Device_Library/Core/Src/usbd_core.o
 .debug_aranges
                0x00000de8       0x90 ./Middlewares/ST/STM32_USB_Device_Library/Core/Src/usbd_ctlreq.o
 .debug_aranges
                0x00000e78       0x50 ./Middlewares/ST/STM32_USB_Device_Library/Core/Src/usbd_ioreq.o
 .debug_aranges
                0x00000ec8       0x20 ./USB_DEVICE/App/usb_device.o
 .debug_aranges
                0x00000ee8       0x48 ./USB_DEVICE/App/usbd_cdc_if.o
 .debug_aranges
                0x00000f30       0x60 ./USB_DEVICE/App/usbd_desc.o
 .debug_aranges
                0x00000f90      0x110 ./USB_DEVICE/Target/usbd_conf.o

.debug_rnglists
                0x00000000      0xca6
 .debug_rnglists
                0x00000000       0x2e ./Core/Src/main.o
 .debug_rnglists
                0x0000002e       0x1f ./Core/Src/stm32f4xx_hal_msp.o
 .debug_rnglists
                0x0000004d       0x49 ./Core/Src/stm32f4xx_it.o
 .debug_rnglists
                0x00000096       0x1a ./Core/Src/system_stm32f4xx.o
 .debug_rnglists
                0x000000b0       0x19 ./Core/Startup/startup_stm32f407vgtx.o
 .debug_rnglists
                0x000000c9       0xaf ./Drivers/STM32F4xx_HAL_Driver/Src/stm32f4xx_hal.o
 .debug_rnglists
                0x00000178       0xe0 ./Drivers/STM32F4xx_HAL_Driver/Src/stm32f4xx_hal_cortex.o
 .debug_rnglists
                0x00000258       0x3f ./Drivers/STM32F4xx_HAL_Driver/Src/stm32f4xx_hal_gpio.o
 .debug_rnglists
                0x00000297       0xfa ./Drivers/STM32F4xx_HAL_Driver/Src/stm32f4xx_hal_pcd.o
 .debug_rnglists
                0x00000391       0x26 ./Drivers/STM32F4xx_HAL_Driver/Src/stm32f4xx_hal_pcd_ex.o
 .debug_rnglists
                0x000003b7       0x66 ./Drivers/STM32F4xx_HAL_Driver/Src/stm32f4xx_hal_rcc.o
 .debug_rnglists
                0x0000041d      0x31a ./Drivers/STM32F4xx_HAL_Driver/Src/stm32f4xx_hal_tim.o
 .debug_rnglists
                0x00000737      0x125 ./Drivers/STM32F4xx_HAL_Driver/Src/stm32f4xx_hal_tim_ex.o
 .debug_rnglists
                0x0000085c      0x147 ./Drivers/STM32F4xx_HAL_Driver/Src/stm32f4xx_ll_usb.o
 .debug_rnglists
                0x000009a3       0x6c ./Middlewares/ST/STM32_USB_Device_Library/Class/CDC/Src/usbd_cdc.o
 .debug_rnglists
                0x00000a0f       0xa1 ./Middlewares/ST/STM32_USB_Device_Library/Core/Src/usbd_core.o
 .debug_rnglists
                0x00000ab0       0x6e ./Middlewares/ST/STM32_USB_Device_Library/Core/Src/usbd_ctlreq.o
 .debug_rnglists
                0x00000b1e       0x37 ./Middlewares/ST/STM32_USB_Device_Library/Core/Src/usbd_ioreq.o
 .debug_rnglists
                0x00000b55       0x13 ./USB_DEVICE/App/usb_device.o
 .debug_rnglists
                0x00000b68       0x32 ./USB_DEVICE/App/usbd_cdc_if.o
 .debug_rnglists
                0x00000b9a       0x43 ./USB_DEVICE/App/usbd_desc.o
 .debug_rnglists
                0x00000bdd       0xc9 ./USB_DEVICE/Target/usbd_conf.o

.debug_macro    0x00000000    0x2386e
 .debug_macro   0x00000000      0x3a5 ./Core/Src/main.o
 .debug_macro   0x000003a5      0xad8 ./Core/Src/main.o
 .debug_macro   0x00000e7d      0x29b ./Core/Src/main.o
 .debug_macro   0x00001118       0x2e ./Core/Src/main.o
 .debug_macro   0x00001146       0x2f ./Core/Src/main.o
 .debug_macro   0x00001175       0x22 ./Core/Src/main.o
 .debug_macro   0x00001197       0x8e ./Core/Src/main.o
 .debug_macro   0x00001225       0x51 ./Core/Src/main.o
 .debug_macro   0x00001276      0x103 ./Core/Src/main.o
 .debug_macro   0x00001379       0x6a ./Core/Src/main.o
 .debug_macro   0x000013e3      0x1df ./Core/Src/main.o
 .debug_macro   0x000015c2       0x1c ./Core/Src/main.o
 .debug_macro   0x000015de       0x22 ./Core/Src/main.o
 .debug_macro   0x00001600       0xfb ./Core/Src/main.o
 .debug_macro   0x000016fb     0x1011 ./Core/Src/main.o
 .debug_macro   0x0000270c      0x11f ./Core/Src/main.o
 .debug_macro   0x0000282b    0x15ea5 ./Core/Src/main.o
 .debug_macro   0x000186d0       0x6d ./Core/Src/main.o
 .debug_macro   0x0001873d     0x3693 ./Core/Src/main.o
 .debug_macro   0x0001bdd0      0x190 ./Core/Src/main.o
 .debug_macro   0x0001bf60       0x5c ./Core/Src/main.o
 .debug_macro   0x0001bfbc      0x980 ./Core/Src/main.o
 .debug_macro   0x0001c93c      0x9e9 ./Core/Src/main.o
 .debug_macro   0x0001d325      0x115 ./Core/Src/main.o
 .debug_macro   0x0001d43a      0x13e ./Core/Src/main.o
 .debug_macro   0x0001d578       0xa5 ./Core/Src/main.o
 .debug_macro   0x0001d61d      0x174 ./Core/Src/main.o
 .debug_macro   0x0001d791      0x287 ./Core/Src/main.o
 .debug_macro   0x0001da18       0x5f ./Core/Src/main.o
 .debug_macro   0x0001da77      0x236 ./Core/Src/main.o
 .debug_macro   0x0001dcad      0x12c ./Core/Src/main.o
 .debug_macro   0x0001ddd9      0x21e ./Core/Src/main.o
 .debug_macro   0x0001dff7       0x2e ./Core/Src/main.o
 .debug_macro   0x0001e025      0x127 ./Core/Src/main.o
 .debug_macro   0x0001e14c       0x7e ./Core/Src/main.o
 .debug_macro   0x0001e1ca       0x89 ./Core/Src/main.o
 .debug_macro   0x0001e253      0x8ed ./Core/Src/main.o
 .debug_macro   0x0001eb40       0x4d ./Core/Src/main.o
 .debug_macro   0x0001eb8d      0x293 ./Core/Src/main.o
 .debug_macro   0x0001ee20       0xba ./Core/Src/main.o
 .debug_macro   0x0001eeda      0x12d ./Core/Src/main.o
 .debug_macro   0x0001f007      0x178 ./Core/Src/main.o
 .debug_macro   0x0001f17f       0x61 ./Core/Src/main.o
 .debug_macro   0x0001f1e0       0x2a ./Core/Src/main.o
 .debug_macro   0x0001f20a       0x43 ./Core/Src/main.o
 .debug_macro   0x0001f24d       0x34 ./Core/Src/main.o
 .debug_macro   0x0001f281       0x16 ./Core/Src/main.o
 .debug_macro   0x0001f297       0x3c ./Core/Src/main.o
 .debug_macro   0x0001f2d3      0x370 ./Core/Src/main.o
 .debug_macro   0x0001f643       0x10 ./Core/Src/main.o
 .debug_macro   0x0001f653       0x16 ./Core/Src/main.o
 .debug_macro   0x0001f669       0x4a ./Core/Src/main.o
 .debug_macro   0x0001f6b3       0x34 ./Core/Src/main.o
 .debug_macro   0x0001f6e7       0x10 ./Core/Src/main.o
 .debug_macro   0x0001f6f7       0x58 ./Core/Src/main.o
 .debug_macro   0x0001f74f       0x8e ./Core/Src/main.o
 .debug_macro   0x0001f7dd       0x1c ./Core/Src/main.o
 .debug_macro   0x0001f7f9      0x185 ./Core/Src/main.o
 .debug_macro   0x0001f97e       0x16 ./Core/Src/main.o
 .debug_macro   0x0001f994       0x16 ./Core/Src/main.o
 .debug_macro   0x0001f9aa      0x146 ./Core/Src/main.o
 .debug_macro   0x0001faf0       0x16 ./Core/Src/main.o
 .debug_macro   0x0001fb06       0x16 ./Core/Src/main.o
 .debug_macro   0x0001fb1c       0x29 ./Core/Src/main.o
 .debug_macro   0x0001fb45       0x16 ./Core/Src/main.o
 .debug_macro   0x0001fb5b       0x20 ./Core/Src/main.o
 .debug_macro   0x0001fb7b       0x65 ./Core/Src/main.o
 .debug_macro   0x0001fbe0      0x20f ./Core/Src/main.o
 .debug_macro   0x0001fdef       0x95 ./Core/Src/main.o
 .debug_macro   0x0001fe84       0x10 ./Core/Src/main.o
 .debug_macro   0x0001fe94      0x1f7 ./Core/Src/stm32f4xx_hal_msp.o
 .debug_macro   0x0002008b      0x201 ./Core/Src/stm32f4xx_it.o
 .debug_macro   0x0002028c      0x1e8 ./Core/Src/system_stm32f4xx.o
 .debug_macro   0x00020474      0x248 ./Drivers/STM32F4xx_HAL_Driver/Src/stm32f4xx_hal.o
 .debug_macro   0x000206bc      0x1e8 ./Drivers/STM32F4xx_HAL_Driver/Src/stm32f4xx_hal_cortex.o
 .debug_macro   0x000208a4      0x1ee ./Drivers/STM32F4xx_HAL_Driver/Src/stm32f4xx_hal_gpio.o
 .debug_macro   0x00020a92      0x1f4 ./Drivers/STM32F4xx_HAL_Driver/Src/stm32f4xx_hal_pcd.o
 .debug_macro   0x00020c86      0x1e8 ./Drivers/STM32F4xx_HAL_Driver/Src/stm32f4xx_hal_pcd_ex.o
 .debug_macro   0x00020e6e      0x20c ./Drivers/STM32F4xx_HAL_Driver/Src/stm32f4xx_hal_rcc.o
 .debug_macro   0x0002107a      0x1e9 ./Drivers/STM32F4xx_HAL_Driver/Src/stm32f4xx_hal_tim.o
 .debug_macro   0x00021263      0x1e8 ./Drivers/STM32F4xx_HAL_Driver/Src/stm32f4xx_hal_tim_ex.o
 .debug_macro   0x0002144b      0x1e8 ./Drivers/STM32F4xx_HAL_Driver/Src/stm32f4xx_ll_usb.o
 .debug_macro   0x00021633      0x386 ./Middlewares/ST/STM32_USB_Device_Library/Class/CDC/Src/usbd_cdc.o
 .debug_macro   0x000219b9       0x9e ./Middlewares/ST/STM32_USB_Device_Library/Class/CDC/Src/usbd_cdc.o
 .debug_macro   0x00021a57      0x112 ./Middlewares/ST/STM32_USB_Device_Library/Class/CDC/Src/usbd_cdc.o
 .debug_macro   0x00021b69       0x56 ./Middlewares/ST/STM32_USB_Device_Library/Class/CDC/Src/usbd_cdc.o
 .debug_macro   0x00021bbf      0x36d ./Middlewares/ST/STM32_USB_Device_Library/Core/Src/usbd_core.o
 .debug_macro   0x00021f2c      0x215 ./Middlewares/ST/STM32_USB_Device_Library/Core/Src/usbd_core.o
 .debug_macro   0x00022141      0x377 ./Middlewares/ST/STM32_USB_Device_Library/Core/Src/usbd_ctlreq.o
 .debug_macro   0x000224b8      0x373 ./Middlewares/ST/STM32_USB_Device_Library/Core/Src/usbd_ioreq.o
 .debug_macro   0x0002282b      0x3a6 ./USB_DEVICE/App/usb_device.o
 .debug_macro   0x00022bd1      0x17e ./USB_DEVICE/App/usb_device.o
 .debug_macro   0x00022d4f       0x22 ./USB_DEVICE/App/usb_device.o
 .debug_macro   0x00022d71       0x16 ./USB_DEVICE/App/usb_device.o
 .debug_macro   0x00022d87      0x391 ./USB_DEVICE/App/usbd_cdc_if.o
 .debug_macro   0x00023118      0x3b0 ./USB_DEVICE/App/usbd_desc.o
 .debug_macro   0x000234c8       0x1c ./USB_DEVICE/App/usbd_desc.o
 .debug_macro   0x000234e4      0x38a ./USB_DEVICE/Target/usbd_conf.o

.debug_line     0x00000000    0x14b27
 .debug_line    0x00000000      0xc01 ./Core/Src/main.o
 .debug_line    0x00000c01      0x7b2 ./Core/Src/stm32f4xx_hal_msp.o
 .debug_line    0x000013b3      0x840 ./Core/Src/stm32f4xx_it.o
 .debug_line    0x00001bf3      0x7ef ./Core/Src/system_stm32f4xx.o
 .debug_line    0x000023e2       0x7a ./Core/Startup/startup_stm32f407vgtx.o
 .debug_line    0x0000245c      0xa6b ./Drivers/STM32F4xx_HAL_Driver/Src/stm32f4xx_hal.o
 .debug_line    0x00002ec7      0xd3b ./Drivers/STM32F4xx_HAL_Driver/Src/stm32f4xx_hal_cortex.o
 .debug_line    0x00003c02      0xbc3 ./Drivers/STM32F4xx_HAL_Driver/Src/stm32f4xx_hal_gpio.o
 .debug_line    0x000047c5     0x14b6 ./Drivers/STM32F4xx_HAL_Driver/Src/stm32f4xx_hal_pcd.o
 .debug_line    0x00005c7b      0x834 ./Drivers/STM32F4xx_HAL_Driver/Src/stm32f4xx_hal_pcd_ex.o
 .debug_line    0x000064af      0xe7a ./Drivers/STM32F4xx_HAL_Driver/Src/stm32f4xx_hal_rcc.o
 .debug_line    0x00007329     0x37e0 ./Drivers/STM32F4xx_HAL_Driver/Src/stm32f4xx_hal_tim.o
 .debug_line    0x0000ab09     0x19cb ./Drivers/STM32F4xx_HAL_Driver/Src/stm32f4xx_hal_tim_ex.o
 .debug_line    0x0000c4d4     0x1d9f ./Drivers/STM32F4xx_HAL_Driver/Src/stm32f4xx_ll_usb.o
 .debug_line    0x0000e273      0xed9 ./Middlewares/ST/STM32_USB_Device_Library/Class/CDC/Src/usbd_cdc.o
 .debug_line    0x0000f14c      0xf91 ./Middlewares/ST/STM32_USB_Device_Library/Core/Src/usbd_core.o
 .debug_line    0x000100dd     0x1153 ./Middlewares/ST/STM32_USB_Device_Library/Core/Src/usbd_ctlreq.o
 .debug_line    0x00011230      0xa98 ./Middlewares/ST/STM32_USB_Device_Library/Core/Src/usbd_ioreq.o
 .debug_line    0x00011cc8      0xa5e ./USB_DEVICE/App/usb_device.o
 .debug_line    0x00012726      0xab5 ./USB_DEVICE/App/usbd_cdc_if.o
 .debug_line    0x000131db      0xb07 ./USB_DEVICE/App/usbd_desc.o
 .debug_line    0x00013ce2      0xe45 ./USB_DEVICE/Target/usbd_conf.o

.debug_str      0x00000000    0xccf7e
 .debug_str     0x00000000    0xccf7e ./Core/Src/main.o
                              0xc8ace (size before relaxing)
 .debug_str     0x000ccf7e        0x0 ./Core/Src/stm32f4xx_hal_msp.o
                              0xc4064 (size before relaxing)
 .debug_str     0x000ccf7e        0x0 ./Core/Src/stm32f4xx_it.o
                              0xc3ea9 (size before relaxing)
 .debug_str     0x000ccf7e        0x0 ./Core/Src/system_stm32f4xx.o
                              0xc35b5 (size before relaxing)
 .debug_str     0x000ccf7e        0x0 ./Core/Startup/startup_stm32f407vgtx.o
                                 0x79 (size before relaxing)
 .debug_str     0x000ccf7e        0x0 ./Drivers/STM32F4xx_HAL_Driver/Src/stm32f4xx_hal.o
                              0xc4139 (size before relaxing)
 .debug_str     0x000ccf7e        0x0 ./Drivers/STM32F4xx_HAL_Driver/Src/stm32f4xx_hal_cortex.o
                              0xc3eb5 (size before relaxing)
 .debug_str     0x000ccf7e        0x0 ./Drivers/STM32F4xx_HAL_Driver/Src/stm32f4xx_hal_gpio.o
                              0xc3730 (size before relaxing)
 .debug_str     0x000ccf7e        0x0 ./Drivers/STM32F4xx_HAL_Driver/Src/stm32f4xx_hal_pcd.o
                              0xc4093 (size before relaxing)
 .debug_str     0x000ccf7e        0x0 ./Drivers/STM32F4xx_HAL_Driver/Src/stm32f4xx_hal_pcd_ex.o
                              0xc3983 (size before relaxing)
 .debug_str     0x000ccf7e        0x0 ./Drivers/STM32F4xx_HAL_Driver/Src/stm32f4xx_hal_rcc.o
                              0xc39e9 (size before relaxing)
 .debug_str     0x000ccf7e        0x0 ./Drivers/STM32F4xx_HAL_Driver/Src/stm32f4xx_hal_tim.o
                              0xc493f (size before relaxing)
 .debug_str     0x000ccf7e        0x0 ./Drivers/STM32F4xx_HAL_Driver/Src/stm32f4xx_hal_tim_ex.o
                              0xc414b (size before relaxing)
 .debug_str     0x000ccf7e        0x0 ./Drivers/STM32F4xx_HAL_Driver/Src/stm32f4xx_ll_usb.o
                              0xc3f6e (size before relaxing)
 .debug_str     0x000ccf7e        0x0 ./Middlewares/ST/STM32_USB_Device_Library/Class/CDC/Src/usbd_cdc.o
                              0xc8c1c (size before relaxing)
 .debug_str     0x000ccf7e        0x0 ./Middlewares/ST/STM32_USB_Device_Library/Core/Src/usbd_core.o
                              0xc8575 (size before relaxing)
 .debug_str     0x000ccf7e        0x0 ./Middlewares/ST/STM32_USB_Device_Library/Core/Src/usbd_ctlreq.o
                              0xc83a0 (size before relaxing)
 .debug_str     0x000ccf7e        0x0 ./Middlewares/ST/STM32_USB_Device_Library/Core/Src/usbd_ioreq.o
                              0xc8275 (size before relaxing)
 .debug_str     0x000ccf7e        0x0 ./USB_DEVICE/App/usb_device.o
                              0xc8628 (size before relaxing)
 .debug_str     0x000ccf7e        0x0 ./USB_DEVICE/App/usbd_cdc_if.o
                              0xc8672 (size before relaxing)
 .debug_str     0x000ccf7e        0x0 ./USB_DEVICE/App/usbd_desc.o
                              0xc816d (size before relaxing)
 .debug_str     0x000ccf7e        0x0 ./USB_DEVICE/Target/usbd_conf.o
                              0xc946a (size before relaxing)

.comment        0x00000000       0x43
 .comment       0x00000000       0x43 ./Core/Src/main.o
                                 0x44 (size before relaxing)
 .comment       0x00000043        0x0 ./Core/Src/stm32f4xx_hal_msp.o
                                 0x44 (size before relaxing)
 .comment       0x00000043        0x0 ./Core/Src/stm32f4xx_it.o
                                 0x44 (size before relaxing)
 .comment       0x00000043        0x0 ./Core/Src/system_stm32f4xx.o
                                 0x44 (size before relaxing)
 .comment       0x00000043        0x0 ./Drivers/STM32F4xx_HAL_Driver/Src/stm32f4xx_hal.o
                                 0x44 (size before relaxing)
 .comment       0x00000043        0x0 ./Drivers/STM32F4xx_HAL_Driver/Src/stm32f4xx_hal_cortex.o
                                 0x44 (size before relaxing)
 .comment       0x00000043        0x0 ./Drivers/STM32F4xx_HAL_Driver/Src/stm32f4xx_hal_gpio.o
                                 0x44 (size before relaxing)
 .comment       0x00000043        0x0 ./Drivers/STM32F4xx_HAL_Driver/Src/stm32f4xx_hal_pcd.o
                                 0x44 (size before relaxing)
 .comment       0x00000043        0x0 ./Drivers/STM32F4xx_HAL_Driver/Src/stm32f4xx_hal_pcd_ex.o
                                 0x44 (size before relaxing)
 .comment       0x00000043        0x0 ./Drivers/STM32F4xx_HAL_Driver/Src/stm32f4xx_hal_rcc.o
                                 0x44 (size before relaxing)
 .comment       0x00000043        0x0 ./Drivers/STM32F4xx_HAL_Driver/Src/stm32f4xx_hal_tim.o
                                 0x44 (size before relaxing)
 .comment       0x00000043        0x0 ./Drivers/STM32F4xx_HAL_Driver/Src/stm32f4xx_hal_tim_ex.o
                                 0x44 (size before relaxing)
 .comment       0x00000043        0x0 ./Drivers/STM32F4xx_HAL_Driver/Src/stm32f4xx_ll_usb.o
                                 0x44 (size before relaxing)
 .comment       0x00000043        0x0 ./Middlewares/ST/STM32_USB_Device_Library/Class/CDC/Src/usbd_cdc.o
                                 0x44 (size before relaxing)
 .comment       0x00000043        0x0 ./Middlewares/ST/STM32_USB_Device_Library/Core/Src/usbd_core.o
                                 0x44 (size before relaxing)
 .comment       0x00000043        0x0 ./Middlewares/ST/STM32_USB_Device_Library/Core/Src/usbd_ctlreq.o
                                 0x44 (size before relaxing)
 .comment       0x00000043        0x0 ./Middlewares/ST/STM32_USB_Device_Library/Core/Src/usbd_ioreq.o
                                 0x44 (size before relaxing)
 .comment       0x00000043        0x0 ./USB_DEVICE/App/usb_device.o
                                 0x44 (size before relaxing)
 .comment       0x00000043        0x0 ./USB_DEVICE/App/usbd_cdc_if.o
                                 0x44 (size before relaxing)
 .comment       0x00000043        0x0 ./USB_DEVICE/App/usbd_desc.o
                                 0x44 (size before relaxing)
 .comment       0x00000043        0x0 ./USB_DEVICE/Target/usbd_conf.o
                                 0x44 (size before relaxing)

.debug_frame    0x00000000     0x4540
 .debug_frame   0x00000000       0xbc ./Core/Src/main.o
 .debug_frame   0x000000bc       0x84 ./Core/Src/stm32f4xx_hal_msp.o
 .debug_frame   0x00000140      0x120 ./Core/Src/stm32f4xx_it.o
 .debug_frame   0x00000260       0x58 ./Core/Src/system_stm32f4xx.o
 .debug_frame   0x000002b8      0x374 ./Drivers/STM32F4xx_HAL_Driver/Src/stm32f4xx_hal.o
 .debug_frame   0x0000062c      0x508 ./Drivers/STM32F4xx_HAL_Driver/Src/stm32f4xx_hal_cortex.o
 .debug_frame   0x00000b34      0x14c ./Drivers/STM32F4xx_HAL_Driver/Src/stm32f4xx_hal_gpio.o
 .debug_frame   0x00000c80      0x5b8 ./Drivers/STM32F4xx_HAL_Driver/Src/stm32f4xx_hal_pcd.o
 .debug_frame   0x00001238       0xb0 ./Drivers/STM32F4xx_HAL_Driver/Src/stm32f4xx_hal_pcd_ex.o
 .debug_frame   0x000012e8      0x1f4 ./Drivers/STM32F4xx_HAL_Driver/Src/stm32f4xx_hal_rcc.o
 .debug_frame   0x000014dc     0x11c0 ./Drivers/STM32F4xx_HAL_Driver/Src/stm32f4xx_hal_tim.o
 .debug_frame   0x0000269c      0x638 ./Drivers/STM32F4xx_HAL_Driver/Src/stm32f4xx_hal_tim_ex.o
 .debug_frame   0x00002cd4      0x7c0 ./Drivers/STM32F4xx_HAL_Driver/Src/stm32f4xx_ll_usb.o
 .debug_frame   0x00003494      0x23c ./Middlewares/ST/STM32_USB_Device_Library/Class/CDC/Src/usbd_cdc.o
 .debug_frame   0x000036d0      0x390 ./Middlewares/ST/STM32_USB_Device_Library/Core/Src/usbd_core.o
 .debug_frame   0x00003a60      0x23c ./Middlewares/ST/STM32_USB_Device_Library/Core/Src/usbd_ctlreq.o
 .debug_frame   0x00003c9c      0x10c ./Middlewares/ST/STM32_USB_Device_Library/Core/Src/usbd_ioreq.o
 .debug_frame   0x00003da8       0x2c ./USB_DEVICE/App/usb_device.o
 .debug_frame   0x00003dd4       0xe4 ./USB_DEVICE/App/usbd_cdc_if.o
 .debug_frame   0x00003eb8      0x160 ./USB_DEVICE/App/usbd_desc.o
 .debug_frame   0x00004018      0x47c ./USB_DEVICE/Target/usbd_conf.o
 .debug_frame   0x00004494       0x20 C:/ST/STM32CubeIDE_2.0.0/STM32CubeIDE/plugins/com.st.stm32cube.ide.mcu.externaltools.gnu-tools-for-stm32.13.3.rel1.win32_1.0.100.202509120712/tools/bin/../lib/gcc/arm-none-eabi/13.3.1/../../../../arm-none-eabi/lib/thumb/v7e-m+fp/hard\libc_nano.a(libc_a-memset.o)
 .debug_frame   0x000044b4       0x2c C:/ST/STM32CubeIDE_2.0.0/STM32CubeIDE/plugins/com.st.stm32cube.ide.mcu.externaltools.gnu-tools-for-stm32.13.3.rel1.win32_1.0.100.202509120712/tools/bin/../lib/gcc/arm-none-eabi/13.3.1/../../../../arm-none-eabi/lib/thumb/v7e-m+fp/hard\libc_nano.a(libc_a-init.o)
 .debug_frame   0x000044e0       0x2c C:/ST/STM32CubeIDE_2.0.0/STM32CubeIDE/plugins/com.st.stm32cube.ide.mcu.externaltools.gnu-tools-for-stm32.13.3.rel1.win32_1.0.100.202509120712/tools/bin/../lib/gcc/arm-none-eabi/13.3.1/thumb/v7e-m+fp/hard\libgcc.a(_aeabi_uldivmod.o)
 .debug_frame   0x0000450c       0x34 C:/ST/STM32CubeIDE_2.0.0/STM32CubeIDE/plugins/com.st.stm32cube.ide.mcu.externaltools.gnu-tools-for-stm32.13.3.rel1.win32_1.0.100.202509120712/tools/bin/../lib/gcc/arm-none-eabi/13.3.1/thumb/v7e-m+fp/hard\libgcc.a(_udivmoddi4.o)

.debug_line_str
                0x00000000       0x5d
 .debug_line_str
                0x00000000       0x5d ./Core/Startup/startup_stm32f407vgtx.o
