../Core/Src/main.c:92:5:main	56	static,ignoring_inline_asm
../Core/Src/main.c:181:6:SystemClock_Config	88	static
../Core/Src/main.c:229:13:MX_RTC_Init	8	static
../Core/Src/main.c:264:13:MX_USART2_UART_Init	8	static
../Core/Src/main.c:297:13:MX_GPIO_Init	56	static
../Core/Src/main.c:438:6:rtc_report_callback	16	static
../Core/Src/main.c:445:6:led_effect_callback	24	static
../Core/Src/main.c:470:6:HAL_UART_RxCpltCallback	32	static
../Core/Src/main.c:511:6:HAL_TIM_PeriodElapsedCallback	16	static
../Core/Src/main.c:529:6:Error_Handler	4	static,ignoring_inline_asm
